<html>
<body>
<pre>
<h1>µVision Build Log</h1>
<h2>Tool Versions:</h2>
IDE-Version: µVision V5.12.0.0
Copyright (C) 2014 ARM Ltd and ARM Germany GmbH. All rights reserved.
License Information: Dave Blevins, Safe / Secure / Systems, LIC=----
 
Tool Versions:
Toolchain:       MDK-Lite  Version: 5.12.0.0
Toolchain Path:  C:\Keil_v5\ARM\ARMCC\Bin
C Compiler:      Armcc.exe V5.05 (build 41)
Assembler:       Armasm.exe V5.05 (build 41)
Linker/Locator:  ArmLink.exe V5.05 (build 41)
Library Manager: ArmAr.exe V5.05 (build 41)
Hex Converter:   FromElf.exe V5.05 (build 41)
CPU DLL:         SARMCM3.DLL V5.12.0.0
Dialog DLL:      DARMP1.DLL V1.25.0.0
    Target DLL: AGDIRDI.DLL
Dialog DLL:      TARMP1.DLL V1.24.0.0
 
<h2>Project:</h2>
C:\Users\Dave\Documents\GitHub\e4357\Mbed\Blinky.uvproj
Project File Date:  10/22/2014

<h2>Output:</h2>
Build target 'mbed NXP LPC1768'
compiling main.cpp...
linking...
Program Size: Code=9440 RO-data=876 RW-data=228 ZI-data=48  
After Build - User command #1: fromelf --bin -o f:\Blinky.bin .\build\Blinky.axf
".\build\Blinky.axf" - 0 Error(s), 0 Warning(s).
</pre>
</body>
</html>
