Component: ARM Compiler 5.05 (build 41) Tool: armlink [4d0eb9]

==============================================================================

Section Cross References

    finalproject.o(.text) refers to _printf_percent.o(.ARM.Collect$$_printf_percent$$00000000) for _printf_percent
    finalproject.o(.text) refers to _printf_d.o(.ARM.Collect$$_printf_percent$$00000009) for _printf_d
    finalproject.o(.text) refers to _printf_dec.o(.text) for _printf_int_dec
    finalproject.o(.text) refers to SerialBase.o(i._ZN4mbed10SerialBase4baudEi) for mbed::SerialBase::baud(int)
    finalproject.o(.text) refers to finalproject.o(i._ZN4mbed8AnalogIncvfEv) for mbed::AnalogIn::operator float()
    finalproject.o(.text) refers to fmul.o(x$fpl$fmul) for __aeabi_fmul
    finalproject.o(.text) refers to ffix.o(x$fpl$ffix) for __aeabi_f2iz
    finalproject.o(.text) refers to __2sprintf.o(.text) for __2sprintf
    finalproject.o(.text) refers to Stream.o(i._ZN4mbed6Stream6printfEPKcz) for mbed::Stream::printf(const char*, ...)
    finalproject.o(.text) refers to Stream.o(i._ZN4mbed6Stream4putsEPKc) for mbed::Stream::puts(const char*)
    finalproject.o(.text) refers to SerialBase.o(i._ZN4mbed10SerialBase8readableEv) for mbed::SerialBase::readable()
    finalproject.o(.text) refers to Stream.o(i._ZN4mbed6Stream4getcEv) for mbed::Stream::getc()
    finalproject.o(.text) refers to finalproject.o(i._ZN4mbed10DigitalOutaSEi) for mbed::DigitalOut::operator =(int)
    finalproject.o(.text) refers to finalproject.o(i._ZN4mbed6PwmOut6periodEf) for mbed::PwmOut::period(float)
    finalproject.o(.text) refers to finalproject.o(i._ZN4mbed6PwmOutaSEf) for mbed::PwmOut::operator =(float)
    finalproject.o(.text) refers to dflt_clz.o(x$fpl$dfltu) for __aeabi_ui2d
    finalproject.o(.text) refers to daddsub_clz.o(x$fpl$dadd) for __aeabi_dadd
    finalproject.o(.text) refers to d2f.o(x$fpl$d2f) for __aeabi_d2f
    finalproject.o(.text) refers to fdiv.o(x$fpl$fdiv) for __aeabi_fdiv
    finalproject.o(.text) refers to wait_api.o(i.wait) for wait
    finalproject.o(.text) refers to Serial.o(i._ZN4mbed6SerialC1E7PinNameS1_PKc) for mbed::Serial::Serial(PinName, PinName, const char*)
    finalproject.o(.text) refers to aeabi_atexit.o(i.__aeabi_atexit) for __aeabi_atexit
    finalproject.o(.text) refers to finalproject.o(i._ZN4mbed10DigitalOutC1E7PinName) for mbed::DigitalOut::DigitalOut(PinName)
    finalproject.o(.text) refers to pwmout_api.o(i.pwmout_init) for pwmout_init
    finalproject.o(.text) refers to analogin_api.o(i.analogin_init) for analogin_init
    finalproject.o(.text) refers to finalproject.o(.bss) for bluetooth
    finalproject.o(.text) refers to finalproject.o(.data) for bendy
    finalproject.o(.text) refers to Serial.o(i._ZN4mbed6SerialD1Ev) for mbed::Serial::~Serial()
    finalproject.o(.ARM.exidx) refers to finalproject.o(.text) for .text
    finalproject.o(.init_array) refers to finalproject.o(.text) for __sti___16_finalProject_cpp_pc
    finalproject.o(.init_array) refers to init_aeabi.o(.text) for __cpp_initialize__aeabi_
    tmp006.o(.text) refers to I2C.o(i._ZN4mbed3I2CC1E7PinNameS1_) for mbed::I2C::I2C(PinName, PinName)
    tmp006.o(.text) refers to I2C.o(i._ZN4mbed3I2C5writeEiPKcib) for mbed::I2C::write(int, const char*, int, bool)
    tmp006.o(.text) refers to I2C.o(i._ZN4mbed3I2C4readEiPcib) for mbed::I2C::read(int, char*, int, bool)
    tmp006.o(.text) refers to dflt_clz.o(x$fpl$dflt) for __aeabi_i2d
    tmp006.o(.text) refers to dmul.o(x$fpl$dmul) for __aeabi_dmul
    tmp006.o(.text) refers to ddiv.o(x$fpl$ddiv) for __aeabi_ddiv
    tmp006.o(.text) refers to daddsub_clz.o(x$fpl$dadd) for __aeabi_dadd
    tmp006.o(.text) refers to daddsub_clz.o(x$fpl$dsub) for __aeabi_dsub
    tmp006.o(.text) refers to sqrt.o(i.sqrt) for sqrt
    tmp006.o(.ARM.exidx) refers to tmp006.o(.text) for .text
    retarget.o(i.$Sub$$main) refers to retarget.o(i.mbed_sdk_init) for mbed_sdk_init
    retarget.o(i.$Sub$$main) refers to retarget.o(i.mbed_main) for mbed_main
    retarget.o(i.$Sub$$main) refers to finalproject.o(.text) for $Super$$main
    retarget.o(i._ZN4mbed10FileHandleD0Ev) refers to delete.o(i._ZdlPv) for operator delete (void*)
    retarget.o(i._ZN4mbed10FileHandleD0Ev) refers to retarget.o(.constdata__ZTVN4mbed10FileHandleE) for vtable for mbed::FileHandle
    retarget.o(i._ZN4mbed10FileHandleD0Ev) refers to retarget.o(.bss) for .bss
    retarget.o(i._ZN4mbed10FileHandleD2Ev) refers to retarget.o(.constdata__ZTVN4mbed10FileHandleE) for vtable for mbed::FileHandle
    retarget.o(i._ZN4mbed10FileHandleD2Ev) refers to retarget.o(.bss) for .bss
    retarget.o(i._sys_close) refers to retarget.o(.bss) for .bss
    retarget.o(i._sys_ensure) refers to retarget.o(.bss) for .bss
    retarget.o(i._sys_flen) refers to retarget.o(.bss) for .bss
    retarget.o(i._sys_istty) refers to retarget.o(.bss) for .bss
    retarget.o(i._sys_open) refers to _scanf_int.o(.text) for _scanf_int
[...]
    _printf_o                                0x00000179   Thumb Code     0  _printf_o.o(.ARM.Collect$$_printf_percent$$0000000B)
    _printf_x                                0x0000017f   Thumb Code     0  _printf_x.o(.ARM.Collect$$_printf_percent$$0000000C)
    _printf_lli                              0x00000185   Thumb Code     0  _printf_lli.o(.ARM.Collect$$_printf_percent$$0000000D)
    _printf_lld                              0x0000018b   Thumb Code     0  _printf_lld.o(.ARM.Collect$$_printf_percent$$0000000E)
    _printf_llu                              0x00000191   Thumb Code     0  _printf_llu.o(.ARM.Collect$$_printf_percent$$0000000F)
    _printf_llo                              0x00000197   Thumb Code     0  _printf_llo.o(.ARM.Collect$$_printf_percent$$00000010)
    _printf_llx                              0x0000019d   Thumb Code     0  _printf_llx.o(.ARM.Collect$$_printf_percent$$00000011)
    _printf_l                                0x000001a3   Thumb Code     0  _printf_l.o(.ARM.Collect$$_printf_percent$$00000012)
    _printf_c                                0x000001ad   Thumb Code     0  _printf_c.o(.ARM.Collect$$_printf_percent$$00000013)
    _printf_s                                0x000001b3   Thumb Code     0  _printf_s.o(.ARM.Collect$$_printf_percent$$00000014)
    _printf_lc                               0x000001b9   Thumb Code     0  _printf_lc.o(.ARM.Collect$$_printf_percent$$00000015)
    _printf_ls                               0x000001bf   Thumb Code     0  _printf_ls.o(.ARM.Collect$$_printf_percent$$00000016)
    _printf_percent_end                      0x000001c5   Thumb Code     0  _printf_percent_end.o(.ARM.Collect$$_printf_percent$$00000017)
    __rt_lib_init                            0x000001c9   Thumb Code     0  libinit.o(.ARM.Collect$$libinit$$00000000)
    __rt_lib_init_fp_1                       0x000001cb   Thumb Code     0  libinit2.o(.ARM.Collect$$libinit$$00000002)
    __rt_lib_init_heap_2                     0x000001cb   Thumb Code     0  libinit2.o(.ARM.Collect$$libinit$$00000005)
    __rt_lib_init_preinit_1                  0x000001cb   Thumb Code     0  libinit2.o(.ARM.Collect$$libinit$$00000004)
    __rt_lib_init_heap_1                     0x000001d3   Thumb Code     0  libinit2.o(.ARM.Collect$$libinit$$0000000A)
    __rt_lib_init_lc_common                  0x000001d3   Thumb Code     0  libinit2.o(.ARM.Collect$$libinit$$0000000F)
    __rt_lib_init_rand_1                     0x000001d3   Thumb Code     0  libinit2.o(.ARM.Collect$$libinit$$0000000E)
    __rt_lib_init_user_alloc_1               0x000001d3   Thumb Code     0  libinit2.o(.ARM.Collect$$libinit$$0000000C)
    __rt_lib_init_lc_collate_1               0x000001d9   Thumb Code     0  libinit2.o(.ARM.Collect$$libinit$$00000011)
    __rt_lib_init_lc_ctype_2                 0x000001d9   Thumb Code     0  libinit2.o(.ARM.Collect$$libinit$$00000012)
    __rt_lib_init_lc_ctype_1                 0x000001e5   Thumb Code     0  libinit2.o(.ARM.Collect$$libinit$$00000013)
    __rt_lib_init_lc_monetary_1              0x000001e5   Thumb Code     0  libinit2.o(.ARM.Collect$$libinit$$00000015)
    __rt_lib_init_lc_numeric_2               0x000001e5   Thumb Code     0  libinit2.o(.ARM.Collect$$libinit$$00000016)
    __rt_lib_init_atexit_1                   0x000001ef   Thumb Code     0  libinit2.o(.ARM.Collect$$libinit$$0000001B)
    __rt_lib_init_clock_1                    0x000001ef   Thumb Code     0  libinit2.o(.ARM.Collect$$libinit$$00000021)
    __rt_lib_init_fp_trap_1                  0x000001ef   Thumb Code     0  libinit2.o(.ARM.Collect$$libinit$$0000001F)
    __rt_lib_init_getenv_1                   0x000001ef   Thumb Code     0  libinit2.o(.ARM.Collect$$libinit$$00000023)
    __rt_lib_init_lc_numeric_1               0x000001ef   Thumb Code     0  libinit2.o(.ARM.Collect$$libinit$$00000017)
    __rt_lib_init_lc_time_1                  0x000001ef   Thumb Code     0  libinit2.o(.ARM.Collect$$libinit$$00000019)
    __rt_lib_init_signal_1                   0x000001ef   Thumb Code     0  libinit2.o(.ARM.Collect$$libinit$$0000001D)
    __rt_lib_init_stdio_2                    0x000001ef   Thumb Code     0  libinit2.o(.ARM.Collect$$libinit$$00000024)
    __rt_lib_init_alloca_1                   0x000001f3   Thumb Code     0  libinit2.o(.ARM.Collect$$libinit$$0000002E)
    __rt_lib_init_argv_1                     0x000001f3   Thumb Code     0  libinit2.o(.ARM.Collect$$libinit$$0000002C)
    __rt_lib_init_cpp_2                      0x000001f3   Thumb Code     0  libinit2.o(.ARM.Collect$$libinit$$00000031)
    __rt_lib_init_exceptions_1               0x000001f3   Thumb Code     0  libinit2.o(.ARM.Collect$$libinit$$00000030)
    __rt_lib_init_stdio_1                    0x000001f3   Thumb Code     0  libinit2.o(.ARM.Collect$$libinit$$00000025)
    __rt_lib_init_cpp_1                      0x000001f7   Thumb Code     0  libinit2.o(.ARM.Collect$$libinit$$00000032)
    __rt_lib_init_return                     0x000001f7   Thumb Code     0  libinit2.o(.ARM.Collect$$libinit$$00000033)
    __rt_lib_shutdown_cpp_1                  0x000001f9   Thumb Code     0  libshutdown2.o(.ARM.Collect$$libshutdown$$00000001)
    __rt_entry                               0x000001ff   Thumb Code     0  __rtentry.o(.ARM.Collect$$rtentry$$00000000)
    __rt_entry_presh_1                       0x000001ff   Thumb Code     0  __rtentry2.o(.ARM.Collect$$rtentry$$00000002)
    __rt_entry_sh                            0x000001ff   Thumb Code     0  __rtentry4.o(.ARM.Collect$$rtentry$$00000004)
    __rt_lib_shutdown_stdio_2                0x000001ff   Thumb Code     0  libshutdown2.o(.ARM.Collect$$libshutdown$$00000003)
    __rt_entry_li                            0x00000205   Thumb Code     0  __rtentry2.o(.ARM.Collect$$rtentry$$0000000A)
    __rt_entry_postsh_1                      0x00000205   Thumb Code     0  __rtentry2.o(.ARM.Collect$$rtentry$$00000009)
    __rt_entry_main                          0x00000209   Thumb Code     0  __rtentry2.o(.ARM.Collect$$rtentry$$0000000D)
    __rt_entry_postli_1                      0x00000209   Thumb Code     0  __rtentry2.o(.ARM.Collect$$rtentry$$0000000C)
    Reset_Handler                            0x00000211   Thumb Code     8  startup_LPC17xx.o(.text)
    _maybe_terminate_alloc                   0x00000211   Thumb Code     0  maybetermalloc1.o(.emb_text)
    NMI_Handler                              0x00000219   Thumb Code     2  startup_LPC17xx.o(.text)
    HardFault_Handler                        0x0000021b   Thumb Code     2  startup_LPC17xx.o(.text)
    MemManage_Handler                        0x0000021d   Thumb Code     2  startup_LPC17xx.o(.text)
    BusFault_Handler                         0x0000021f   Thumb Code     2  startup_LPC17xx.o(.text)
    UsageFault_Handler                       0x00000221   Thumb Code     2  startup_LPC17xx.o(.text)
    SVC_Handler                              0x00000223   Thumb Code     2  startup_LPC17xx.o(.text)
    DebugMon_Handler                         0x00000225   Thumb Code     2  startup_LPC17xx.o(.text)
    PendSV_Handler                           0x00000227   Thumb Code     2  startup_LPC17xx.o(.text)
    SysTick_Handler                          0x00000229   Thumb Code     2  startup_LPC17xx.o(.text)
    ADC_IRQHandler                           0x0000022b   Thumb Code     0  startup_LPC17xx.o(.text)
    BOD_IRQHandler                           0x0000022b   Thumb Code     0  startup_LPC17xx.o(.text)
    CAN_IRQHandler                           0x0000022b   Thumb Code     0  startup_LPC17xx.o(.text)
    DMA_IRQHandler                           0x0000022b   Thumb Code     0  startup_LPC17xx.o(.text)
    EINT0_IRQHandler                         0x0000022b   Thumb Code     0  startup_LPC17xx.o(.text)
    EINT1_IRQHandler                         0x0000022b   Thumb Code     0  startup_LPC17xx.o(.text)
    EINT2_IRQHandler                         0x0000022b   Thumb Code     0  startup_LPC17xx.o(.text)
    EINT3_IRQHandler                         0x0000022b   Thumb Code     0  startup_LPC17xx.o(.text)
    ENET_IRQHandler                          0x0000022b   Thumb Code     0  startup_LPC17xx.o(.text)
    I2C0_IRQHandler                          0x0000022b   Thumb Code     0  startup_LPC17xx.o(.text)
    I2C1_IRQHandler                          0x0000022b   Thumb Code     0  startup_LPC17xx.o(.text)
    I2C2_IRQHandler                          0x0000022b   Thumb Code     0  startup_LPC17xx.o(.text)
    I2S_IRQHandler                           0x0000022b   Thumb Code     0  startup_LPC17xx.o(.text)
    MCPWM_IRQHandler                         0x0000022b   Thumb Code     0  startup_LPC17xx.o(.text)
    PLL0_IRQHandler                          0x0000022b   Thumb Code     0  startup_LPC17xx.o(.text)
    PLL1_IRQHandler                          0x0000022b   Thumb Code     0  startup_LPC17xx.o(.text)
    PWM1_IRQHandler                          0x0000022b   Thumb Code     0  startup_LPC17xx.o(.text)
    QEI_IRQHandler                           0x0000022b   Thumb Code     0  startup_LPC17xx.o(.text)
    RIT_IRQHandler                           0x0000022b   Thumb Code     0  startup_LPC17xx.o(.text)
    RTC_IRQHandler                           0x0000022b   Thumb Code     0  startup_LPC17xx.o(.text)
    SPI_IRQHandler                           0x0000022b   Thumb Code     0  startup_LPC17xx.o(.text)
    SSP0_IRQHandler                          0x0000022b   Thumb Code     0  startup_LPC17xx.o(.text)
    SSP1_IRQHandler                          0x0000022b   Thumb Code     0  startup_LPC17xx.o(.text)
    TIMER0_IRQHandler                        0x0000022b   Thumb Code     0  startup_LPC17xx.o(.text)
    TIMER1_IRQHandler                        0x0000022b   Thumb Code     0  startup_LPC17xx.o(.text)
    TIMER2_IRQHandler                        0x0000022b   Thumb Code     0  startup_LPC17xx.o(.text)
    TIMER3_IRQHandler                        0x0000022b   Thumb Code     0  startup_LPC17xx.o(.text)
    UART0_IRQHandler                         0x0000022b   Thumb Code     0  startup_LPC17xx.o(.text)
    UART1_IRQHandler                         0x0000022b   Thumb Code     0  startup_LPC17xx.o(.text)
    UART2_IRQHandler                         0x0000022b   Thumb Code     0  startup_LPC17xx.o(.text)
    UART3_IRQHandler                         0x0000022b   Thumb Code     0  startup_LPC17xx.o(.text)
    USB_IRQHandler                           0x0000022b   Thumb Code     0  startup_LPC17xx.o(.text)
    WDT_IRQHandler                           0x0000022b   Thumb Code     0  startup_LPC17xx.o(.text)
    vfprintf                                 0x00000235   Thumb Code    10  vfprintf.o(.text)
    __c89vfprintf                            0x0000023f   Thumb Code    10  c89vfprintf.o(.text)
    __2fprintf                               0x00000249   Thumb Code    20  __2fprintf.o(.text)
    __2sprintf                               0x0000025d   Thumb Code    38  __2sprintf.o(.text)
    _printf_str                              0x00000289   Thumb Code    82  _printf_str.o(.text)
    fputs                                    0x000002db   Thumb Code    34  fputs.o(.text)
    $Super$$main                             0x00000301   Thumb Code   422  finalproject.o(.text)
    _printf_int_dec                          0x00000595   Thumb Code   104  _printf_dec.o(.text)
    _printf_longlong_hex                     0x0000060d   Thumb Code    86  _printf_hex_int_ll_ptr.o(.text)
    _printf_int_hex                          0x00000663   Thumb Code    28  _printf_hex_int_ll_ptr.o(.text)
    _printf_ll_hex                           0x0000067f   Thumb Code    12  _printf_hex_int_ll_ptr.o(.text)
    _printf_hex_ptr                          0x0000068b   Thumb Code    18  _printf_hex_int_ll_ptr.o(.text)
    __printf                                 0x000006a1   Thumb Code   388  __printf_flags_ss_wp.o(.text)
    __0sscanf                                0x00000829   Thumb Code    52  __0sscanf.o(.text)
    _scanf_int                               0x00000865   Thumb Code   332  _scanf_int.o(.text)
    _do_fflush                               0x000009b1   Thumb Code    54  fflush.o(.text)
    fflush                                   0x000009e7   Thumb Code    42  fflush.o(.text)
    freopen                                  0x00000a15   Thumb Code   158  fopen.o(.text)
    fopen                                    0x00000ab3   Thumb Code    74  fopen.o(.text)
    setbuf                                   0x00000b01   Thumb Code    20  setbuf.o(.text)
    _fclose_internal                         0x00000b15   Thumb Code    76  fclose.o(.text)
    fclose                                   0x00000b15   Thumb Code     0  fclose.o(.text)
    strlen                                   0x00000b61   Thumb Code    62  strlen.o(.text)
    strncmp                                  0x00000b9f   Thumb Code   150  strncmp.o(.text)
    __aeabi_memmove4                         0x00000c35   Thumb Code     0  rt_memmove_w.o(.text)
    __aeabi_memmove8                         0x00000c35   Thumb Code     0  rt_memmove_w.o(.text)
    __rt_memmove_w                           0x00000c35   Thumb Code   122  rt_memmove_w.o(.text)
    __memmove_aligned                        0x00000c5b   Thumb Code     0  rt_memmove_w.o(.text)
    __memmove_lastfew_aligned                0x00000c93   Thumb Code     0  rt_memmove_w.o(.text)
    __aeabi_memclr4                          0x00000caf   Thumb Code     0  rt_memclr_w.o(.text)
    __aeabi_memclr8                          0x00000caf   Thumb Code     0  rt_memclr_w.o(.text)
    __rt_memclr_w                            0x00000caf   Thumb Code    78  rt_memclr_w.o(.text)
    _memset_w                                0x00000cb3   Thumb Code     0  rt_memclr_w.o(.text)
    strcmp                                   0x00000cfd   Thumb Code   128  strcmpv7m.o(.text)
    __cpp_initialize__aeabi_                 0x00000d7d   Thumb Code    26  init_aeabi.o(.text)
    __rt_ddtor_pointer_addr                  0x00000da1   Thumb Code     8  rt_ddtor_pointer_addr.o(.text)
    malloc                                   0x00000da9   Thumb Code    94  h1_alloc.o(.text)
    free                                     0x00000e07   Thumb Code    78  h1_free.o(.text)
    _printf_pre_padding                      0x00000e55   Thumb Code    44  _printf_pad.o(.text)
    _printf_post_padding                     0x00000e81   Thumb Code    34  _printf_pad.o(.text)
    _printf_truncate_signed                  0x00000ea3   Thumb Code    18  _printf_truncate.o(.text)
    _printf_truncate_unsigned                0x00000eb5   Thumb Code    18  _printf_truncate.o(.text)
    _printf_int_common                       0x00000ec7   Thumb Code   178  _printf_intcommon.o(.text)
    _printf_charcount                        0x00000f79   Thumb Code    40  _printf_charcount.o(.text)
    _printf_char_common                      0x00000fab   Thumb Code    32  _printf_char_common.o(.text)
    _sputc                                   0x00000fd1   Thumb Code    10  _sputc.o(.text)
    _printf_cs_common                        0x00000fdb   Thumb Code    20  _printf_char.o(.text)
    _printf_char                             0x00000fef   Thumb Code    16  _printf_char.o(.text)
    _printf_string                           0x00000fff   Thumb Code     8  _printf_char.o(.text)
    _printf_char_file                        0x00001009   Thumb Code    32  _printf_char_file.o(.text)
    _printf_wctomb                           0x0000102d   Thumb Code   182  _printf_wctomb.o(.text)
    _printf_longlong_dec                     0x000010e9   Thumb Code   108  _printf_longlong_dec.o(.text)
    _printf_longlong_oct                     0x00001165   Thumb Code    68  _printf_oct_int_ll.o(.text)
    _printf_int_oct                          0x000011a9   Thumb Code    24  _printf_oct_int_ll.o(.text)
    _printf_ll_oct                           0x000011c1   Thumb Code    12  _printf_oct_int_ll.o(.text)
    _chval                                   0x000011d5   Thumb Code    28  _chval.o(.text)
    __vfscanf_char                           0x000011fd   Thumb Code    24  scanf_char.o(.text)
    _sgetc                                   0x0000121d   Thumb Code    30  _sgetc.o(.text)
    _sbackspace                              0x0000123b   Thumb Code    34  _sgetc.o(.text)
    ferror                                   0x0000125d   Thumb Code     8  ferror.o(.text)
    _readbuf                                 0x00001265   Thumb Code    54  filbuf.o(.text)
    _seteof                                  0x0000129b   Thumb Code    40  filbuf.o(.text)
    __filbuf                                 0x000012c3   Thumb Code   476  filbuf.o(.text)
    __filbuf_byte                            0x000012c3   Thumb Code     0  filbuf.o(.text)
    __filbuf_wide                            0x000012c3   Thumb Code     0  filbuf.o(.text)
    __flsbuf                                 0x0000149f   Thumb Code   470  flsbuf.o(.text)
    __flsbuf_byte                            0x0000149f   Thumb Code     0  flsbuf.o(.text)
    __flsbuf_wide                            0x0000149f   Thumb Code     0  flsbuf.o(.text)
    _fseek                                   0x00001675   Thumb Code   242  fseek.o(.text)
    fseek                                    0x00001675   Thumb Code     0  fseek.o(.text)
    setvbuf                                  0x0000176d   Thumb Code    70  setvbuf.o(.text)
    _seterr                                  0x000017b5   Thumb Code    20  stdio.o(.text)
    _writebuf                                0x000017c9   Thumb Code    84  stdio.o(.text)
    _fflush                                  0x0000181d   Thumb Code    70  stdio.o(.text)
    _deferredlazyseek                        0x00001863   Thumb Code    60  stdio.o(.text)
    _initio                                  0x000018a5   Thumb Code   210  initio.o(.text)
    _terminateio                             0x00001977   Thumb Code    56  initio.o(.text)
    __rt_SIGPVFN                             0x000019dd   Thumb Code    14  defsig_pvfn_outer.o(.text)
    __aeabi_memcpy4                          0x000019eb   Thumb Code     0  rt_memcpy_w.o(.text)
    __aeabi_memcpy8                          0x000019eb   Thumb Code     0  rt_memcpy_w.o(.text)
    __rt_memcpy_w                            0x000019eb   Thumb Code   100  rt_memcpy_w.o(.text)
    _memcpy_lastbytes_aligned                0x00001a33   Thumb Code     0  rt_memcpy_w.o(.text)
    __rt_heap_descriptor                     0x00001a51   Thumb Code     8  rt_heap_descriptor.o(.text)
    __aeabi_errno_addr                       0x00001a59   Thumb Code     8  rt_errno_addr.o(.text)
    __errno                                  0x00001a59   Thumb Code     0  rt_errno_addr.o(.text)
    __rt_errno_addr                          0x00001a59   Thumb Code     0  rt_errno_addr.o(.text)
    __use_no_heap                            0x00001a61   Thumb Code     2  hguard.o(.text)
    __heap$guard                             0x00001a63   Thumb Code     2  hguard.o(.text)
    _terminate_user_alloc                    0x00001a65   Thumb Code     2  init_alloc.o(.text)
    _init_user_alloc                         0x00001a67   Thumb Code     2  init_alloc.o(.text)
    __Heap_Full                              0x00001a69   Thumb Code    34  init_alloc.o(.text)
    __Heap_Broken                            0x00001a8b   Thumb Code     6  init_alloc.o(.text)
    _init_alloc                              0x00001a91   Thumb Code    94  init_alloc.o(.text)
    __Heap_Initialize                        0x00001aef   Thumb Code    10  h1_init.o(.text)
    __Heap_DescSize                          0x00001af9   Thumb Code     4  h1_init.o(.text)
    _ll_udiv10                               0x00001afd   Thumb Code   138  lludiv10.o(.text)
    isspace                                  0x00001b87   Thumb Code    18  isspace.o(.text)
    __lib_sel_fp_printf                      0x00001b99   Thumb Code     2  _printf_fp_dec.o(.text)
    _printf_fp_dec_real                      0x00001d47   Thumb Code   620  _printf_fp_dec.o(.text)
    _printf_fp_hex_real                      0x00001fb5   Thumb Code   754  _printf_fp_hex.o(.text)
    _printf_lcs_common                       0x000022b1   Thumb Code    20  _printf_wchar.o(.text)
    _printf_wchar                            0x000022c5   Thumb Code    16  _printf_wchar.o(.text)
    _printf_wstring                          0x000022d5   Thumb Code     8  _printf_wchar.o(.text)
    __vfscanf                                0x000022dd   Thumb Code   878  _scanf.o(.text)
    _ftell_internal                          0x00002651   Thumb Code    66  ftell.o(.text)
    ftell                                    0x00002651   Thumb Code     0  ftell.o(.text)
    _flushlinebuffered                       0x00002695   Thumb Code    50  flushlinebuffered.o(.text)
    _wcrtomb                                 0x000026cd   Thumb Code    64  _wcrtomb.o(.text)
    __sig_exit                               0x0000270d   Thumb Code    10  defsig_exit.o(.text)
    __rt_SIGRTRED                            0x00002717   Thumb Code    14  defsig_rtred_outer.o(.text)
    __rt_SIGPVFN_inner                       0x00002725   Thumb Code    14  defsig_pvfn_inner.o(.text)
    _sys_exit                                0x00002755   Thumb Code     8  sys_exit.o(.text)
    __rt_ctype_table                         0x00002761   Thumb Code    16  rt_ctype_table.o(.text)
    __rt_locale                              0x00002771   Thumb Code     8  rt_locale.o(.text)
    __Heap_ProvideMemory                     0x00002779   Thumb Code    52  h1_extend.o(.text)
    _printf_fp_infnan                        0x000027ad   Thumb Code   112  _printf_fp_infnan.o(.text)
    _btod_etento                             0x0000282d   Thumb Code   216  bigflt0.o(.text)
    __default_signal_display                 0x00002909   Thumb Code    50  defsig_general.o(.text)
    __rt_SIGRTRED_inner                      0x0000293d   Thumb Code    14  defsig_rtred_inner.o(.text)
    __rt_SIGRTMEM                            0x00002971   Thumb Code    14  defsig_rtmem_outer.o(.text)
    __rt_heap_escrow                         0x00002981   Thumb Code    22  heapauxa.o(.text)
    __rt_heap_expand                         0x00002997   Thumb Code    52  heapauxa.o(.text)
    _ttywrch                                 0x000029d1   Thumb Code    14  sys_wrch.o(.text)
    __I$use$semihosting                      0x000029df   Thumb Code     0  use_no_semi.o(.text)
    __use_no_semihosting_swi                 0x000029df   Thumb Code     2  use_no_semi.o(.text)
    __rt_SIGRTMEM_inner                      0x000029e1   Thumb Code    22  defsig_rtmem_inner.o(.text)
    __semihosting_library_function           0x000029e1   Thumb Code     0  indicate_semi.o(.text)
    _btod_d2e                                0x00002a31   Thumb Code    62  btod.o(CL$$btod_d2e)
    _d2e_denorm_low                          0x00002a6f   Thumb Code    70  btod.o(CL$$btod_d2e_denorm_low)
    _d2e_norm_op1                            0x00002ab5   Thumb Code    96  btod.o(CL$$btod_d2e_norm_op1)
    __btod_div_common                        0x00002b15   Thumb Code   696  btod.o(CL$$btod_div_common)
    _e2e                                     0x00002e4d   Thumb Code   198  btod.o(CL$$btod_e2e)
    _btod_ediv                               0x00002f13   Thumb Code    40  btod.o(CL$$btod_ediv)
    _btod_emul                               0x00002f3b   Thumb Code    40  btod.o(CL$$btod_emul)
    __btod_mult_common                       0x00002f63   Thumb Code   580  btod.o(CL$$btod_mult_common)
    main                                     0x000031a7   Thumb Code    18  retarget.o(i.$Sub$$main)
    NVIC_SetVector                           0x000031c1   Thumb Code   102  cmsis_nvic.o(i.NVIC_SetVector)
    SystemInit                               0x0000322d   Thumb Code   150  system_LPC17xx.o(i.SystemInit)
    mbed::DigitalOut::write(int)             0x000032cd   Thumb Code    50  finalproject.o(i._ZN4mbed10DigitalOut5writeEi)
    mbed::DigitalOut::DigitalOut(PinName)    0x00003355   Thumb Code    26  finalproject.o(i._ZN4mbed10DigitalOutC1E7PinName)
    mbed::DigitalOut::DigitalOut__sub_object(PinName) 0x00003355   Thumb Code     0  finalproject.o(i._ZN4mbed10DigitalOutC1E7PinName)
    mbed::DigitalOut::operator =(int)        0x0000336f   Thumb Code    18  finalproject.o(i._ZN4mbed10DigitalOutaSEi)
    mbed::FileHandle::flen()                 0x00003381   Thumb Code    58  retarget.o(i._ZN4mbed10FileHandle4flenEv)
    mbed::FileHandle::~FileHandle()          0x000033bd   Thumb Code     0  retarget.o(i._ZN4mbed10FileHandleD2Ev)
    mbed::FileHandle::~FileHandle__sub_object() 0x000033bd   Thumb Code    38  retarget.o(i._ZN4mbed10FileHandleD2Ev)
    mbed::SerialBase::_base_getc()           0x000033ed   Thumb Code     6  SerialBase.o(i._ZN4mbed10SerialBase10_base_getcEv)
    mbed::SerialBase::_base_putc(int)        0x000033f3   Thumb Code    14  SerialBase.o(i._ZN4mbed10SerialBase10_base_putcEi)
    mbed::SerialBase::_irq_handler(unsigned, SerialIrq) 0x00003401   Thumb Code    14  SerialBase.o(i._ZN4mbed10SerialBase12_irq_handlerEj9SerialIrq)
    mbed::SerialBase::baud(int)              0x0000340f   Thumb Code    16  SerialBase.o(i._ZN4mbed10SerialBase4baudEi)
    mbed::SerialBase::readable()             0x0000341f   Thumb Code     6  SerialBase.o(i._ZN4mbed10SerialBase8readableEv)
    mbed::SerialBase::SerialBase(PinName, PinName) 0x00003425   Thumb Code    62  SerialBase.o(i._ZN4mbed10SerialBaseC1E7PinNameS1_)
    mbed::SerialBase::SerialBase__sub_object(PinName, PinName) 0x00003425   Thumb Code     0  SerialBase.o(i._ZN4mbed10SerialBaseC1E7PinNameS1_)
    mbed::FunctionPointer::call()            0x00003471   Thumb Code    24  FunctionPointer.o(i._ZN4mbed15FunctionPointer4callEv)
    mbed::FunctionPointer::FunctionPointer(void(*)()) 0x00003489   Thumb Code    10  FunctionPointer.o(i._ZN4mbed15FunctionPointerC1EPFvvE)
    mbed::FunctionPointer::FunctionPointer__sub_object(void(*)()) 0x00003489   Thumb Code     0  FunctionPointer.o(i._ZN4mbed15FunctionPointerC1EPFvvE)
    mbed::PwmOut::period(float)              0x00003493   Thumb Code    16  finalproject.o(i._ZN4mbed6PwmOut6periodEf)
    mbed::PwmOut::operator =(float)          0x000034a3   Thumb Code    22  finalproject.o(i._ZN4mbed6PwmOutaSEf)
    mbed::Serial::Serial(PinName, PinName, const char*) 0x000034b9   Thumb Code    32  Serial.o(i._ZN4mbed6SerialC1E7PinNameS1_PKc)
    mbed::Serial::Serial__sub_object(PinName, PinName, const char*) 0x000034b9   Thumb Code     0  Serial.o(i._ZN4mbed6SerialC1E7PinNameS1_PKc)
    mbed::Serial::~Serial()                  0x000034dd   Thumb Code    12  Serial.o(i._ZN4mbed6SerialD1Ev)
    mbed::Serial::~Serial__sub_object()      0x000034dd   Thumb Code     0  Serial.o(i._ZN4mbed6SerialD1Ev)
    mbed::Stream::flen()                     0x000034e9   Thumb Code     4  Stream.o(i._ZN4mbed6Stream4flenEv)
    mbed::Stream::getc()                     0x000034ed   Thumb Code    20  Stream.o(i._ZN4mbed6Stream4getcEv)
    mbed::Stream::puts(const char*)          0x00003501   Thumb Code    24  Stream.o(i._ZN4mbed6Stream4putsEPKc)
    mbed::Stream::read(void*, unsigned)      0x00003519   Thumb Code    42  Stream.o(i._ZN4mbed6Stream4readEPvj)
    mbed::Stream::close()                    0x00003543   Thumb Code     4  Stream.o(i._ZN4mbed6Stream5closeEv)
    mbed::Stream::lseek(long, int)           0x00003547   Thumb Code     4  Stream.o(i._ZN4mbed6Stream5lseekEli)
    mbed::Stream::write(const void*, unsigned) 0x0000354b   Thumb Code    42  Stream.o(i._ZN4mbed6Stream5writeEPKvj)
    mbed::Stream::isatty()                   0x00003575   Thumb Code     4  Stream.o(i._ZN4mbed6Stream6isattyEv)
    mbed::Stream::printf(const char*, ...)   0x00003579   Thumb Code    30  Stream.o(i._ZN4mbed6Stream6printfEPKcz)
    mbed::Stream::Stream__sub_object(const char*) 0x00003599   Thumb Code    54  Stream.o(i._ZN4mbed6StreamC2EPKc)
    mbed::Stream::~Stream()                  0x000035dd   Thumb Code     0  Stream.o(i._ZN4mbed6StreamD2Ev)
    mbed::Stream::~Stream__sub_object()      0x000035dd   Thumb Code    28  Stream.o(i._ZN4mbed6StreamD2Ev)
    mbed::AnalogIn::operator float()         0x000035fd   Thumb Code    14  finalproject.o(i._ZN4mbed8AnalogIncvfEv)
    mbed::FileBase::getPathType()            0x0000360b   Thumb Code     4  FileBase.o(i._ZN4mbed8FileBase11getPathTypeEv)
    mbed::FileBase::lookup(const char*, unsigned) 0x00003611   Thumb Code    50  FileBase.o(i._ZN4mbed8FileBase6lookupEPKcj)
    mbed::FileBase::FileBase(const char*, mbed::PathType) 0x00003649   Thumb Code    28  FileBase.o(i._ZN4mbed8FileBaseC1EPKcNS_8PathTypeE)
    mbed::FileBase::FileBase__sub_object(const char*, mbed::PathType) 0x00003649   Thumb Code     0  FileBase.o(i._ZN4mbed8FileBaseC1EPKcNS_8PathTypeE)
    mbed::FileBase::~FileBase()              0x0000366d   Thumb Code    46  FileBase.o(i._ZN4mbed8FileBaseD1Ev)
    mbed::FileBase::~FileBase__sub_object()  0x0000366d   Thumb Code     0  FileBase.o(i._ZN4mbed8FileBaseD1Ev)
    mbed::FileLike::FileLike__sub_object(const char*) 0x000036a5   Thumb Code    26  FileLike.o(i._ZN4mbed8FileLikeC2EPKc)
    mbed::FileLike::~FileLike()              0x000036c9   Thumb Code     0  FileLike.o(i._ZN4mbed8FileLikeD2Ev)
    mbed::FileLike::~FileLike__sub_object()  0x000036c9   Thumb Code    18  FileLike.o(i._ZN4mbed8FileLikeD2Ev)
    mbed::FilePath::fileSystem()             0x000036db   Thumb Code    24  FilePath.o(i._ZN4mbed8FilePath10fileSystemEv)
    mbed::FilePath::file()                   0x000036f3   Thumb Code    28  FilePath.o(i._ZN4mbed8FilePath4fileEv)
    mbed::FilePath::exists()                 0x0000370f   Thumb Code    10  FilePath.o(i._ZN4mbed8FilePath6existsEv)
    mbed::FilePath::isFile()                 0x00003719   Thumb Code    24  FilePath.o(i._ZN4mbed8FilePath6isFileEv)
    mbed::FilePath::fileName()               0x00003731   Thumb Code     4  FilePath.o(i._ZN4mbed8FilePath8fileNameEv)
    mbed::FilePath::FilePath(const char*)    0x00003735   Thumb Code    64  FilePath.o(i._ZN4mbed8FilePathC1EPKc)
    mbed::FilePath::FilePath__sub_object(const char*) 0x00003735   Thumb Code     0  FilePath.o(i._ZN4mbed8FilePathC1EPKc)
    thunk{-72} to mbed::Serial::_getc()      0x00003775   Thumb Code     6  Serial.o(i._ZThn72_N4mbed6Serial5_getcEv)
    thunk{-72} to mbed::Serial::_putc(int)   0x0000377b   Thumb Code     6  Serial.o(i._ZThn72_N4mbed6Serial5_putcEi)
    __ARM_fpclassify                         0x00003781   Thumb Code    40  fpclassify.o(i.__ARM_fpclassify)
    __aeabi_atexit                           0x000037a9   Thumb Code    50  aeabi_atexit.o(i.__aeabi_atexit)
    __aeabi_vec_ctor_nocookie_nodtor         0x000037db   Thumb Code    36  aeabi_vec_ctor_nocookie_nodtor.o(i.__aeabi_vec_ctor_nocookie_nodtor)
    __cxa_finalize                           0x000037ff   Thumb Code    66  cxa_finalize.o(i.__cxa_finalize)
    __cxa_pure_virtual                       0x00003841   Thumb Code     6  pure_virt.o(i.__cxa_pure_virtual)
    __user_setup_stackheap                   0x00003849   Thumb Code    10  sys.o(i.__user_setup_stackheap)
    _is_digit                                0x00003859   Thumb Code    14  __printf_wp.o(i._is_digit)
    _sys_close                               0x00003869   Thumb Code    40  retarget.o(i._sys_close)
    _sys_flen                                0x00003895   Thumb Code    34  retarget.o(i._sys_flen)
    _sys_istty                               0x000038bd   Thumb Code    34  retarget.o(i._sys_istty)
    _sys_open                                0x000038e5   Thumb Code   300  retarget.o(i._sys_open)
    _sys_read                                0x00003a31   Thumb Code    70  retarget.o(i._sys_read)
    _sys_seek                                0x00003a89   Thumb Code    36  retarget.o(i._sys_seek)
    _sys_write                               0x00003ab1   Thumb Code    82  retarget.o(i._sys_write)
    analogin_init                            0x00003b15   Thumb Code   102  analogin_api.o(i.analogin_init)
    analogin_read                            0x00003bad   Thumb Code   200  analogin_api.o(i.analogin_read)
    error                                    0x00003c7d   Thumb Code    20  error.o(i.error)
    exit                                     0x00003c95   Thumb Code    36  exit.o(i.exit)
    fgetc                                    0x00003cc1   Thumb Code    24  fgetc.o(i.fgetc)
    fputc                                    0x00003cd9   Thumb Code    26  fputc.o(i.fputc)
    gpio_dir                                 0x00003cf5   Thumb Code    52  gpio_api.o(i.gpio_dir)
    gpio_init                                0x00003d45   Thumb Code    56  gpio_api.o(i.gpio_init)
    gpio_init_in                             0x00003d7d   Thumb Code    38  gpio.o(i.gpio_init_in)
    gpio_init_out                            0x00003da5   Thumb Code    62  gpio.o(i.gpio_init_out)
    gpio_init_out_ex                         0x00003de9   Thumb Code    74  gpio.o(i.gpio_init_out_ex)
    gpio_mode                                0x00003e39   Thumb Code     6  gpio_api.o(i.gpio_mode)
    mbed_assert_internal                     0x00003e41   Thumb Code    24  assert.o(i.mbed_assert_internal)
    mbed_die                                 0x00003e91   Thumb Code   242  board.o(i.mbed_die)
    mbed_interface_connected                 0x00003f99   Thumb Code     4  mbed_interface.o(i.mbed_interface_connected)
    mbed_main                                0x00003f9d   Thumb Code     2  retarget.o(i.mbed_main)
    mbed_sdk_init                            0x00003f9f   Thumb Code     2  retarget.o(i.mbed_sdk_init)
    pin_function                             0x00003fa1   Thumb Code    62  pinmap.o(i.pin_function)
    pin_mode                                 0x00003ffd   Thumb Code   104  pinmap.o(i.pin_mode)
    pinmap_find_peripheral                   0x00004081   Thumb Code    30  pinmap_common.o(i.pinmap_find_peripheral)
    pinmap_merge                             0x000040a1   Thumb Code    34  pinmap_common.o(i.pinmap_merge)
    pinmap_peripheral                        0x000040d9   Thumb Code    54  pinmap_common.o(i.pinmap_peripheral)
    pinmap_pinout                            0x00004131   Thumb Code    60  pinmap_common.o(i.pinmap_pinout)
    pwmout_init                              0x00004181   Thumb Code   200  pwmout_api.o(i.pwmout_init)
    pwmout_period                            0x0000427d   Thumb Code    64  pwmout_api.o(i.pwmout_period)
    pwmout_write                             0x000042c9   Thumb Code    72  pwmout_api.o(i.pwmout_write)
    semihost_connected                       0x00004315   Thumb Code    10  semihost_api.o(i.semihost_connected)
    semihost_exit                            0x00004325   Thumb Code    12  semihost_api.o(i.semihost_exit)
    serial_baud                              0x00004331   Thumb Code   408  serial_api.o(i.serial_baud)
    serial_format                            0x000044f5   Thumb Code   154  serial_api.o(i.serial_format)
    serial_getc                              0x00004595   Thumb Code    50  serial_api.o(i.serial_getc)
    serial_init                              0x000045cd   Thumb Code   334  serial_api.o(i.serial_init)
    serial_irq_handler                       0x00004745   Thumb Code    18  serial_api.o(i.serial_irq_handler)
    serial_putc                              0x00004835   Thumb Code   100  serial_api.o(i.serial_putc)
    serial_readable                          0x0000489d   Thumb Code    10  serial_api.o(i.serial_readable)
    serial_set_flow_control                  0x000048a9   Thumb Code   252  serial_api.o(i.serial_set_flow_control)
    uart0_irq                                0x000049b5   Thumb Code    14  serial_api.o(i.uart0_irq)
    uart1_irq                                0x000049c9   Thumb Code    14  serial_api.o(i.uart1_irq)
    uart2_irq                                0x000049dd   Thumb Code    14  serial_api.o(i.uart2_irq)
    uart3_irq                                0x000049f1   Thumb Code    14  serial_api.o(i.uart3_irq)
    us_ticker_clear_interrupt                0x00004a69   Thumb Code     8  us_ticker.o(i.us_ticker_clear_interrupt)
    us_ticker_disable_interrupt              0x00004a75   Thumb Code    12  us_ticker.o(i.us_ticker_disable_interrupt)
    us_ticker_irq_handler                    0x00004a85   Thumb Code    78  us_ticker_api.o(i.us_ticker_irq_handler)
    us_ticker_read                           0x00004ad9   Thumb Code    72  us_ticker.o(i.us_ticker_read)
    us_ticker_set_interrupt                  0x00004b39   Thumb Code    14  us_ticker.o(i.us_ticker_set_interrupt)
    wait                                     0x00004b4d   Thumb Code    32  wait_api.o(i.wait)
    wait_ms                                  0x00004b71   Thumb Code    28  wait_api.o(i.wait_ms)
    _get_lc_numeric                          0x00004b8d   Thumb Code    44  lc_numeric_c.o(locale$$code)
    _get_lc_ctype                            0x00004bb9   Thumb Code    44  lc_ctype_c.o(locale$$code)
    __aeabi_d2f                              0x00004be5   Thumb Code     0  d2f.o(x$fpl$d2f)
    _d2f                                     0x00004be5   Thumb Code    98  d2f.o(x$fpl$d2f)
    __aeabi_dadd                             0x00004c49   Thumb Code     0  daddsub_clz.o(x$fpl$dadd)
    _dadd                                    0x00004c49   Thumb Code   332  daddsub_clz.o(x$fpl$dadd)
    __aeabi_ui2d                             0x00004d99   Thumb Code     0  dflt_clz.o(x$fpl$dfltu)
    _dfltu                                   0x00004d99   Thumb Code    38  dflt_clz.o(x$fpl$dfltu)
    __fpl_dnaninf                            0x00004dbf   Thumb Code   156  dnaninf.o(x$fpl$dnaninf)
    __fpl_dretinf                            0x00004e5b   Thumb Code    12  dretinf.o(x$fpl$dretinf)
    __aeabi_dsub                             0x00004e69   Thumb Code     0  daddsub_clz.o(x$fpl$dsub)
    _dsub                                    0x00004e69   Thumb Code   464  daddsub_clz.o(x$fpl$dsub)
    __aeabi_fdiv                             0x0000503d   Thumb Code     0  fdiv.o(x$fpl$fdiv)
    _fdiv                                    0x0000503d   Thumb Code   384  fdiv.o(x$fpl$fdiv)
    __aeabi_f2iz                             0x000051c1   Thumb Code     0  ffix.o(x$fpl$ffix)
    _ffix                                    0x000051c1   Thumb Code    54  ffix.o(x$fpl$ffix)
    __aeabi_f2uiz                            0x000051f9   Thumb Code     0  ffixu.o(x$fpl$ffixu)
    _ffixu                                   0x000051f9   Thumb Code    62  ffixu.o(x$fpl$ffixu)
    __aeabi_ui2f                             0x00005239   Thumb Code     0  fflt_clz.o(x$fpl$ffltu)
    _ffltu                                   0x00005239   Thumb Code    38  fflt_clz.o(x$fpl$ffltu)
    __aeabi_fmul                             0x00005261   Thumb Code     0  fmul.o(x$fpl$fmul)
    _fmul                                    0x00005261   Thumb Code   258  fmul.o(x$fpl$fmul)
    __fpl_fnaninf                            0x00005363   Thumb Code   140  fnaninf.o(x$fpl$fnaninf)
    __fpl_fretinf                            0x000053ef   Thumb Code    10  fretinf.o(x$fpl$fretinf)
    _printf_fp_dec                           0x000053f9   Thumb Code     4  printf1.o(x$fpl$printf1)
    _printf_fp_hex                           0x000053fd   Thumb Code     4  printf2.o(x$fpl$printf2)
    __I$use$fp                               0x00005400   Number         0  usenofp.o(x$fpl$usenofp)
    __stdin_name                             0x00005400   Data           7  retarget.o(.constdata)
    __stdout_name                            0x00005407   Data           8  retarget.o(.constdata)
    __stderr_name                            0x0000540f   Data           8  retarget.o(.constdata)
    vtable for mbed::FileHandle              0x00005bc8   Data          44  retarget.o(.constdata__ZTVN4mbed10FileHandleE)
    vtable for mbed::SerialBase              0x00005bf4   Data          16  SerialBase.o(.constdata__ZTVN4mbed10SerialBaseE)
    vtable for mbed::Serial                  0x00005c04   Data          92  Serial.o(.constdata__ZTVN4mbed6SerialE)
    vtable for mbed::Stream                  0x00005c60   Data          68  Stream.o(.constdata__ZTVN4mbed6StreamE)
    vtable for mbed::FileBase                0x00005ca4   Data          16  FileBase.o(.constdata__ZTVN4mbed8FileBaseE)
    vtable for mbed::FileLike                0x00005cb4   Data          60  FileLike.o(.constdata__ZTVN4mbed8FileLikeE)
    Region$$Table$$Base                      0x00005cf0   Number         0  anon$$obj.o(Region$$Table)
    Region$$Table$$Limit                     0x00005d10   Number         0  anon$$obj.o(Region$$Table)
    __ctype                                  0x00005d39   Data           0  lc_ctype_c.o(locale$$data)
    SHT$$INIT_ARRAY$$Base                    0x00005e3c   Number         0  finalproject.o(.init_array)
    SHT$$INIT_ARRAY$$Limit                   0x00005e40   Number         0  init_aeabi.o(.init_array)
    PWM1                                     0x100000c8   Data           8  finalproject.o(.data)
    bendy                                    0x100000d0   Data           1  finalproject.o(.data)
    brightness                               0x100000d4   Data           4  finalproject.o(.data)
    SystemCoreClock                          0x100000d8   Data           4  system_LPC17xx.o(.data)
    PWM_MATCH                                0x100000e0   Data          28  pwmout_api.o(.data)
    stdio_uart_inited                        0x100000fc   Data           4  serial_api.o(.data)
    stdio_uart                               0x10000104   Data           8  serial_api.o(.data)
    us_ticker_inited                         0x1000010c   Data           4  us_ticker.o(.data)
    mbed::FileBase::_head                    0x10000110   Data           4  FileBase.o(.data)
    __aeabi_stdin                            0x1000011c   Data           4  stdio_streams.o(.data)
    __aeabi_stdout                           0x10000120   Data           4  stdio_streams.o(.data)
    __aeabi_stderr                           0x10000124   Data           4  stdio_streams.o(.data)
    pc                                       0x1000012c   Data          96  finalproject.o(.bss)
    bluetooth                                0x1000018c   Data          96  finalproject.o(.bss)
    myled1                                   0x100001ec   Data          24  finalproject.o(.bss)
    myled2                                   0x10000204   Data          24  finalproject.o(.bss)
    myled3                                   0x1000021c   Data          24  finalproject.o(.bss)
    myled4                                   0x10000234   Data          24  finalproject.o(.bss)
    RedLed                                   0x1000024c   Data          24  finalproject.o(.bss)
    buf                                      0x10000264   Data          10  finalproject.o(.bss)
    __stdin                                  0x10000390   Data          84  stdio_streams.o(.bss)
    __stdout                                 0x100003e4   Data          84  stdio_streams.o(.bss)
    __stderr                                 0x10000438   Data          84  stdio_streams.o(.bss)
    Image$$RW_IRAM1$$ZI$$Limit               0x100004ac   Number         0  anon$$obj.o ABSOLUTE



==============================================================================

Memory Map of the image

  Image Entry point : 0x000000c5

  Load Region LR_IROM1 (Base: 0x00000000, Size: 0x00005ea4, Max: 0x00080000, ABSOLUTE)

    Execution Region ER_IROM1 (Base: 0x00000000, Size: 0x00005e40, Max: 0x00080000, ABSOLUTE)

    Base Addr    Size         Type   Attr      Idx    E Section Name        Object

    0x00000000   0x000000c4   Data   RO          556    RESET               startup_LPC17xx.o
    0x000000c4   0x00000008   Code   RO         1300  * !!!main             c_w.l(__main.o)
    0x000000cc   0x00000034   Code   RO         2132    !!!scatter          c_w.l(__scatter.o)
    0x00000100   0x0000001a   Code   RO         2134    !!handler_copy      c_w.l(__scatter_copy.o)
    0x0000011a   0x00000002   PAD
    0x0000011c   0x0000001c   Code   RO         2136    !!handler_zi        c_w.l(__scatter_zi.o)
    0x00000138   0x00000000   Code   RO         1242    .ARM.Collect$$_printf_percent$$00000000  c_w.l(_printf_percent.o)
    0x00000138   0x00000006   Code   RO         1587    .ARM.Collect$$_printf_percent$$00000001  c_w.l(_printf_n.o)
    0x0000013e   0x00000006   Code   RO         1240    .ARM.Collect$$_printf_percent$$00000002  c_w.l(_printf_p.o)
    0x00000144   0x00000006   Code   RO         1592    .ARM.Collect$$_printf_percent$$00000003  c_w.l(_printf_f.o)
    0x0000014a   0x00000006   Code   RO         1593    .ARM.Collect$$_printf_percent$$00000004  c_w.l(_printf_e.o)
    0x00000150   0x00000006   Code   RO         1594    .ARM.Collect$$_printf_percent$$00000005  c_w.l(_printf_g.o)
    0x00000156   0x00000006   Code   RO         1595    .ARM.Collect$$_printf_percent$$00000006  c_w.l(_printf_a.o)
    0x0000015c   0x0000000a   Code   RO         1600    .ARM.Collect$$_printf_percent$$00000007  c_w.l(_printf_ll.o)
    0x00000166   0x00000006   Code   RO         1590    .ARM.Collect$$_printf_percent$$00000008  c_w.l(_printf_i.o)
    0x0000016c   0x00000006   Code   RO         1241    .ARM.Collect$$_printf_percent$$00000009  c_w.l(_printf_d.o)
    0x00000172   0x00000006   Code   RO         1591    .ARM.Collect$$_printf_percent$$0000000A  c_w.l(_printf_u.o)
    0x00000178   0x00000006   Code   RO         1589    .ARM.Collect$$_printf_percent$$0000000B  c_w.l(_printf_o.o)
    0x0000017e   0x00000006   Code   RO         1588    .ARM.Collect$$_printf_percent$$0000000C  c_w.l(_printf_x.o)
    0x00000184   0x00000006   Code   RO         1597    .ARM.Collect$$_printf_percent$$0000000D  c_w.l(_printf_lli.o)
    0x0000018a   0x00000006   Code   RO         1598    .ARM.Collect$$_printf_percent$$0000000E  c_w.l(_printf_lld.o)
    0x00000190   0x00000006   Code   RO         1599    .ARM.Collect$$_printf_percent$$0000000F  c_w.l(_printf_llu.o)
    0x00000196   0x00000006   Code   RO         1604    .ARM.Collect$$_printf_percent$$00000010  c_w.l(_printf_llo.o)
    0x0000019c   0x00000006   Code   RO         1605    .ARM.Collect$$_printf_percent$$00000011  c_w.l(_printf_llx.o)
    0x000001a2   0x0000000a   Code   RO         1601    .ARM.Collect$$_printf_percent$$00000012  c_w.l(_printf_l.o)
    0x000001ac   0x00000006   Code   RO         1586    .ARM.Collect$$_printf_percent$$00000013  c_w.l(_printf_c.o)
    0x000001b2   0x00000006   Code   RO         1239    .ARM.Collect$$_printf_percent$$00000014  c_w.l(_printf_s.o)
    0x000001b8   0x00000006   Code   RO         1602    .ARM.Collect$$_printf_percent$$00000015  c_w.l(_printf_lc.o)
    0x000001be   0x00000006   Code   RO         1603    .ARM.Collect$$_printf_percent$$00000016  c_w.l(_printf_ls.o)
    0x000001c4   0x00000004   Code   RO         1596    .ARM.Collect$$_printf_percent$$00000017  c_w.l(_printf_percent_end.o)
    0x000001c8   0x00000002   Code   RO         2014    .ARM.Collect$$libinit$$00000000  c_w.l(libinit.o)
    0x000001ca   0x00000000   Code   RO         1654    .ARM.Collect$$libinit$$00000002  c_w.l(libinit2.o)
    0x000001ca   0x00000000   Code   RO         1656    .ARM.Collect$$libinit$$00000004  c_w.l(libinit2.o)
    0x000001ca   0x00000008   Code   RO         1657    .ARM.Collect$$libinit$$00000005  c_w.l(libinit2.o)
    0x000001d2   0x00000000   Code   RO         1659    .ARM.Collect$$libinit$$0000000A  c_w.l(libinit2.o)
    0x000001d2   0x00000000   Code   RO         1661    .ARM.Collect$$libinit$$0000000C  c_w.l(libinit2.o)
    0x000001d2   0x00000000   Code   RO         1663    .ARM.Collect$$libinit$$0000000E  c_w.l(libinit2.o)
    0x000001d2   0x00000006   Code   RO         1664    .ARM.Collect$$libinit$$0000000F  c_w.l(libinit2.o)
    0x000001d8   0x00000000   Code   RO         1666    .ARM.Collect$$libinit$$00000011  c_w.l(libinit2.o)
    0x000001d8   0x0000000c   Code   RO         1667    .ARM.Collect$$libinit$$00000012  c_w.l(libinit2.o)
    0x000001e4   0x00000000   Code   RO         1668    .ARM.Collect$$libinit$$00000013  c_w.l(libinit2.o)
    0x000001e4   0x00000000   Code   RO         1670    .ARM.Collect$$libinit$$00000015  c_w.l(libinit2.o)
    0x000001e4   0x0000000a   Code   RO         1671    .ARM.Collect$$libinit$$00000016  c_w.l(libinit2.o)
    0x000001ee   0x00000000   Code   RO         1672    .ARM.Collect$$libinit$$00000017  c_w.l(libinit2.o)
    0x000001ee   0x00000000   Code   RO         1674    .ARM.Collect$$libinit$$00000019  c_w.l(libinit2.o)
    0x000001ee   0x00000000   Code   RO         1676    .ARM.Collect$$libinit$$0000001B  c_w.l(libinit2.o)
    0x000001ee   0x00000000   Code   RO         1678    .ARM.Collect$$libinit$$0000001D  c_w.l(libinit2.o)
    0x000001ee   0x00000000   Code   RO         1680    .ARM.Collect$$libinit$$0000001F  c_w.l(libinit2.o)
    0x000001ee   0x00000000   Code   RO         1682    .ARM.Collect$$libinit$$00000021  c_w.l(libinit2.o)
    0x000001ee   0x00000000   Code   RO         1684    .ARM.Collect$$libinit$$00000023  c_w.l(libinit2.o)
    0x000001ee   0x00000004   Code   RO         1685    .ARM.Collect$$libinit$$00000024  c_w.l(libinit2.o)
    0x000001f2   0x00000000   Code   RO         1686    .ARM.Collect$$libinit$$00000025  c_w.l(libinit2.o)
    0x000001f2   0x00000000   Code   RO         1690    .ARM.Collect$$libinit$$0000002C  c_w.l(libinit2.o)
    0x000001f2   0x00000000   Code   RO         1692    .ARM.Collect$$libinit$$0000002E  c_w.l(libinit2.o)
    0x000001f2   0x00000000   Code   RO         1694    .ARM.Collect$$libinit$$00000030  c_w.l(libinit2.o)
    0x000001f2   0x00000004   Code   RO         1695    .ARM.Collect$$libinit$$00000031  c_w.l(libinit2.o)
    0x000001f6   0x00000000   Code   RO         1696    .ARM.Collect$$libinit$$00000032  c_w.l(libinit2.o)
    0x000001f6   0x00000002   Code   RO         1697    .ARM.Collect$$libinit$$00000033  c_w.l(libinit2.o)
    0x000001f8   0x00000006   Code   RO         1698    .ARM.Collect$$libshutdown$$00000001  c_w.l(libshutdown2.o)
    0x000001fe   0x00000000   Code   RO         1700    .ARM.Collect$$libshutdown$$00000003  c_w.l(libshutdown2.o)
    0x000001fe   0x00000000   Code   RO         1480    .ARM.Collect$$rtentry$$00000000  c_w.l(__rtentry.o)
    0x000001fe   0x00000000   Code   RO         1781    .ARM.Collect$$rtentry$$00000002  c_w.l(__rtentry2.o)
    0x000001fe   0x00000006   Code   RO         1793    .ARM.Collect$$rtentry$$00000004  c_w.l(__rtentry4.o)
    0x00000204   0x00000000   Code   RO         1783    .ARM.Collect$$rtentry$$00000009  c_w.l(__rtentry2.o)
    0x00000204   0x00000004   Code   RO         1784    .ARM.Collect$$rtentry$$0000000A  c_w.l(__rtentry2.o)
    0x00000208   0x00000000   Code   RO         1786    .ARM.Collect$$rtentry$$0000000C  c_w.l(__rtentry2.o)
    0x00000208   0x00000008   Code   RO         1787    .ARM.Collect$$rtentry$$0000000D  c_w.l(__rtentry2.o)
    0x00000210   0x00000000   Code   RO         1944    .emb_text           c_w.l(maybetermalloc1.o)
    0x00000210   0x00000024   Code   RO          558    .text               startup_LPC17xx.o
    0x00000234   0x0000000a   Code   RO         1180    .text               c_w.l(vfprintf.o)
    0x0000023e   0x0000000a   Code   RO         1182    .text               c_w.l(c89vfprintf.o)
    0x00000248   0x00000014   Code   RO         1184    .text               c_w.l(__2fprintf.o)
    0x0000025c   0x0000002c   Code   RO         1186    .text               c_w.l(__2sprintf.o)
    0x00000288   0x00000052   Code   RO         1194    .text               c_w.l(_printf_str.o)
    0x000002da   0x00000022   Code   RO         1261    .text               c_w.l(fputs.o)
    0x000002fc   0x00000004   Code   RO          557    .ARM.__at_0x02FC    startup_LPC17xx.o
    0x00000300   0x00000294   Code   RO            3    .text               finalproject.o
    0x00000594   0x00000078   Code   RO         1196    .text               c_w.l(_printf_dec.o)
    0x0000060c   0x00000094   Code   RO         1216    .text               c_w.l(_printf_hex_int_ll_ptr.o)
    0x000006a0   0x00000188   Code   RO         1236    .text               c_w.l(__printf_flags_ss_wp.o)
    0x00000828   0x0000003c   Code   RO         1245    .text               c_w.l(__0sscanf.o)
    0x00000864   0x0000014c   Code   RO         1247    .text               c_w.l(_scanf_int.o)
    0x000009b0   0x00000064   Code   RO         1249    .text               c_w.l(fflush.o)
    0x00000a14   0x000000ec   Code   RO         1263    .text               c_w.l(fopen.o)
    0x00000b00   0x00000014   Code   RO         1265    .text               c_w.l(setbuf.o)
    0x00000b14   0x0000004c   Code   RO         1273    .text               c_w.l(fclose.o)
    0x00000b60   0x0000003e   Code   RO         1288    .text               c_w.l(strlen.o)
    0x00000b9e   0x00000096   Code   RO         1290    .text               c_w.l(strncmp.o)
    0x00000c34   0x0000007a   Code   RO         1292    .text               c_w.l(rt_memmove_w.o)
    0x00000cae   0x0000004e   Code   RO         1294    .text               c_w.l(rt_memclr_w.o)
    0x00000cfc   0x00000080   Code   RO         1298    .text               c_w.l(strcmpv7m.o)
    0x00000d7c   0x00000024   Code   RO         1305    .text               c_w.l(init_aeabi.o)
    0x00000da0   0x00000008   Code   RO         1490    .text               c_w.l(rt_ddtor_pointer_addr.o)
    0x00000da8   0x0000005e   Code   RO         1499    .text               c_w.l(h1_alloc.o)
    0x00000e06   0x0000004e   Code   RO         1501    .text               c_w.l(h1_free.o)
    0x00000e54   0x0000004e   Code   RO         1559    .text               c_w.l(_printf_pad.o)
    0x00000ea2   0x00000024   Code   RO         1561    .text               c_w.l(_printf_truncate.o)
    0x00000ec6   0x000000b2   Code   RO         1563    .text               c_w.l(_printf_intcommon.o)
    0x00000f78   0x00000028   Code   RO         1565    .text               c_w.l(_printf_charcount.o)
    0x00000fa0   0x00000030   Code   RO         1567    .text               c_w.l(_printf_char_common.o)
    0x00000fd0   0x0000000a   Code   RO         1569    .text               c_w.l(_sputc.o)
    0x00000fda   0x0000002c   Code   RO         1571    .text               c_w.l(_printf_char.o)
    0x00001006   0x00000002   PAD
    0x00001008   0x00000024   Code   RO         1573    .text               c_w.l(_printf_char_file.o)
    0x0000102c   0x000000bc   Code   RO         1575    .text               c_w.l(_printf_wctomb.o)
    0x000010e8   0x0000007c   Code   RO         1578    .text               c_w.l(_printf_longlong_dec.o)
    0x00001164   0x00000070   Code   RO         1584    .text               c_w.l(_printf_oct_int_ll.o)
    0x000011d4   0x0000001c   Code   RO         1606    .text               c_w.l(_chval.o)
    0x000011f0   0x0000002c   Code   RO         1612    .text               c_w.l(scanf_char.o)
    0x0000121c   0x00000040   Code   RO         1614    .text               c_w.l(_sgetc.o)
    0x0000125c   0x00000008   Code   RO         1624    .text               c_w.l(ferror.o)
    0x00001264   0x0000023a   Code   RO         1626    .text               c_w.l(filbuf.o)
    0x0000149e   0x000001d6   Code   RO         1628    .text               c_w.l(flsbuf.o)
    0x00001674   0x000000f8   Code   RO         1630    .text               c_w.l(fseek.o)
    0x0000176c   0x00000046   Code   RO         1632    .text               c_w.l(setvbuf.o)
    0x000017b2   0x00000002   PAD
    0x000017b4   0x000000f0   Code   RO         1634    .text               c_w.l(stdio.o)
    0x000018a4   0x00000138   Code   RO         1637    .text               c_w.l(initio.o)
    0x000019dc   0x0000000e   Code   RO         1645    .text               c_w.l(defsig_pvfn_outer.o)
    0x000019ea   0x00000064   Code   RO         1649    .text               c_w.l(rt_memcpy_w.o)
    0x00001a4e   0x00000002   PAD
    0x00001a50   0x00000008   Code   RO         1799    .text               c_w.l(rt_heap_descriptor.o)
    0x00001a58   0x00000008   Code   RO         1804    .text               c_w.l(rt_errno_addr.o)
    0x00001a60   0x00000004   Code   RO         1809    .text               c_w.l(hguard.o)
    0x00001a64   0x0000008a   Code   RO         1811    .text               c_w.l(init_alloc.o)
    0x00001aee   0x0000000e   Code   RO         1815    .text               c_w.l(h1_init.o)
    0x00001afc   0x0000008a   Code   RO         1829    .text               c_w.l(lludiv10.o)
    0x00001b86   0x00000012   Code   RO         1831    .text               c_w.l(isspace.o)
    0x00001b98   0x0000041a   Code   RO         1833    .text               c_w.l(_printf_fp_dec.o)
    0x00001fb2   0x00000002   PAD
    0x00001fb4   0x000002fc   Code   RO         1835    .text               c_w.l(_printf_fp_hex.o)
    0x000022b0   0x0000002c   Code   RO         1842    .text               c_w.l(_printf_wchar.o)
    0x000022dc   0x00000374   Code   RO         1844    .text               c_w.l(_scanf.o)
    0x00002650   0x00000042   Code   RO         1854    .text               c_w.l(ftell.o)
    0x00002692   0x00000002   PAD
    0x00002694   0x00000038   Code   RO         1862    .text               c_w.l(flushlinebuffered.o)
    0x000026cc   0x00000040   Code   RO         1880    .text               c_w.l(_wcrtomb.o)
    0x0000270c   0x0000000a   Code   RO         1882    .text               c_w.l(defsig_exit.o)
    0x00002716   0x0000000e   Code   RO         1884    .text               c_w.l(defsig_rtred_outer.o)
    0x00002724   0x00000030   Code   RO         1888    .text               c_w.l(defsig_pvfn_inner.o)
    0x00002754   0x0000000c   Code   RO         1928    .text               c_w.l(sys_exit.o)
    0x00002760   0x00000010   Code   RO         1930    .text               c_w.l(rt_ctype_table.o)
    0x00002770   0x00000008   Code   RO         1932    .text               c_w.l(rt_locale.o)
    0x00002778   0x00000034   Code   RO         1946    .text               c_w.l(h1_extend.o)
    0x000027ac   0x00000080   Code   RO         1950    .text               c_w.l(_printf_fp_infnan.o)
    0x0000282c   0x000000dc   Code   RO         1952    .text               c_w.l(bigflt0.o)
    0x00002908   0x00000032   Code   RO         1986    .text               c_w.l(defsig_general.o)
    0x0000293a   0x00000002   PAD
    0x0000293c   0x00000034   Code   RO         1992    .text               c_w.l(defsig_rtred_inner.o)
    0x00002970   0x0000000e   Code   RO         1994    .text               c_w.l(defsig_rtmem_outer.o)
    0x0000297e   0x00000002   PAD
    0x00002980   0x00000050   Code   RO         2000    .text               c_w.l(heapauxa.o)
    0x000029d0   0x0000000e   Code   RO         2046    .text               c_w.l(sys_wrch.o)
    0x000029de   0x00000002   Code   RO         2048    .text               c_w.l(use_no_semi.o)
    0x000029e0   0x00000000   Code   RO         2050    .text               c_w.l(indicate_semi.o)
    0x000029e0   0x00000050   Code   RO         2068    .text               c_w.l(defsig_rtmem_inner.o)
    0x00002a30   0x0000003e   Code   RO         1955    CL$$btod_d2e        c_w.l(btod.o)
    0x00002a6e   0x00000046   Code   RO         1957    CL$$btod_d2e_denorm_low  c_w.l(btod.o)
    0x00002ab4   0x00000060   Code   RO         1956    CL$$btod_d2e_norm_op1  c_w.l(btod.o)
    0x00002b14   0x00000338   Code   RO         1965    CL$$btod_div_common  c_w.l(btod.o)
    0x00002e4c   0x000000c6   Code   RO         1962    CL$$btod_e2e        c_w.l(btod.o)
    0x00002f12   0x00000028   Code   RO         1959    CL$$btod_ediv       c_w.l(btod.o)
    0x00002f3a   0x00000028   Code   RO         1958    CL$$btod_emul       c_w.l(btod.o)
    0x00002f62   0x00000244   Code   RO         1964    CL$$btod_mult_common  c_w.l(btod.o)
    0x000031a6   0x00000012   Code   RO          428    i.$Sub$$main        retarget.o
    0x000031b8   0x00000006   Code   RO          812    i.<Func1>           mbed.ar(SerialBase.o)
    0x000031be   0x00000002   PAD
    0x000031c0   0x0000006c   Code   RO          551    i.NVIC_SetVector    cmsis_nvic.o
    0x0000322c   0x000000a0   Code   RO          535    i.SystemInit        system_LPC17xx.o
    0x000032cc   0x00000088   Code   RO           58    i._ZN4mbed10DigitalOut5writeEi  finalproject.o
    0x00003354   0x0000001a   Code   RO           49    i._ZN4mbed10DigitalOutC1E7PinName  finalproject.o
    0x0000336e   0x00000012   Code   RO           37    i._ZN4mbed10DigitalOutaSEi  finalproject.o
    0x00003380   0x0000003a   Code   RO          526    i._ZN4mbed10FileHandle4flenEv  retarget.o
    0x000033ba   0x00000002   PAD
    0x000033bc   0x00000030   Code   RO          430    i._ZN4mbed10FileHandleD2Ev  retarget.o
    0x000033ec   0x00000006   Code   RO          813    i._ZN4mbed10SerialBase10_base_getcEv  mbed.ar(SerialBase.o)
    0x000033f2   0x0000000e   Code   RO          814    i._ZN4mbed10SerialBase10_base_putcEi  mbed.ar(SerialBase.o)
    0x00003400   0x0000000e   Code   RO          816    i._ZN4mbed10SerialBase12_irq_handlerEj9SerialIrq  mbed.ar(SerialBase.o)
    0x0000340e   0x00000010   Code   RO          818    i._ZN4mbed10SerialBase4baudEi  mbed.ar(SerialBase.o)
    0x0000341e   0x00000006   Code   RO          821    i._ZN4mbed10SerialBase8readableEv  mbed.ar(SerialBase.o)
    0x00003424   0x0000004c   Code   RO          823    i._ZN4mbed10SerialBaseC1E7PinNameS1_  mbed.ar(SerialBase.o)
    0x00003470   0x00000018   Code   RO         1072    i._ZN4mbed15FunctionPointer4callEv  mbed.ar(FunctionPointer.o)
    0x00003488   0x0000000a   Code   RO         1074    i._ZN4mbed15FunctionPointerC1EPFvvE  mbed.ar(FunctionPointer.o)
    0x00003492   0x00000010   Code   RO           31    i._ZN4mbed6PwmOut6periodEf  finalproject.o
    0x000034a2   0x00000016   Code   RO           25    i._ZN4mbed6PwmOutaSEf  finalproject.o
    0x000034b8   0x00000024   Code   RO          770    i._ZN4mbed6SerialC1E7PinNameS1_PKc  mbed.ar(Serial.o)
    0x000034dc   0x0000000c   Code   RO          788    i._ZN4mbed6SerialD1Ev  mbed.ar(Serial.o)
    0x000034e8   0x00000004   Code   RO          860    i._ZN4mbed6Stream4flenEv  mbed.ar(Stream.o)
    0x000034ec   0x00000014   Code   RO          861    i._ZN4mbed6Stream4getcEv  mbed.ar(Stream.o)
    0x00003500   0x00000018   Code   RO          864    i._ZN4mbed6Stream4putsEPKc  mbed.ar(Stream.o)
    0x00003518   0x0000002a   Code   RO          865    i._ZN4mbed6Stream4readEPvj  mbed.ar(Stream.o)
    0x00003542   0x00000004   Code   RO          866    i._ZN4mbed6Stream5closeEv  mbed.ar(Stream.o)
    0x00003546   0x00000004   Code   RO          868    i._ZN4mbed6Stream5lseekEli  mbed.ar(Stream.o)
    0x0000354a   0x0000002a   Code   RO          870    i._ZN4mbed6Stream5writeEPKvj  mbed.ar(Stream.o)
    0x00003574   0x00000004   Code   RO          871    i._ZN4mbed6Stream6isattyEv  mbed.ar(Stream.o)
    0x00003578   0x0000001e   Code   RO          872    i._ZN4mbed6Stream6printfEPKcz  mbed.ar(Stream.o)
    0x00003596   0x00000002   PAD
    0x00003598   0x00000044   Code   RO          873    i._ZN4mbed6StreamC2EPKc  mbed.ar(Stream.o)
    0x000035dc   0x00000020   Code   RO          875    i._ZN4mbed6StreamD2Ev  mbed.ar(Stream.o)
    0x000035fc   0x0000000e   Code   RO           43    i._ZN4mbed8AnalogIncvfEv  finalproject.o
    0x0000360a   0x00000004   Code   RO         1021    i._ZN4mbed8FileBase11getPathTypeEv  mbed.ar(FileBase.o)
    0x0000360e   0x00000002   PAD
    0x00003610   0x00000038   Code   RO         1023    i._ZN4mbed8FileBase6lookupEPKcj  mbed.ar(FileBase.o)
    0x00003648   0x00000024   Code   RO         1025    i._ZN4mbed8FileBaseC1EPKcNS_8PathTypeE  mbed.ar(FileBase.o)
    0x0000366c   0x00000038   Code   RO         1027    i._ZN4mbed8FileBaseD1Ev  mbed.ar(FileBase.o)
    0x000036a4   0x00000024   Code   RO         1051    i._ZN4mbed8FileLikeC2EPKc  mbed.ar(FileLike.o)
    0x000036c8   0x00000012   Code   RO         1053    i._ZN4mbed8FileLikeD2Ev  mbed.ar(FileLike.o)
    0x000036da   0x00000018   Code   RO          651    i._ZN4mbed8FilePath10fileSystemEv  mbed.ar(FilePath.o)
    0x000036f2   0x0000001c   Code   RO          653    i._ZN4mbed8FilePath4fileEv  mbed.ar(FilePath.o)
    0x0000370e   0x0000000a   Code   RO          654    i._ZN4mbed8FilePath6existsEv  mbed.ar(FilePath.o)
    0x00003718   0x00000018   Code   RO          655    i._ZN4mbed8FilePath6isFileEv  mbed.ar(FilePath.o)
    0x00003730   0x00000004   Code   RO          656    i._ZN4mbed8FilePath8fileNameEv  mbed.ar(FilePath.o)
    0x00003734   0x00000040   Code   RO          657    i._ZN4mbed8FilePathC1EPKc  mbed.ar(FilePath.o)
    0x00003774   0x00000006   Code   RO          771    i._ZThn72_N4mbed6Serial5_getcEv  mbed.ar(Serial.o)
    0x0000377a   0x00000006   Code   RO          772    i._ZThn72_N4mbed6Serial5_putcEi  mbed.ar(Serial.o)
    0x00003780   0x00000028   Code   RO         2038    i.__ARM_fpclassify  m_ws.l(fpclassify.o)
    0x000037a8   0x00000032   Code   RO         1424    i.__aeabi_atexit    cpprt_w.l(aeabi_atexit.o)
    0x000037da   0x00000024   Code   RO         1427    i.__aeabi_vec_ctor_nocookie_nodtor  cpprt_w.l(aeabi_vec_ctor_nocookie_nodtor.o)
    0x000037fe   0x00000042   Code   RO         1738    i.__cxa_finalize    cpprt_w.l(cxa_finalize.o)
    0x00003840   0x00000006   Code   RO         1315    i.__cxa_pure_virtual  cpprt_w.l(pure_virt.o)
    0x00003846   0x00000002   PAD
    0x00003848   0x00000010   Code   RO          560    i.__user_setup_stackheap  sys.o
    0x00003858   0x0000000e   Code   RO         1229    i._is_digit         c_w.l(__printf_wp.o)
    0x00003866   0x00000002   PAD
    0x00003868   0x0000002c   Code   RO          431    i._sys_close        retarget.o
    0x00003894   0x00000028   Code   RO          434    i._sys_flen         retarget.o
    0x000038bc   0x00000028   Code   RO          435    i._sys_istty        retarget.o
    0x000038e4   0x0000014c   Code   RO          436    i._sys_open         retarget.o
    0x00003a30   0x00000058   Code   RO          437    i._sys_read         retarget.o
    0x00003a88   0x00000028   Code   RO          438    i._sys_seek         retarget.o
    0x00003ab0   0x00000064   Code   RO          439    i._sys_write        retarget.o
    0x00003b14   0x00000098   Code   RO          565    i.analogin_init     mbed.ar(analogin_api.o)
    0x00003bac   0x000000d0   Code   RO          566    i.analogin_read     mbed.ar(analogin_api.o)
    0x00003c7c   0x00000018   Code   RO         1095    i.error             mbed.ar(error.o)
    0x00003c94   0x0000002c   Code   RO         1114    i.exit              mbed.ar(exit.o)
    0x00003cc0   0x00000018   Code   RO         1252    i.fgetc             c_w.l(fgetc.o)
    0x00003cd8   0x0000001a   Code   RO         1258    i.fputc             c_w.l(fputc.o)
    0x00003cf2   0x00000002   PAD
    0x00003cf4   0x00000050   Code   RO          951    i.gpio_dir          mbed.ar(gpio_api.o)
    0x00003d44   0x00000038   Code   RO          952    i.gpio_init         mbed.ar(gpio_api.o)
    0x00003d7c   0x00000026   Code   RO          930    i.gpio_init_in      mbed.ar(gpio.o)
    0x00003da2   0x00000002   PAD
    0x00003da4   0x00000044   Code   RO          933    i.gpio_init_out     mbed.ar(gpio.o)
    0x00003de8   0x00000050   Code   RO          934    i.gpio_init_out_ex  mbed.ar(gpio.o)
    0x00003e38   0x00000006   Code   RO          953    i.gpio_mode         mbed.ar(gpio_api.o)
    0x00003e3e   0x00000002   PAD
    0x00003e40   0x00000050   Code   RO          924    i.mbed_assert_internal  mbed.ar(assert.o)
    0x00003e90   0x00000108   Code   RO          543    i.mbed_die          board.o
    0x00003f98   0x00000004   Code   RO         1120    i.mbed_interface_connected  mbed.ar(mbed_interface.o)
    0x00003f9c   0x00000002   Code   RO          441    i.mbed_main         retarget.o
    0x00003f9e   0x00000002   Code   RO          442    i.mbed_sdk_init     retarget.o
    0x00003fa0   0x0000005c   Code   RO          997    i.pin_function      mbed.ar(pinmap.o)
    0x00003ffc   0x00000084   Code   RO          998    i.pin_mode          mbed.ar(pinmap.o)
    0x00004080   0x0000001e   Code   RO         1083    i.pinmap_find_peripheral  mbed.ar(pinmap_common.o)
    0x0000409e   0x00000002   PAD
    0x000040a0   0x00000038   Code   RO         1084    i.pinmap_merge      mbed.ar(pinmap_common.o)
    0x000040d8   0x00000058   Code   RO         1085    i.pinmap_peripheral  mbed.ar(pinmap_common.o)
    0x00004130   0x00000050   Code   RO         1086    i.pinmap_pinout     mbed.ar(pinmap_common.o)
    0x00004180   0x000000fc   Code   RO          577    i.pwmout_init       mbed.ar(pwmout_api.o)
    0x0000427c   0x0000004c   Code   RO          578    i.pwmout_period     mbed.ar(pwmout_api.o)
    0x000042c8   0x0000004c   Code   RO          585    i.pwmout_write      mbed.ar(pwmout_api.o)
    0x00004314   0x00000010   Code   RO         1141    i.semihost_connected  mbed.ar(semihost_api.o)
    0x00004324   0x0000000c   Code   RO         1144    i.semihost_exit     mbed.ar(semihost_api.o)
    0x00004330   0x000001c4   Code   RO          602    i.serial_baud       mbed.ar(serial_api.o)
    0x000044f4   0x000000a0   Code   RO          606    i.serial_format     mbed.ar(serial_api.o)
    0x00004594   0x00000038   Code   RO          608    i.serial_getc       mbed.ar(serial_api.o)
    0x000045cc   0x00000178   Code   RO          609    i.serial_init       mbed.ar(serial_api.o)
    0x00004744   0x0000001c   Code   RO          610    i.serial_irq_handler  mbed.ar(serial_api.o)
    0x00004760   0x000000d4   Code   RO          612    i.serial_irq_set_internal  mbed.ar(serial_api.o)
    0x00004834   0x00000068   Code   RO          614    i.serial_putc       mbed.ar(serial_api.o)
    0x0000489c   0x0000000a   Code   RO          615    i.serial_readable   mbed.ar(serial_api.o)
    0x000048a6   0x00000002   PAD
    0x000048a8   0x0000010c   Code   RO          616    i.serial_set_flow_control  mbed.ar(serial_api.o)
    0x000049b4   0x00000014   Code   RO          618    i.uart0_irq         mbed.ar(serial_api.o)
    0x000049c8   0x00000014   Code   RO          619    i.uart1_irq         mbed.ar(serial_api.o)
    0x000049dc   0x00000014   Code   RO          620    i.uart2_irq         mbed.ar(serial_api.o)
    0x000049f0   0x00000014   Code   RO          621    i.uart3_irq         mbed.ar(serial_api.o)
    0x00004a04   0x00000064   Code   RO          622    i.uart_irq          mbed.ar(serial_api.o)
    0x00004a68   0x0000000c   Code   RO         1006    i.us_ticker_clear_interrupt  mbed.ar(us_ticker.o)
    0x00004a74   0x00000010   Code   RO         1007    i.us_ticker_disable_interrupt  mbed.ar(us_ticker.o)
    0x00004a84   0x00000054   Code   RO         1102    i.us_ticker_irq_handler  mbed.ar(us_ticker_api.o)
    0x00004ad8   0x00000060   Code   RO         1009    i.us_ticker_read    mbed.ar(us_ticker.o)
    0x00004b38   0x00000014   Code   RO         1010    i.us_ticker_set_interrupt  mbed.ar(us_ticker.o)
    0x00004b4c   0x00000024   Code   RO          943    i.wait              mbed.ar(wait_api.o)
    0x00004b70   0x0000001c   Code   RO          944    i.wait_ms           mbed.ar(wait_api.o)
    0x00004b8c   0x0000002c   Code   RO         1980    locale$$code        c_w.l(lc_numeric_c.o)
    0x00004bb8   0x0000002c   Code   RO         2058    locale$$code        c_w.l(lc_ctype_c.o)
    0x00004be4   0x00000062   Code   RO         1430    x$fpl$d2f           fz_ws.l(d2f.o)
    0x00004c46   0x00000002   PAD
    0x00004c48   0x00000150   Code   RO         1432    x$fpl$dadd          fz_ws.l(daddsub_clz.o)
    0x00004d98   0x00000026   Code   RO         1442    x$fpl$dfltu         fz_ws.l(dflt_clz.o)
    0x00004dbe   0x0000009c   Code   RO         1756    x$fpl$dnaninf       fz_ws.l(dnaninf.o)
    0x00004e5a   0x0000000c   Code   RO         1758    x$fpl$dretinf       fz_ws.l(dretinf.o)
    0x00004e66   0x00000002   PAD
    0x00004e68   0x000001d4   Code   RO         1434    x$fpl$dsub          fz_ws.l(daddsub_clz.o)
    0x0000503c   0x00000184   Code   RO         1451    x$fpl$fdiv          fz_ws.l(fdiv.o)
    0x000051c0   0x00000036   Code   RO         1454    x$fpl$ffix          fz_ws.l(ffix.o)
    0x000051f6   0x00000002   PAD
    0x000051f8   0x0000003e   Code   RO         1458    x$fpl$ffixu         fz_ws.l(ffixu.o)
    0x00005236   0x00000002   PAD
    0x00005238   0x00000026   Code   RO         1462    x$fpl$ffltu         fz_ws.l(fflt_clz.o)
    0x0000525e   0x00000002   PAD
    0x00005260   0x00000102   Code   RO         1468    x$fpl$fmul          fz_ws.l(fmul.o)
    0x00005362   0x0000008c   Code   RO         1762    x$fpl$fnaninf       fz_ws.l(fnaninf.o)
    0x000053ee   0x0000000a   Code   RO         1764    x$fpl$fretinf       fz_ws.l(fretinf.o)
    0x000053f8   0x00000004   Code   RO         1766    x$fpl$printf1       fz_ws.l(printf1.o)
    0x000053fc   0x00000004   Code   RO         1768    x$fpl$printf2       fz_ws.l(printf2.o)
    0x00005400   0x00000000   Code   RO         1776    x$fpl$usenofp       fz_ws.l(usenofp.o)
    0x00005400   0x00000017   Data   RO          479    .constdata          retarget.o
    0x00005417   0x00000001   PAD
    0x00005418   0x00000080   Data   RO          544    .constdata          board.o
    0x00005498   0x000000d6   Data   RO          568    .constdata          mbed.ar(analogin_api.o)
    0x0000556e   0x00000002   PAD
    0x00005570   0x0000011c   Data   RO          586    .constdata          mbed.ar(pwmout_api.o)
    0x0000568c   0x000002dc   Data   RO          624    .constdata          mbed.ar(serial_api.o)
    0x00005968   0x00000080   Data   RO          935    .constdata          mbed.ar(gpio.o)
    0x000059e8   0x0000007c   Data   RO          955    .constdata          mbed.ar(gpio_api.o)
    0x00005a64   0x00000064   Data   RO          999    .constdata          mbed.ar(pinmap.o)
    0x00005ac8   0x00000028   Data   RO         1217    .constdata          c_w.l(_printf_hex_int_ll_ptr.o)
    0x00005af0   0x00000011   Data   RO         1237    .constdata          c_w.l(__printf_flags_ss_wp.o)
    0x00005b01   0x00000003   PAD
    0x00005b04   0x00000008   Data   RO         1576    .constdata          c_w.l(_printf_wctomb.o)
    0x00005b0c   0x00000026   Data   RO         1836    .constdata          c_w.l(_printf_fp_hex.o)
    0x00005b32   0x00000002   PAD
    0x00005b34   0x00000094   Data   RO         1953    .constdata          c_w.l(bigflt0.o)
    0x00005bc8   0x0000002c   Data   RO          525    .constdata__ZTVN4mbed10FileHandleE  retarget.o
    0x00005bf4   0x00000010   Data   RO          851    .constdata__ZTVN4mbed10SerialBaseE  mbed.ar(SerialBase.o)
    0x00005c04   0x0000005c   Data   RO          786    .constdata__ZTVN4mbed6SerialE  mbed.ar(Serial.o)
    0x00005c60   0x00000044   Data   RO          919    .constdata__ZTVN4mbed6StreamE  mbed.ar(Stream.o)
    0x00005ca4   0x00000010   Data   RO         1046    .constdata__ZTVN4mbed8FileBaseE  mbed.ar(FileBase.o)
    0x00005cb4   0x0000003c   Data   RO         1069    .constdata__ZTVN4mbed8FileLikeE  mbed.ar(FileLike.o)
    0x00005cf0   0x00000020   Data   RO         2131    Region$$Table       anon$$obj.o
    0x00005d10   0x0000001c   Data   RO         1979    locale$$data        c_w.l(lc_numeric_c.o)
    0x00005d2c   0x00000110   Data   RO         2057    locale$$data        c_w.l(lc_ctype_c.o)
    0x00005e3c   0x00000004   Data   RO            7    .init_array         finalproject.o
    0x00005e40   0x00000000   Data   RO         1303    .init_array         c_w.l(init_aeabi.o)


    Execution Region RW_IRAM1 (Base: 0x100000c8, Size: 0x000003e4, Max: 0x00007f38, ABSOLUTE)

    Base Addr    Size         Type   Attr      Idx    E Section Name        Object

    0x100000c8   0x00000010   Data   RW            6    .data               finalproject.o
    0x100000d8   0x00000004   Data   RW          536    .data               system_LPC17xx.o
    0x100000dc   0x00000020   Data   RW          587    .data               mbed.ar(pwmout_api.o)
    0x100000fc   0x00000010   Data   RW          625    .data               mbed.ar(serial_api.o)
    0x1000010c   0x00000004   Data   RW         1011    .data               mbed.ar(us_ticker.o)
    0x10000110   0x00000004   Data   RW         1035    .data               mbed.ar(FileBase.o)
    0x10000114   0x00000008   Data   RW         1105    .data               mbed.ar(us_ticker_api.o)
    0x1000011c   0x00000004   Data   RW         1270    .data               c_w.l(stdio_streams.o)
    0x10000120   0x00000004   Data   RW         1271    .data               c_w.l(stdio_streams.o)
    0x10000124   0x00000004   Data   RW         1272    .data               c_w.l(stdio_streams.o)
    0x10000128   0x00000004   Data   RW         2001    .data               c_w.l(heapauxa.o)
    0x1000012c   0x00000142   Zero   RW            5    .bss                finalproject.o
    0x1000026e   0x00000002   PAD
    0x10000270   0x00000040   Zero   RW          478    .bss                retarget.o
    0x100002b0   0x000000e0   Zero   RW          623    .bss                mbed.ar(serial_api.o)
    0x10000390   0x00000054   Zero   RW         1267    .bss                c_w.l(stdio_streams.o)
    0x100003e4   0x00000054   Zero   RW         1268    .bss                c_w.l(stdio_streams.o)
    0x10000438   0x00000054   Zero   RW         1269    .bss                c_w.l(stdio_streams.o)
    0x1000048c   0x00000004   Zero   RW         1491    .bss                c_w.l(rt_ddtor_pointer_addr.o)
    0x10000490   0x00000004   Zero   RW         1800    .bss                c_w.l(rt_heap_descriptor.o)
    0x10000494   0x00000004   Zero   RW         1805    .bss                c_w.l(rt_errno_addr.o)
    0x10000498   0x00000014   Zero   RW         1933    .bss                c_w.l(rt_locale.o)


    Execution Region RW_IRAM2 (Base: 0x2007c000, Size: 0x00000000, Max: 0x00004000, ABSOLUTE)

    **** No section assigned to this execution region ****


    Execution Region RW_IRAM3 (Base: 0x20080000, Size: 0x00000000, Max: 0x00004000, ABSOLUTE)

    **** No section assigned to this execution region ****


    Execution Region RW_IRAM4 (Base: 0x40038000, Size: 0x00000000, Max: 0x00000800, ABSOLUTE)

    **** No section assigned to this execution region ****


==============================================================================

Image component sizes


      Code (inc. data)   RO Data    RW Data    ZI Data      Debug   Object Name

       264         22        128          0          0         76   board.o
       108          6          0          0          0         84   cmsis_nvic.o
       892        192          4         16        322      45534   finalproject.o
       812         98         67          0         64        928   retarget.o
        40         12        196          0          0        228   startup_LPC17xx.o
        16          6          0          0          0         68   sys.o
       160         10          0          4          0         68   system_LPC17xx.o

    ----------------------------------------------------------------------
      2294        346        428         20        388      46986   Object Totals
         0          0         32          0          0          0   (incl. Generated)
         2          0          1          0          2          0   (incl. Padding)

    ----------------------------------------------------------------------

      Code (inc. data)   RO Data    RW Data    ZI Data      Debug   Library Member Name

        60          8          0          0          0         84   __0sscanf.o
        20          0          0          0          0         84   __2fprintf.o
        44          6          0          0          0         84   __2sprintf.o
         8          0          0          0          0         68   __main.o
       392          4         17          0          0         92   __printf_flags_ss_wp.o
        14          0          0          0          0         68   __printf_wp.o
         0          0          0          0          0          0   __rtentry.o
        12          0          0          0          0          0   __rtentry2.o
         6          0          0          0          0          0   __rtentry4.o
        52          8          0          0          0          0   __scatter.o
        26          0          0          0          0          0   __scatter_copy.o
        28          0          0          0          0          0   __scatter_zi.o
        28          0          0          0          0         68   _chval.o
         6          0          0          0          0          0   _printf_a.o
         6          0          0          0          0          0   _printf_c.o
        44          0          0          0          0        108   _printf_char.o
        48          6          0          0          0         96   _printf_char_common.o
        36          4          0          0          0         80   _printf_char_file.o
        40          0          0          0          0         68   _printf_charcount.o
         6          0          0          0          0          0   _printf_d.o
       120         16          0          0          0         92   _printf_dec.o
         6          0          0          0          0          0   _printf_e.o
         6          0          0          0          0          0   _printf_f.o
      1050          0          0          0          0        216   _printf_fp_dec.o
       764         10         38          0          0        100   _printf_fp_hex.o
       128         16          0          0          0         84   _printf_fp_infnan.o
         6          0          0          0          0          0   _printf_g.o
       148          4         40          0          0        160   _printf_hex_int_ll_ptr.o
         6          0          0          0          0          0   _printf_i.o
       178          0          0          0          0         88   _printf_intcommon.o
        10          0          0          0          0          0   _printf_l.o
         6          0          0          0          0          0   _printf_lc.o
        10          0          0          0          0          0   _printf_ll.o
         6          0          0          0          0          0   _printf_lld.o
         6          0          0          0          0          0   _printf_lli.o
         6          0          0          0          0          0   _printf_llo.o
         6          0          0          0          0          0   _printf_llu.o
         6          0          0          0          0          0   _printf_llx.o
       124         16          0          0          0         92   _printf_longlong_dec.o
         6          0          0          0          0          0   _printf_ls.o
         6          0          0          0          0          0   _printf_n.o
         6          0          0          0          0          0   _printf_o.o
       112          8          0          0          0        124   _printf_oct_int_ll.o
         6          0          0          0          0          0   _printf_p.o
        78          0          0          0          0        108   _printf_pad.o
         0          0          0          0          0          0   _printf_percent.o
         4          0          0          0          0          0   _printf_percent_end.o
         6          0          0          0          0          0   _printf_s.o
        82          0          0          0          0         80   _printf_str.o
        36          0          0          0          0         84   _printf_truncate.o
         6          0          0          0          0          0   _printf_u.o
        44          0          0          0          0        108   _printf_wchar.o
       188          6          8          0          0         92   _printf_wctomb.o
         6          0          0          0          0          0   _printf_x.o
       884          6          0          0          0        100   _scanf.o
       332          0          0          0          0         96   _scanf_int.o
        64          0          0          0          0         84   _sgetc.o
        10          0          0          0          0         68   _sputc.o
        64          0          0          0          0         92   _wcrtomb.o
       220          4        148          0          0         96   bigflt0.o
      1910        128          0          0          0        672   btod.o
        10          0          0          0          0         68   c89vfprintf.o
        10          0          0          0          0         68   defsig_exit.o
        50          0          0          0          0         88   defsig_general.o
        48         34          0          0          0         76   defsig_pvfn_inner.o
        14          0          0          0          0         80   defsig_pvfn_outer.o
        80         58          0          0          0         76   defsig_rtmem_inner.o
        14          0          0          0          0         80   defsig_rtmem_outer.o
        52         38          0          0          0         76   defsig_rtred_inner.o
        14          0          0          0          0         80   defsig_rtred_outer.o
        76          0          0          0          0         88   fclose.o
         8          0          0          0          0         68   ferror.o
       100          4          0          0          0        120   fflush.o
        24          0          0          0          0         68   fgetc.o
       570          0          0          0          0        132   filbuf.o
       470          0          0          0          0         88   flsbuf.o
        56          6          0          0          0         80   flushlinebuffered.o
       236          4          0          0          0        128   fopen.o
        26          0          0          0          0         68   fputc.o
        34          0          0          0          0         80   fputs.o
       248          6          0          0          0         84   fseek.o
        66          0          0          0          0         76   ftell.o
        94          0          0          0          0         80   h1_alloc.o
        52          0          0          0          0         68   h1_extend.o
        78          0          0          0          0         80   h1_free.o
        14          0          0          0          0         84   h1_init.o
        80          6          0          4          0         96   heapauxa.o
         4          0          0          0          0        136   hguard.o
         0          0          0          0          0          0   indicate_semi.o
        36         10          0          0          0         80   init_aeabi.o
       138          0          0          0          0        168   init_alloc.o
       312         46          0          0          0        112   initio.o
        18          0          0          0          0         76   isspace.o
        44         10        272          0          0         76   lc_ctype_c.o
        44         10         28          0          0         76   lc_numeric_c.o
         2          0          0          0          0          0   libinit.o
        46          0          0          0          0          0   libinit2.o
         6          0          0          0          0          0   libshutdown2.o
       138          0          0          0          0         80   lludiv10.o
         0          0          0          0          0          0   maybetermalloc1.o
        16          4          0          0          0         76   rt_ctype_table.o
         8          4          0          0          4         68   rt_ddtor_pointer_addr.o
         8          4          0          0          4         68   rt_errno_addr.o
         8          4          0          0          4         68   rt_heap_descriptor.o
         8          4          0          0         20         68   rt_locale.o
        78          0          0          0          0         80   rt_memclr_w.o
       100          0          0          0          0         80   rt_memcpy_w.o
       122          0          0          0          0         80   rt_memmove_w.o
        44          8          0          0          0         84   scanf_char.o
        20          0          0          0          0         68   setbuf.o
        70          0          0          0          0         80   setvbuf.o
       240          6          0          0          0        156   stdio.o
         0          0          0         12        252          0   stdio_streams.o
       128          0          0          0          0         68   strcmpv7m.o
        62          0          0          0          0         76   strlen.o
       150          0          0          0          0         80   strncmp.o
        12          4          0          0          0         68   sys_exit.o
        14          0          0          0          0         76   sys_wrch.o
         2          0          0          0          0         68   use_no_semi.o
        10          0          0          0          0         68   vfprintf.o
        50          0          0          0          0         84   aeabi_atexit.o
        36          0          0          0          0         84   aeabi_vec_ctor_nocookie_nodtor.o
        66          0          0          0          0         84   cxa_finalize.o
         6          0          0          0          0         68   pure_virt.o
        98          4          0          0          0         92   d2f.o
       804         16          0          0          0        272   daddsub_clz.o
        38          0          0          0          0         68   dflt_clz.o
       156          4          0          0          0         92   dnaninf.o
        12          0          0          0          0         68   dretinf.o
       388         76          0          0          0         96   fdiv.o
        54          4          0          0          0         84   ffix.o
        62          4          0          0          0         84   ffixu.o
        38          0          0          0          0         68   fflt_clz.o
       258          4          0          0          0         84   fmul.o
       140          4          0          0          0         84   fnaninf.o
        10          0          0          0          0         68   fretinf.o
         4          0          0          0          0         68   printf1.o
         4          0          0          0          0         68   printf2.o
         0          0          0          0          0          0   usenofp.o
        40          0          0          0          0         68   fpclassify.o
       152         24         16          4          0        284   FileBase.o
        54         10         60          0          0        156   FileLike.o
       154          0          0          0          0        440   FilePath.o
        34          0          0          0          0        136   FunctionPointer.o
        60          4         92          0          0        288   Serial.o
       138         14         16          0          0        508   SerialBase.o
       274         18         68          0          0        860   Stream.o
       360         58        214          0          0        172   analogin_api.o
        80         56          0          0          0         80   assert.o
        24          4          0          0          0         80   error.o
        44          8          0          0          0         72   exit.o
       186         12        128          0          0        268   gpio.o
       142         28        124          0          0        228   gpio_api.o
         4          0          0          0          0         68   mbed_interface.o
       224         58        100          0          0        160   pinmap.o
       254         76          0          0          0        308   pinmap_common.o
       404         68        284         32          0        252   pwmout_api.o
        28          6          0          0          0        144   semihost_api.o
      1846        186        732         16        224       1132   serial_api.o
       144         38          0          4          0        280   us_ticker.o
        84          6          0          8          0         96   us_ticker_api.o
        64          4          0          0          0        160   wait_api.o

    ----------------------------------------------------------------------
     19014       1314       2392         80        508      15856   Library Totals
        46          0          7          0          0          0   (incl. Padding)

    ----------------------------------------------------------------------

      Code (inc. data)   RO Data    RW Data    ZI Data      Debug   Library Name

     11950        520        551         16        284       8000   c_w.l
       158          0          0          0          0        320   cpprt_w.l
      2066        116          0          0          0       1296   fz_ws.l
        40          0          0          0          0         68   m_ws.l
      4754        678       1834         64        224       6172   mbed.ar

    ----------------------------------------------------------------------
     19014       1314       2392         80        508      15856   Library Totals

    ----------------------------------------------------------------------

==============================================================================


      Code (inc. data)   RO Data    RW Data    ZI Data      Debug   

     21308       1660       2820        100        896      52126   Grand Totals
     21308       1660       2820        100        896      52126   ELF Image Totals
     21308       1660       2820        100          0          0   ROM Totals

==============================================================================

    Total RO  Size (Code + RO Data)                24128 (  23.56kB)
    Total RW  Size (RW Data + ZI Data)               996 (   0.97kB)
    Total ROM Size (Code + RO Data + RW Data)      24228 (  23.66kB)

==============================================================================

