<html>
<body>
<pre>
<h1>µVision Build Log</h1>
<h2>Tool Versions:</h2>
IDE-Version: µVision V5.12.0.0
Copyright (C) 2014 ARM Ltd and ARM Germany GmbH. All rights reserved.
License Information: Dave Blevins, Safe / Secure / Systems, LIC=----
 
Tool Versions:
Toolchain:       MDK-Lite  Version: 5.12.0.0
Toolchain Path:  C:\Keil_v5\ARM\ARMCC\Bin
C Compiler:      Armcc.exe V5.05 (build 41)
Assembler:       Armasm.exe V5.05 (build 41)
Linker/Locator:  ArmLink.exe V5.05 (build 41)
Library Manager: ArmAr.exe V5.05 (build 41)
Hex Converter:   FromElf.exe V5.05 (build 41)
CPU DLL:         SARMCM3.DLL V5.12.0.0
Dialog DLL:      DCM.DLL V1.13.0.0
Target DLL:      UL2CM3.DLL V1.153.0.0
Dialog DLL:      TCM.DLL V1.14.2.0
 
<h2>Project:</h2>
C:\Users\Dave\Documents\GitHub\e4357\zihuiCode1\zihui.uvprojx
Project File Date:  11/15/2014

<h2>Output:</h2>
Build target 'mbed NXP LPC1768'
compiling finalProject.cpp...
ble_mini.h(14): warning:  #1-D: last line of file ends without a newline
  #define OFF_INTERNEL_LED4 0x08
finalProject.cpp(19): warning:  #550-D: variable "hpNumber1" was set but never used
         int hpNumber1, hpNumberScaled;
finalProject.cpp: 2 warnings, 0 errors
linking...
Program Size: Code=21308 RO-data=2820 RW-data=100 ZI-data=896  
After Build - User command #1: fromelf --bin -o f:\finalProject_LPC1768.bin build\finalProject.axf
".\build\finalProject.axf" - 0 Error(s), 2 Warning(s).

<h2>Collection of Component include folders:</h2>
  C:\Users\Dave\Documents\GitHub\e4357\zihuiCode1\RTE
  C:\Keil_v5\ARM\PACK\Keil\LPC1700_DFP\2.0.0\Device\Include

<h2>Collection of Component Files used:</h2>
</pre>
</body>
</html>
