<html>
<body>
<pre>
<h1>µVision Build Log</h1>
<h2>Tool Versions:</h2>
IDE-Version: µVision V5.12.0.0
Copyright (C) 2014 ARM Ltd and ARM Germany GmbH. All rights reserved.
License Information: Dave Blevins, Safe / Secure / Systems, LIC=----
 
Tool Versions:
Toolchain:       MDK-Lite  Version: 5.12.0.0
Toolchain Path:  C:\Keil_v5\ARM\ARMCC\Bin
C Compiler:      Armcc.exe V5.05 (build 41)
Assembler:       Armasm.exe V5.05 (build 41)
Linker/Locator:  ArmLink.exe V5.05 (build 41)
Library Manager: ArmAr.exe V5.05 (build 41)
Hex Converter:   FromElf.exe V5.05 (build 41)
CPU DLL:         SARMCM3.DLL V5.12.0.0
Dialog DLL:      DCM.DLL V1.13.0.0
Target DLL:      CMSIS_AGDI.dll V1.19.0.0
Dialog DLL:      TCM.DLL V1.14.2.0
 
<h2>Project:</h2>
C:\Users\Dave\Documents\GitHub\e4357\serial\serial.uvprojx
Project File Date:  11/02/2014

<h2>Output:</h2>
Rebuild target 'mbed NXP LPC1768'
compiling main.cpp...
main.cpp(28): warning:  #1-D: last line of file ends without a newline
  }
main.cpp: 1 warning, 0 errors
linking...
Program Size: Code=21496 RO-data=1944 RW-data=80 ZI-data=456  
FromELF: creating hex file...
After Build - User command #1: fromelf --bin -o f:\hpHex.bin build\hpHex.axf
".\build\hpHex.axf" - 0 Error(s), 1 Warning(s).

<h2>Collection of Component include folders:</h2>
  C:\Users\Dave\Documents\GitHub\e4357\serial\RTE
  C:\Keil_v5\ARM\PACK\Keil\LPC1700_DFP\2.0.0\Device\Include

<h2>Collection of Component Files used:</h2>
Load "C:\\Users\\Dave\\Documents\\GitHub\\e4357\\serial\\build\\hpHex.axf" 
Erase Done.
Programming Done.
Verify OK.
Application running ...
</pre>
</body>
</html>
