Component: ARM Compiler 5.05 (build 41) Tool: armlink [4d0eb9]

==============================================================================

Section Cross References

    finalproject.o(.text) refers to _printf_percent.o(.ARM.Collect$$_printf_percent$$00000000) for _printf_percent
    finalproject.o(.text) refers to _printf_d.o(.ARM.Collect$$_printf_percent$$00000009) for _printf_d
    finalproject.o(.text) refers to _printf_dec.o(.text) for _printf_int_dec
    finalproject.o(.text) refers to _printf_f.o(.ARM.Collect$$_printf_percent$$00000003) for _printf_f
    finalproject.o(.text) refers to printf1.o(x$fpl$printf1) for _printf_fp_dec
    finalproject.o(.text) refers to SerialBase.o(i._ZN4mbed10SerialBase4baudEi) for mbed::SerialBase::baud(int)
    finalproject.o(.text) refers to finalproject.o(i._ZN4mbed8AnalogIncvfEv) for mbed::AnalogIn::operator float()
    finalproject.o(.text) refers to ffix.o(x$fpl$ffix) for __aeabi_f2iz
    finalproject.o(.text) refers to fmul.o(x$fpl$fmul) for __aeabi_fmul
    finalproject.o(.text) refers to __2sprintf.o(.text) for __2sprintf
    finalproject.o(.text) refers to Stream.o(i._ZN4mbed6Stream4putsEPKc) for mbed::Stream::puts(const char*)
    finalproject.o(.text) refers to tmp006.o(.text) for TMP006::readObjTempC(unsigned char)
    finalproject.o(.text) refers to d2f.o(x$fpl$d2f) for __aeabi_d2f
    finalproject.o(.text) refers to f2d.o(x$fpl$f2d) for __aeabi_f2d
    finalproject.o(.text) refers to fleqf.o(x$fpl$fleqf) for __aeabi_cfcmple
    finalproject.o(.text) refers to frleqf.o(x$fpl$frleqf) for __aeabi_cfrcmple
    finalproject.o(.text) refers to dmul.o(x$fpl$dmul) for __aeabi_dmul
    finalproject.o(.text) refers to daddsub_clz.o(x$fpl$dadd) for __aeabi_dadd
    finalproject.o(.text) refers to Stream.o(i._ZN4mbed6Stream6printfEPKcz) for mbed::Stream::printf(const char*, ...)
    finalproject.o(.text) refers to SerialBase.o(i._ZN4mbed10SerialBase8readableEv) for mbed::SerialBase::readable()
    finalproject.o(.text) refers to Stream.o(i._ZN4mbed6Stream4getcEv) for mbed::Stream::getc()
    finalproject.o(.text) refers to finalproject.o(i._ZN4mbed10DigitalOutaSEi) for mbed::DigitalOut::operator =(int)
    finalproject.o(.text) refers to wait_api.o(i.wait) for wait
    finalproject.o(.text) refers to finalproject.o(i._ZN4mbed10DigitalOutC1E7PinName) for mbed::DigitalOut::DigitalOut(PinName)
    finalproject.o(.text) refers to analogin_api.o(i.analogin_init) for analogin_init
    finalproject.o(.text) refers to aeabi_atexit.o(i.__aeabi_atexit) for __aeabi_atexit
    finalproject.o(.text) refers to Serial.o(i._ZN4mbed6SerialC1E7PinNameS1_PKc) for mbed::Serial::Serial(PinName, PinName, const char*)
    finalproject.o(.text) refers to finalproject.o(.bss) for bluetooth
    finalproject.o(.text) refers to finalproject.o(.data) for bendy
    finalproject.o(.text) refers to Serial.o(i._ZN4mbed6SerialD1Ev) for mbed::Serial::~Serial()
    finalproject.o(.ARM.exidx) refers to finalproject.o(.text) for .text
    finalproject.o(.init_array) refers to finalproject.o(.text) for __sti___16_finalProject_cpp_one28
    finalproject.o(.init_array) refers to init_aeabi.o(.text) for __cpp_initialize__aeabi_
    tmp006.o(.text) refers to I2C.o(i._ZN4mbed3I2CC1E7PinNameS1_) for mbed::I2C::I2C(PinName, PinName)
    tmp006.o(.text) refers to I2C.o(i._ZN4mbed3I2C5writeEiPKcib) for mbed::I2C::write(int, const char*, int, bool)
    tmp006.o(.text) refers to I2C.o(i._ZN4mbed3I2C4readEiPcib) for mbed::I2C::read(int, char*, int, bool)
    tmp006.o(.text) refers to dflt_clz.o(x$fpl$dflt) for __aeabi_i2d
    tmp006.o(.text) refers to dmul.o(x$fpl$dmul) for __aeabi_dmul
    tmp006.o(.text) refers to ddiv.o(x$fpl$ddiv) for __aeabi_ddiv
    tmp006.o(.text) refers to daddsub_clz.o(x$fpl$dadd) for __aeabi_dadd
    tmp006.o(.text) refers to daddsub_clz.o(x$fpl$dsub) for __aeabi_dsub
    tmp006.o(.text) refers to sqrt.o(i.sqrt) for sqrt
    tmp006.o(.ARM.exidx) refers to tmp006.o(.text) for .text
    retarget.o(i.$Sub$$main) refers to retarget.o(i.mbed_sdk_init) for mbed_sdk_init
    retarget.o(i.$Sub$$main) refers to retarget.o(i.mbed_main) for mbed_main
    retarget.o(i.$Sub$$main) refers to finalproject.o(.text) for $Super$$main
    retarget.o(i._ZN4mbed10FileHandleD0Ev) refers to delete.o(i._ZdlPv) for operator delete (void*)
    retarget.o(i._ZN4mbed10FileHandleD0Ev) refers to retarget.o(.constdata__ZTVN4mbed10FileHandleE) for vtable for mbed::FileHandle
    retarget.o(i._ZN4mbed10FileHandleD0Ev) refers to retarget.o(.bss) for .bss
    retarget.o(i._ZN4mbed10FileHandleD2Ev) refers to retarget.o(.constdata__ZTVN4mbed10FileHandleE) for vtable for mbed::FileHandle
    retarget.o(i._ZN4mbed10FileHandleD2Ev) refers to retarget.o(.bss) for .bss
    retarget.o(i._sys_close) refers to retarget.o(.bss) for .bss
    retarget.o(i._sys_ensure) refers to retarget.o(.bss) for .bss
    retarget.o(i._sys_flen) refers to retarget.o(.bss) for .bss
    retarget.o(i._sys_istty) refers to retarget.o(.bss) for .bss
[...]
    __rt_lib_init_return                     0x000001f7   Thumb Code     0  libinit2.o(.ARM.Collect$$libinit$$00000033)
    __rt_lib_shutdown_cpp_1                  0x000001f9   Thumb Code     0  libshutdown2.o(.ARM.Collect$$libshutdown$$00000001)
    __rt_entry                               0x000001ff   Thumb Code     0  __rtentry.o(.ARM.Collect$$rtentry$$00000000)
    __rt_entry_presh_1                       0x000001ff   Thumb Code     0  __rtentry2.o(.ARM.Collect$$rtentry$$00000002)
    __rt_entry_sh                            0x000001ff   Thumb Code     0  __rtentry4.o(.ARM.Collect$$rtentry$$00000004)
    __rt_lib_shutdown_stdio_2                0x000001ff   Thumb Code     0  libshutdown2.o(.ARM.Collect$$libshutdown$$00000003)
    __rt_entry_li                            0x00000205   Thumb Code     0  __rtentry2.o(.ARM.Collect$$rtentry$$0000000A)
    __rt_entry_postsh_1                      0x00000205   Thumb Code     0  __rtentry2.o(.ARM.Collect$$rtentry$$00000009)
    __rt_entry_main                          0x00000209   Thumb Code     0  __rtentry2.o(.ARM.Collect$$rtentry$$0000000D)
    __rt_entry_postli_1                      0x00000209   Thumb Code     0  __rtentry2.o(.ARM.Collect$$rtentry$$0000000C)
    Reset_Handler                            0x00000211   Thumb Code     8  startup_LPC17xx.o(.text)
    _maybe_terminate_alloc                   0x00000211   Thumb Code     0  maybetermalloc1.o(.emb_text)
    NMI_Handler                              0x00000219   Thumb Code     2  startup_LPC17xx.o(.text)
    HardFault_Handler                        0x0000021b   Thumb Code     2  startup_LPC17xx.o(.text)
    MemManage_Handler                        0x0000021d   Thumb Code     2  startup_LPC17xx.o(.text)
    BusFault_Handler                         0x0000021f   Thumb Code     2  startup_LPC17xx.o(.text)
    UsageFault_Handler                       0x00000221   Thumb Code     2  startup_LPC17xx.o(.text)
    SVC_Handler                              0x00000223   Thumb Code     2  startup_LPC17xx.o(.text)
    DebugMon_Handler                         0x00000225   Thumb Code     2  startup_LPC17xx.o(.text)
    PendSV_Handler                           0x00000227   Thumb Code     2  startup_LPC17xx.o(.text)
    SysTick_Handler                          0x00000229   Thumb Code     2  startup_LPC17xx.o(.text)
    ADC_IRQHandler                           0x0000022b   Thumb Code     0  startup_LPC17xx.o(.text)
    BOD_IRQHandler                           0x0000022b   Thumb Code     0  startup_LPC17xx.o(.text)
    CAN_IRQHandler                           0x0000022b   Thumb Code     0  startup_LPC17xx.o(.text)
    DMA_IRQHandler                           0x0000022b   Thumb Code     0  startup_LPC17xx.o(.text)
    EINT0_IRQHandler                         0x0000022b   Thumb Code     0  startup_LPC17xx.o(.text)
    EINT1_IRQHandler                         0x0000022b   Thumb Code     0  startup_LPC17xx.o(.text)
    EINT2_IRQHandler                         0x0000022b   Thumb Code     0  startup_LPC17xx.o(.text)
    EINT3_IRQHandler                         0x0000022b   Thumb Code     0  startup_LPC17xx.o(.text)
    ENET_IRQHandler                          0x0000022b   Thumb Code     0  startup_LPC17xx.o(.text)
    I2C0_IRQHandler                          0x0000022b   Thumb Code     0  startup_LPC17xx.o(.text)
    I2C1_IRQHandler                          0x0000022b   Thumb Code     0  startup_LPC17xx.o(.text)
    I2C2_IRQHandler                          0x0000022b   Thumb Code     0  startup_LPC17xx.o(.text)
    I2S_IRQHandler                           0x0000022b   Thumb Code     0  startup_LPC17xx.o(.text)
    MCPWM_IRQHandler                         0x0000022b   Thumb Code     0  startup_LPC17xx.o(.text)
    PLL0_IRQHandler                          0x0000022b   Thumb Code     0  startup_LPC17xx.o(.text)
    PLL1_IRQHandler                          0x0000022b   Thumb Code     0  startup_LPC17xx.o(.text)
    PWM1_IRQHandler                          0x0000022b   Thumb Code     0  startup_LPC17xx.o(.text)
    QEI_IRQHandler                           0x0000022b   Thumb Code     0  startup_LPC17xx.o(.text)
    RIT_IRQHandler                           0x0000022b   Thumb Code     0  startup_LPC17xx.o(.text)
    RTC_IRQHandler                           0x0000022b   Thumb Code     0  startup_LPC17xx.o(.text)
    SPI_IRQHandler                           0x0000022b   Thumb Code     0  startup_LPC17xx.o(.text)
    SSP0_IRQHandler                          0x0000022b   Thumb Code     0  startup_LPC17xx.o(.text)
    SSP1_IRQHandler                          0x0000022b   Thumb Code     0  startup_LPC17xx.o(.text)
    TIMER0_IRQHandler                        0x0000022b   Thumb Code     0  startup_LPC17xx.o(.text)
    TIMER1_IRQHandler                        0x0000022b   Thumb Code     0  startup_LPC17xx.o(.text)
    TIMER2_IRQHandler                        0x0000022b   Thumb Code     0  startup_LPC17xx.o(.text)
    TIMER3_IRQHandler                        0x0000022b   Thumb Code     0  startup_LPC17xx.o(.text)
    UART0_IRQHandler                         0x0000022b   Thumb Code     0  startup_LPC17xx.o(.text)
    UART1_IRQHandler                         0x0000022b   Thumb Code     0  startup_LPC17xx.o(.text)
    UART2_IRQHandler                         0x0000022b   Thumb Code     0  startup_LPC17xx.o(.text)
    UART3_IRQHandler                         0x0000022b   Thumb Code     0  startup_LPC17xx.o(.text)
    USB_IRQHandler                           0x0000022b   Thumb Code     0  startup_LPC17xx.o(.text)
    WDT_IRQHandler                           0x0000022b   Thumb Code     0  startup_LPC17xx.o(.text)
    vfprintf                                 0x00000235   Thumb Code    10  vfprintf.o(.text)
    __c89vfprintf                            0x0000023f   Thumb Code    10  c89vfprintf.o(.text)
    __2fprintf                               0x00000249   Thumb Code    20  __2fprintf.o(.text)
    __2sprintf                               0x0000025d   Thumb Code    38  __2sprintf.o(.text)
    _printf_str                              0x00000289   Thumb Code    82  _printf_str.o(.text)
    fputs                                    0x000002db   Thumb Code    34  fputs.o(.text)
    $Super$$main                             0x00000301   Thumb Code   516  finalproject.o(.text)
    TMP006::TMP006(PinName, PinName, int)    0x000006a1   Thumb Code    32  tmp006.o(.text)
    TMP006::TMP006__sub_object(PinName, PinName, int) 0x000006a1   Thumb Code     0  tmp006.o(.text)
    TMP006::config(unsigned char, unsigned short) 0x000006c1   Thumb Code    38  tmp006.o(.text)
    TMP006::readRawDieTemperature(unsigned char) 0x000006e7   Thumb Code    62  tmp006.o(.text)
    TMP006::readRawVoltage(unsigned char)    0x00000725   Thumb Code    58  tmp006.o(.text)
    TMP006::readObjTempC(unsigned char)      0x0000075f   Thumb Code   506  tmp006.o(.text)
    TMP006::readObjTempF(unsigned char)      0x00000959   Thumb Code    64  tmp006.o(.text)
    TMP006::readDieTempC(unsigned char)      0x00000999   Thumb Code    50  tmp006.o(.text)
    TMP006::readDieTempF(unsigned char)      0x000009cb   Thumb Code    64  tmp006.o(.text)
    TMP006::~TMP006()                        0x00000a0b   Thumb Code     2  tmp006.o(.text)
    TMP006::~TMP006__sub_object()            0x00000a0b   Thumb Code     0  tmp006.o(.text)
    _printf_int_dec                          0x00000a6d   Thumb Code   104  _printf_dec.o(.text)
    _printf_longlong_hex                     0x00000ae5   Thumb Code    86  _printf_hex_int_ll_ptr.o(.text)
    _printf_int_hex                          0x00000b3b   Thumb Code    28  _printf_hex_int_ll_ptr.o(.text)
    _printf_ll_hex                           0x00000b57   Thumb Code    12  _printf_hex_int_ll_ptr.o(.text)
    _printf_hex_ptr                          0x00000b63   Thumb Code    18  _printf_hex_int_ll_ptr.o(.text)
    __printf                                 0x00000b79   Thumb Code   388  __printf_flags_ss_wp.o(.text)
    __0sscanf                                0x00000d01   Thumb Code    52  __0sscanf.o(.text)
    _scanf_int                               0x00000d3d   Thumb Code   332  _scanf_int.o(.text)
    _do_fflush                               0x00000e89   Thumb Code    54  fflush.o(.text)
    fflush                                   0x00000ebf   Thumb Code    42  fflush.o(.text)
    freopen                                  0x00000eed   Thumb Code   158  fopen.o(.text)
    fopen                                    0x00000f8b   Thumb Code    74  fopen.o(.text)
    setbuf                                   0x00000fd9   Thumb Code    20  setbuf.o(.text)
    _fclose_internal                         0x00000fed   Thumb Code    76  fclose.o(.text)
    fclose                                   0x00000fed   Thumb Code     0  fclose.o(.text)
    strlen                                   0x00001039   Thumb Code    62  strlen.o(.text)
    strncmp                                  0x00001077   Thumb Code   150  strncmp.o(.text)
    __aeabi_memmove4                         0x0000110d   Thumb Code     0  rt_memmove_w.o(.text)
    __aeabi_memmove8                         0x0000110d   Thumb Code     0  rt_memmove_w.o(.text)
    __rt_memmove_w                           0x0000110d   Thumb Code   122  rt_memmove_w.o(.text)
    __memmove_aligned                        0x00001133   Thumb Code     0  rt_memmove_w.o(.text)
    __memmove_lastfew_aligned                0x0000116b   Thumb Code     0  rt_memmove_w.o(.text)
    __aeabi_memclr4                          0x00001187   Thumb Code     0  rt_memclr_w.o(.text)
    __aeabi_memclr8                          0x00001187   Thumb Code     0  rt_memclr_w.o(.text)
    __rt_memclr_w                            0x00001187   Thumb Code    78  rt_memclr_w.o(.text)
    _memset_w                                0x0000118b   Thumb Code     0  rt_memclr_w.o(.text)
    strcmp                                   0x000011d5   Thumb Code   128  strcmpv7m.o(.text)
    __cpp_initialize__aeabi_                 0x00001255   Thumb Code    26  init_aeabi.o(.text)
    __rt_ddtor_pointer_addr                  0x00001279   Thumb Code     8  rt_ddtor_pointer_addr.o(.text)
    malloc                                   0x00001281   Thumb Code    94  h1_alloc.o(.text)
    free                                     0x000012df   Thumb Code    78  h1_free.o(.text)
    __read_errno                             0x0000132d   Thumb Code    10  _rserrno.o(.text)
    __set_errno                              0x00001337   Thumb Code    12  _rserrno.o(.text)
    _printf_pre_padding                      0x00001343   Thumb Code    44  _printf_pad.o(.text)
    _printf_post_padding                     0x0000136f   Thumb Code    34  _printf_pad.o(.text)
    _printf_truncate_signed                  0x00001391   Thumb Code    18  _printf_truncate.o(.text)
    _printf_truncate_unsigned                0x000013a3   Thumb Code    18  _printf_truncate.o(.text)
    _printf_int_common                       0x000013b5   Thumb Code   178  _printf_intcommon.o(.text)
    _printf_charcount                        0x00001467   Thumb Code    40  _printf_charcount.o(.text)
    __lib_sel_fp_printf                      0x0000148f   Thumb Code     2  _printf_fp_dec.o(.text)
    _printf_fp_dec_real                      0x0000163d   Thumb Code   620  _printf_fp_dec.o(.text)
    _printf_char_common                      0x000018b3   Thumb Code    32  _printf_char_common.o(.text)
    _sputc                                   0x000018d9   Thumb Code    10  _sputc.o(.text)
    _printf_cs_common                        0x000018e3   Thumb Code    20  _printf_char.o(.text)
    _printf_char                             0x000018f7   Thumb Code    16  _printf_char.o(.text)
    _printf_string                           0x00001907   Thumb Code     8  _printf_char.o(.text)
    _printf_char_file                        0x00001911   Thumb Code    32  _printf_char_file.o(.text)
    _printf_wctomb                           0x00001935   Thumb Code   182  _printf_wctomb.o(.text)
    _printf_longlong_dec                     0x000019f1   Thumb Code   108  _printf_longlong_dec.o(.text)
    _printf_longlong_oct                     0x00001a6d   Thumb Code    68  _printf_oct_int_ll.o(.text)
    _printf_int_oct                          0x00001ab1   Thumb Code    24  _printf_oct_int_ll.o(.text)
    _printf_ll_oct                           0x00001ac9   Thumb Code    12  _printf_oct_int_ll.o(.text)
    _chval                                   0x00001add   Thumb Code    28  _chval.o(.text)
    __vfscanf_char                           0x00001b05   Thumb Code    24  scanf_char.o(.text)
    _sgetc                                   0x00001b25   Thumb Code    30  _sgetc.o(.text)
    _sbackspace                              0x00001b43   Thumb Code    34  _sgetc.o(.text)
    ferror                                   0x00001b65   Thumb Code     8  ferror.o(.text)
    _readbuf                                 0x00001b6d   Thumb Code    54  filbuf.o(.text)
    _seteof                                  0x00001ba3   Thumb Code    40  filbuf.o(.text)
    __filbuf                                 0x00001bcb   Thumb Code   476  filbuf.o(.text)
    __filbuf_byte                            0x00001bcb   Thumb Code     0  filbuf.o(.text)
    __filbuf_wide                            0x00001bcb   Thumb Code     0  filbuf.o(.text)
    __flsbuf                                 0x00001da7   Thumb Code   470  flsbuf.o(.text)
    __flsbuf_byte                            0x00001da7   Thumb Code     0  flsbuf.o(.text)
    __flsbuf_wide                            0x00001da7   Thumb Code     0  flsbuf.o(.text)
    _fseek                                   0x00001f7d   Thumb Code   242  fseek.o(.text)
    fseek                                    0x00001f7d   Thumb Code     0  fseek.o(.text)
    setvbuf                                  0x00002075   Thumb Code    70  setvbuf.o(.text)
    _seterr                                  0x000020bd   Thumb Code    20  stdio.o(.text)
    _writebuf                                0x000020d1   Thumb Code    84  stdio.o(.text)
    _fflush                                  0x00002125   Thumb Code    70  stdio.o(.text)
    _deferredlazyseek                        0x0000216b   Thumb Code    60  stdio.o(.text)
    _initio                                  0x000021ad   Thumb Code   210  initio.o(.text)
    _terminateio                             0x0000227f   Thumb Code    56  initio.o(.text)
    __rt_SIGPVFN                             0x000022e5   Thumb Code    14  defsig_pvfn_outer.o(.text)
    __aeabi_memcpy4                          0x000022f3   Thumb Code     0  rt_memcpy_w.o(.text)
    __aeabi_memcpy8                          0x000022f3   Thumb Code     0  rt_memcpy_w.o(.text)
    __rt_memcpy_w                            0x000022f3   Thumb Code   100  rt_memcpy_w.o(.text)
    _memcpy_lastbytes_aligned                0x0000233b   Thumb Code     0  rt_memcpy_w.o(.text)
    __rt_heap_descriptor                     0x00002359   Thumb Code     8  rt_heap_descriptor.o(.text)
    __rt_locale                              0x00002361   Thumb Code     8  rt_locale.o(.text)
    __aeabi_errno_addr                       0x00002369   Thumb Code     8  rt_errno_addr.o(.text)
    __errno                                  0x00002369   Thumb Code     0  rt_errno_addr.o(.text)
    __rt_errno_addr                          0x00002369   Thumb Code     0  rt_errno_addr.o(.text)
    __use_no_heap                            0x00002371   Thumb Code     2  hguard.o(.text)
    __heap$guard                             0x00002373   Thumb Code     2  hguard.o(.text)
    _terminate_user_alloc                    0x00002375   Thumb Code     2  init_alloc.o(.text)
    _init_user_alloc                         0x00002377   Thumb Code     2  init_alloc.o(.text)
    __Heap_Full                              0x00002379   Thumb Code    34  init_alloc.o(.text)
    __Heap_Broken                            0x0000239b   Thumb Code     6  init_alloc.o(.text)
    _init_alloc                              0x000023a1   Thumb Code    94  init_alloc.o(.text)
    __Heap_Initialize                        0x000023ff   Thumb Code    10  h1_init.o(.text)
    __Heap_DescSize                          0x00002409   Thumb Code     4  h1_init.o(.text)
    _ll_udiv10                               0x0000240d   Thumb Code   138  lludiv10.o(.text)
    isspace                                  0x00002497   Thumb Code    18  isspace.o(.text)
    _printf_fp_hex_real                      0x000024a9   Thumb Code   754  _printf_fp_hex.o(.text)
    _printf_fp_infnan                        0x000027a5   Thumb Code   112  _printf_fp_infnan.o(.text)
    _printf_lcs_common                       0x00002825   Thumb Code    20  _printf_wchar.o(.text)
    _printf_wchar                            0x00002839   Thumb Code    16  _printf_wchar.o(.text)
    _printf_wstring                          0x00002849   Thumb Code     8  _printf_wchar.o(.text)
    __vfscanf                                0x00002851   Thumb Code   878  _scanf.o(.text)
    _btod_etento                             0x00002bc5   Thumb Code   216  bigflt0.o(.text)
    _ftell_internal                          0x00002ca1   Thumb Code    66  ftell.o(.text)
    ftell                                    0x00002ca1   Thumb Code     0  ftell.o(.text)
    _flushlinebuffered                       0x00002ce5   Thumb Code    50  flushlinebuffered.o(.text)
    _wcrtomb                                 0x00002d1d   Thumb Code    64  _wcrtomb.o(.text)
    __sig_exit                               0x00002d5d   Thumb Code    10  defsig_exit.o(.text)
    __rt_SIGRTRED                            0x00002d67   Thumb Code    14  defsig_rtred_outer.o(.text)
    __rt_SIGPVFN_inner                       0x00002d75   Thumb Code    14  defsig_pvfn_inner.o(.text)
    _sys_exit                                0x00002da5   Thumb Code     8  sys_exit.o(.text)
    __rt_ctype_table                         0x00002db1   Thumb Code    16  rt_ctype_table.o(.text)
    __Heap_ProvideMemory                     0x00002dc1   Thumb Code    52  h1_extend.o(.text)
    __default_signal_display                 0x00002df5   Thumb Code    50  defsig_general.o(.text)
    __rt_SIGRTRED_inner                      0x00002e29   Thumb Code    14  defsig_rtred_inner.o(.text)
    __rt_SIGRTMEM                            0x00002e5d   Thumb Code    14  defsig_rtmem_outer.o(.text)
    __rt_heap_escrow                         0x00002e6d   Thumb Code    22  heapauxa.o(.text)
    __rt_heap_expand                         0x00002e83   Thumb Code    52  heapauxa.o(.text)
    _ttywrch                                 0x00002ebd   Thumb Code    14  sys_wrch.o(.text)
    __I$use$semihosting                      0x00002ecb   Thumb Code     0  use_no_semi.o(.text)
    __use_no_semihosting_swi                 0x00002ecb   Thumb Code     2  use_no_semi.o(.text)
    __rt_SIGRTMEM_inner                      0x00002ecd   Thumb Code    22  defsig_rtmem_inner.o(.text)
    __semihosting_library_function           0x00002ecd   Thumb Code     0  indicate_semi.o(.text)
    _btod_d2e                                0x00002f1d   Thumb Code    62  btod.o(CL$$btod_d2e)
    _d2e_denorm_low                          0x00002f5b   Thumb Code    70  btod.o(CL$$btod_d2e_denorm_low)
    _d2e_norm_op1                            0x00002fa1   Thumb Code    96  btod.o(CL$$btod_d2e_norm_op1)
    __btod_div_common                        0x00003001   Thumb Code   696  btod.o(CL$$btod_div_common)
    _e2e                                     0x00003339   Thumb Code   198  btod.o(CL$$btod_e2e)
    _btod_ediv                               0x000033ff   Thumb Code    40  btod.o(CL$$btod_ediv)
    _btod_emul                               0x00003427   Thumb Code    40  btod.o(CL$$btod_emul)
    __btod_mult_common                       0x0000344f   Thumb Code   580  btod.o(CL$$btod_mult_common)
    main                                     0x00003693   Thumb Code    18  retarget.o(i.$Sub$$main)
    NVIC_SetVector                           0x000036ad   Thumb Code   102  cmsis_nvic.o(i.NVIC_SetVector)
    SystemInit                               0x00003719   Thumb Code   150  system_LPC17xx.o(i.SystemInit)
    mbed::DigitalOut::write(int)             0x000037b9   Thumb Code    50  finalproject.o(i._ZN4mbed10DigitalOut5writeEi)
    mbed::DigitalOut::DigitalOut(PinName)    0x00003841   Thumb Code    26  finalproject.o(i._ZN4mbed10DigitalOutC1E7PinName)
    mbed::DigitalOut::DigitalOut__sub_object(PinName) 0x00003841   Thumb Code     0  finalproject.o(i._ZN4mbed10DigitalOutC1E7PinName)
    mbed::DigitalOut::operator =(int)        0x0000385b   Thumb Code    18  finalproject.o(i._ZN4mbed10DigitalOutaSEi)
    mbed::FileHandle::flen()                 0x0000386d   Thumb Code    58  retarget.o(i._ZN4mbed10FileHandle4flenEv)
    mbed::FileHandle::~FileHandle()          0x000038a9   Thumb Code     0  retarget.o(i._ZN4mbed10FileHandleD2Ev)
    mbed::FileHandle::~FileHandle__sub_object() 0x000038a9   Thumb Code    38  retarget.o(i._ZN4mbed10FileHandleD2Ev)
    mbed::SerialBase::_base_getc()           0x000038d9   Thumb Code     6  SerialBase.o(i._ZN4mbed10SerialBase10_base_getcEv)
    mbed::SerialBase::_base_putc(int)        0x000038df   Thumb Code    14  SerialBase.o(i._ZN4mbed10SerialBase10_base_putcEi)
    mbed::SerialBase::_irq_handler(unsigned, SerialIrq) 0x000038ed   Thumb Code    14  SerialBase.o(i._ZN4mbed10SerialBase12_irq_handlerEj9SerialIrq)
    mbed::SerialBase::baud(int)              0x000038fb   Thumb Code    16  SerialBase.o(i._ZN4mbed10SerialBase4baudEi)
    mbed::SerialBase::readable()             0x0000390b   Thumb Code     6  SerialBase.o(i._ZN4mbed10SerialBase8readableEv)
    mbed::SerialBase::SerialBase(PinName, PinName) 0x00003911   Thumb Code    62  SerialBase.o(i._ZN4mbed10SerialBaseC1E7PinNameS1_)
    mbed::SerialBase::SerialBase__sub_object(PinName, PinName) 0x00003911   Thumb Code     0  SerialBase.o(i._ZN4mbed10SerialBaseC1E7PinNameS1_)
    mbed::FunctionPointer::call()            0x0000395d   Thumb Code    24  FunctionPointer.o(i._ZN4mbed15FunctionPointer4callEv)
    mbed::FunctionPointer::FunctionPointer(void(*)()) 0x00003975   Thumb Code    10  FunctionPointer.o(i._ZN4mbed15FunctionPointerC1EPFvvE)
    mbed::FunctionPointer::FunctionPointer__sub_object(void(*)()) 0x00003975   Thumb Code     0  FunctionPointer.o(i._ZN4mbed15FunctionPointerC1EPFvvE)
    mbed::I2C::read(int, char*, int, bool)   0x00003981   Thumb Code    68  I2C.o(i._ZN4mbed3I2C4readEiPcib)
    mbed::I2C::write(int, const char*, int, bool) 0x000039c9   Thumb Code    68  I2C.o(i._ZN4mbed3I2C5writeEiPKcib)
    mbed::I2C::I2C(PinName, PinName)         0x00003a11   Thumb Code    26  I2C.o(i._ZN4mbed3I2CC1E7PinNameS1_)
    mbed::I2C::I2C__sub_object(PinName, PinName) 0x00003a11   Thumb Code     0  I2C.o(i._ZN4mbed3I2CC1E7PinNameS1_)
    mbed::Serial::Serial(PinName, PinName, const char*) 0x00003a35   Thumb Code    32  Serial.o(i._ZN4mbed6SerialC1E7PinNameS1_PKc)
    mbed::Serial::Serial__sub_object(PinName, PinName, const char*) 0x00003a35   Thumb Code     0  Serial.o(i._ZN4mbed6SerialC1E7PinNameS1_PKc)
    mbed::Serial::~Serial()                  0x00003a59   Thumb Code    12  Serial.o(i._ZN4mbed6SerialD1Ev)
    mbed::Serial::~Serial__sub_object()      0x00003a59   Thumb Code     0  Serial.o(i._ZN4mbed6SerialD1Ev)
    mbed::Stream::flen()                     0x00003a65   Thumb Code     4  Stream.o(i._ZN4mbed6Stream4flenEv)
    mbed::Stream::getc()                     0x00003a69   Thumb Code    20  Stream.o(i._ZN4mbed6Stream4getcEv)
    mbed::Stream::puts(const char*)          0x00003a7d   Thumb Code    24  Stream.o(i._ZN4mbed6Stream4putsEPKc)
    mbed::Stream::read(void*, unsigned)      0x00003a95   Thumb Code    42  Stream.o(i._ZN4mbed6Stream4readEPvj)
    mbed::Stream::close()                    0x00003abf   Thumb Code     4  Stream.o(i._ZN4mbed6Stream5closeEv)
    mbed::Stream::lseek(long, int)           0x00003ac3   Thumb Code     4  Stream.o(i._ZN4mbed6Stream5lseekEli)
    mbed::Stream::write(const void*, unsigned) 0x00003ac7   Thumb Code    42  Stream.o(i._ZN4mbed6Stream5writeEPKvj)
    mbed::Stream::isatty()                   0x00003af1   Thumb Code     4  Stream.o(i._ZN4mbed6Stream6isattyEv)
    mbed::Stream::printf(const char*, ...)   0x00003af5   Thumb Code    30  Stream.o(i._ZN4mbed6Stream6printfEPKcz)
    mbed::Stream::Stream__sub_object(const char*) 0x00003b15   Thumb Code    54  Stream.o(i._ZN4mbed6StreamC2EPKc)
    mbed::Stream::~Stream()                  0x00003b59   Thumb Code     0  Stream.o(i._ZN4mbed6StreamD2Ev)
    mbed::Stream::~Stream__sub_object()      0x00003b59   Thumb Code    28  Stream.o(i._ZN4mbed6StreamD2Ev)
    mbed::AnalogIn::operator float()         0x00003b79   Thumb Code    14  finalproject.o(i._ZN4mbed8AnalogIncvfEv)
    mbed::FileBase::getPathType()            0x00003b87   Thumb Code     4  FileBase.o(i._ZN4mbed8FileBase11getPathTypeEv)
    mbed::FileBase::lookup(const char*, unsigned) 0x00003b8d   Thumb Code    50  FileBase.o(i._ZN4mbed8FileBase6lookupEPKcj)
    mbed::FileBase::FileBase(const char*, mbed::PathType) 0x00003bc5   Thumb Code    28  FileBase.o(i._ZN4mbed8FileBaseC1EPKcNS_8PathTypeE)
    mbed::FileBase::FileBase__sub_object(const char*, mbed::PathType) 0x00003bc5   Thumb Code     0  FileBase.o(i._ZN4mbed8FileBaseC1EPKcNS_8PathTypeE)
    mbed::FileBase::~FileBase()              0x00003be9   Thumb Code    46  FileBase.o(i._ZN4mbed8FileBaseD1Ev)
    mbed::FileBase::~FileBase__sub_object()  0x00003be9   Thumb Code     0  FileBase.o(i._ZN4mbed8FileBaseD1Ev)
    mbed::FileLike::FileLike__sub_object(const char*) 0x00003c21   Thumb Code    26  FileLike.o(i._ZN4mbed8FileLikeC2EPKc)
    mbed::FileLike::~FileLike()              0x00003c45   Thumb Code     0  FileLike.o(i._ZN4mbed8FileLikeD2Ev)
    mbed::FileLike::~FileLike__sub_object()  0x00003c45   Thumb Code    18  FileLike.o(i._ZN4mbed8FileLikeD2Ev)
    mbed::FilePath::fileSystem()             0x00003c57   Thumb Code    24  FilePath.o(i._ZN4mbed8FilePath10fileSystemEv)
    mbed::FilePath::file()                   0x00003c6f   Thumb Code    28  FilePath.o(i._ZN4mbed8FilePath4fileEv)
    mbed::FilePath::exists()                 0x00003c8b   Thumb Code    10  FilePath.o(i._ZN4mbed8FilePath6existsEv)
    mbed::FilePath::isFile()                 0x00003c95   Thumb Code    24  FilePath.o(i._ZN4mbed8FilePath6isFileEv)
    mbed::FilePath::fileName()               0x00003cad   Thumb Code     4  FilePath.o(i._ZN4mbed8FilePath8fileNameEv)
    mbed::FilePath::FilePath(const char*)    0x00003cb1   Thumb Code    64  FilePath.o(i._ZN4mbed8FilePathC1EPKc)
    mbed::FilePath::FilePath__sub_object(const char*) 0x00003cb1   Thumb Code     0  FilePath.o(i._ZN4mbed8FilePathC1EPKc)
    thunk{-72} to mbed::Serial::_getc()      0x00003cf1   Thumb Code     6  Serial.o(i._ZThn72_N4mbed6Serial5_getcEv)
    thunk{-72} to mbed::Serial::_putc(int)   0x00003cf7   Thumb Code     6  Serial.o(i._ZThn72_N4mbed6Serial5_putcEi)
    __ARM_fpclassify                         0x00003cfd   Thumb Code    40  fpclassify.o(i.__ARM_fpclassify)
    __aeabi_atexit                           0x00003d25   Thumb Code    50  aeabi_atexit.o(i.__aeabi_atexit)
    __aeabi_vec_ctor_nocookie_nodtor         0x00003d57   Thumb Code    36  aeabi_vec_ctor_nocookie_nodtor.o(i.__aeabi_vec_ctor_nocookie_nodtor)
    __cxa_finalize                           0x00003d7b   Thumb Code    66  cxa_finalize.o(i.__cxa_finalize)
    __cxa_pure_virtual                       0x00003dbd   Thumb Code     6  pure_virt.o(i.__cxa_pure_virtual)
    __user_setup_stackheap                   0x00003dc5   Thumb Code    10  sys.o(i.__user_setup_stackheap)
    _is_digit                                0x00003dd5   Thumb Code    14  __printf_wp.o(i._is_digit)
    _sys_close                               0x00003de5   Thumb Code    40  retarget.o(i._sys_close)
    _sys_flen                                0x00003e11   Thumb Code    34  retarget.o(i._sys_flen)
    _sys_istty                               0x00003e39   Thumb Code    34  retarget.o(i._sys_istty)
    _sys_open                                0x00003e61   Thumb Code   300  retarget.o(i._sys_open)
    _sys_read                                0x00003fad   Thumb Code    70  retarget.o(i._sys_read)
    _sys_seek                                0x00004005   Thumb Code    36  retarget.o(i._sys_seek)
    _sys_write                               0x0000402d   Thumb Code    82  retarget.o(i._sys_write)
    analogin_init                            0x00004091   Thumb Code   102  analogin_api.o(i.analogin_init)
    analogin_read                            0x00004129   Thumb Code   200  analogin_api.o(i.analogin_read)
    error                                    0x000041f9   Thumb Code    20  error.o(i.error)
    exit                                     0x00004211   Thumb Code    36  exit.o(i.exit)
    fgetc                                    0x0000423d   Thumb Code    24  fgetc.o(i.fgetc)
    fputc                                    0x00004255   Thumb Code    26  fputc.o(i.fputc)
    gpio_dir                                 0x00004271   Thumb Code    52  gpio_api.o(i.gpio_dir)
    gpio_init                                0x000042c1   Thumb Code    56  gpio_api.o(i.gpio_init)
    gpio_init_in                             0x000042f9   Thumb Code    38  gpio.o(i.gpio_init_in)
    gpio_init_out                            0x00004321   Thumb Code    62  gpio.o(i.gpio_init_out)
    gpio_init_out_ex                         0x00004365   Thumb Code    74  gpio.o(i.gpio_init_out_ex)
    gpio_mode                                0x000043b5   Thumb Code     6  gpio_api.o(i.gpio_mode)
    i2c_frequency                            0x000043bd   Thumb Code    22  i2c_api.o(i.i2c_frequency)
    i2c_init                                 0x000043d9   Thumb Code   170  i2c_api.o(i.i2c_init)
    i2c_read                                 0x000044b1   Thumb Code   382  i2c_api.o(i.i2c_read)
    i2c_stop                                 0x00004635   Thumb Code    52  i2c_api.o(i.i2c_stop)
    i2c_write                                0x0000466d   Thumb Code   296  i2c_api.o(i.i2c_write)
    mbed_assert_internal                     0x00004799   Thumb Code    24  assert.o(i.mbed_assert_internal)
    mbed_die                                 0x000047e9   Thumb Code   242  board.o(i.mbed_die)
    mbed_interface_connected                 0x000048f1   Thumb Code     4  mbed_interface.o(i.mbed_interface_connected)
    mbed_main                                0x000048f5   Thumb Code     2  retarget.o(i.mbed_main)
    mbed_sdk_init                            0x000048f7   Thumb Code     2  retarget.o(i.mbed_sdk_init)
    pin_function                             0x000048f9   Thumb Code    62  pinmap.o(i.pin_function)
    pin_mode                                 0x00004955   Thumb Code   104  pinmap.o(i.pin_mode)
    pinmap_find_peripheral                   0x000049d9   Thumb Code    30  pinmap_common.o(i.pinmap_find_peripheral)
    pinmap_merge                             0x000049f9   Thumb Code    34  pinmap_common.o(i.pinmap_merge)
    pinmap_peripheral                        0x00004a31   Thumb Code    54  pinmap_common.o(i.pinmap_peripheral)
    pinmap_pinout                            0x00004a89   Thumb Code    60  pinmap_common.o(i.pinmap_pinout)
    semihost_connected                       0x00004ad9   Thumb Code    10  semihost_api.o(i.semihost_connected)
    semihost_exit                            0x00004ae9   Thumb Code    12  semihost_api.o(i.semihost_exit)
    serial_baud                              0x00004af5   Thumb Code   408  serial_api.o(i.serial_baud)
    serial_format                            0x00004cb9   Thumb Code   154  serial_api.o(i.serial_format)
    serial_getc                              0x00004d59   Thumb Code    50  serial_api.o(i.serial_getc)
    serial_init                              0x00004d91   Thumb Code   334  serial_api.o(i.serial_init)
    serial_irq_handler                       0x00004f09   Thumb Code    18  serial_api.o(i.serial_irq_handler)
    serial_putc                              0x00004ff9   Thumb Code   100  serial_api.o(i.serial_putc)
    serial_readable                          0x00005061   Thumb Code    10  serial_api.o(i.serial_readable)
    serial_set_flow_control                  0x0000506d   Thumb Code   252  serial_api.o(i.serial_set_flow_control)
    sqrt                                     0x00005179   Thumb Code    76  sqrt.o(i.sqrt)
    uart0_irq                                0x000051c5   Thumb Code    14  serial_api.o(i.uart0_irq)
    uart1_irq                                0x000051d9   Thumb Code    14  serial_api.o(i.uart1_irq)
    uart2_irq                                0x000051ed   Thumb Code    14  serial_api.o(i.uart2_irq)
    uart3_irq                                0x00005201   Thumb Code    14  serial_api.o(i.uart3_irq)
    us_ticker_clear_interrupt                0x00005279   Thumb Code     8  us_ticker.o(i.us_ticker_clear_interrupt)
    us_ticker_disable_interrupt              0x00005285   Thumb Code    12  us_ticker.o(i.us_ticker_disable_interrupt)
    us_ticker_irq_handler                    0x00005295   Thumb Code    78  us_ticker_api.o(i.us_ticker_irq_handler)
    us_ticker_read                           0x000052e9   Thumb Code    72  us_ticker.o(i.us_ticker_read)
    us_ticker_set_interrupt                  0x00005349   Thumb Code    14  us_ticker.o(i.us_ticker_set_interrupt)
    wait                                     0x0000535d   Thumb Code    32  wait_api.o(i.wait)
    wait_ms                                  0x00005381   Thumb Code    28  wait_api.o(i.wait_ms)
    _get_lc_numeric                          0x0000539d   Thumb Code    44  lc_numeric_c.o(locale$$code)
    _get_lc_ctype                            0x000053c9   Thumb Code    44  lc_ctype_c.o(locale$$code)
    __aeabi_d2f                              0x000053f5   Thumb Code     0  d2f.o(x$fpl$d2f)
    _d2f                                     0x000053f5   Thumb Code    98  d2f.o(x$fpl$d2f)
    __aeabi_dadd                             0x00005459   Thumb Code     0  daddsub_clz.o(x$fpl$dadd)
    _dadd                                    0x00005459   Thumb Code   332  daddsub_clz.o(x$fpl$dadd)
    __aeabi_ddiv                             0x000055a9   Thumb Code     0  ddiv.o(x$fpl$ddiv)
    _ddiv                                    0x000055a9   Thumb Code   552  ddiv.o(x$fpl$ddiv)
    __aeabi_i2d                              0x00005859   Thumb Code     0  dflt_clz.o(x$fpl$dflt)
    _dflt                                    0x00005859   Thumb Code    46  dflt_clz.o(x$fpl$dflt)
    __aeabi_dmul                             0x00005889   Thumb Code     0  dmul.o(x$fpl$dmul)
    _dmul                                    0x00005889   Thumb Code   332  dmul.o(x$fpl$dmul)
    __fpl_dnaninf                            0x000059dd   Thumb Code   156  dnaninf.o(x$fpl$dnaninf)
    __fpl_dretinf                            0x00005a79   Thumb Code    12  dretinf.o(x$fpl$dretinf)
    _dsqrt                                   0x00005a85   Thumb Code   456  dsqrt_noumaal.o(x$fpl$dsqrt)
    __aeabi_dsub                             0x00005c51   Thumb Code     0  daddsub_clz.o(x$fpl$dsub)
    _dsub                                    0x00005c51   Thumb Code   464  daddsub_clz.o(x$fpl$dsub)
    __aeabi_f2d                              0x00005e25   Thumb Code     0  f2d.o(x$fpl$f2d)
    _f2d                                     0x00005e25   Thumb Code    86  f2d.o(x$fpl$f2d)
    __fpl_fcmp_Inf                           0x00005e7b   Thumb Code    24  fcmpi.o(x$fpl$fcmpinf)
    __aeabi_f2iz                             0x00005e95   Thumb Code     0  ffix.o(x$fpl$ffix)
    _ffix                                    0x00005e95   Thumb Code    54  ffix.o(x$fpl$ffix)
    __aeabi_ui2f                             0x00005ecd   Thumb Code     0  fflt_clz.o(x$fpl$ffltu)
    _ffltu                                   0x00005ecd   Thumb Code    38  fflt_clz.o(x$fpl$ffltu)
    __aeabi_cfcmple                          0x00005ef5   Thumb Code     0  fleqf.o(x$fpl$fleqf)
    _fcmple                                  0x00005ef5   Thumb Code   104  fleqf.o(x$fpl$fleqf)
    __fpl_fcmple_InfNaN                      0x00005f47   Thumb Code     0  fleqf.o(x$fpl$fleqf)
    __aeabi_fmul                             0x00005f5d   Thumb Code     0  fmul.o(x$fpl$fmul)
    _fmul                                    0x00005f5d   Thumb Code   258  fmul.o(x$fpl$fmul)
    __fpl_fnaninf                            0x0000605f   Thumb Code   140  fnaninf.o(x$fpl$fnaninf)
    __fpl_fretinf                            0x000060eb   Thumb Code    10  fretinf.o(x$fpl$fretinf)
    __aeabi_cfrcmple                         0x000060f5   Thumb Code     0  frleqf.o(x$fpl$frleqf)
    _frcmple                                 0x000060f5   Thumb Code    98  frleqf.o(x$fpl$frleqf)
    _printf_fp_dec                           0x00006157   Thumb Code     4  printf1.o(x$fpl$printf1)
    _printf_fp_hex                           0x0000615b   Thumb Code     4  printf2.o(x$fpl$printf2)
    __I$use$fp                               0x0000615e   Number         0  usenofp.o(x$fpl$usenofp)
    __stdin_name                             0x0000615e   Data           7  retarget.o(.constdata)
    __stdout_name                            0x00006165   Data           8  retarget.o(.constdata)
    __stderr_name                            0x0000616d   Data           8  retarget.o(.constdata)
    vtable for mbed::FileHandle              0x0000690c   Data          44  retarget.o(.constdata__ZTVN4mbed10FileHandleE)
    vtable for mbed::SerialBase              0x00006938   Data          16  SerialBase.o(.constdata__ZTVN4mbed10SerialBaseE)
    vtable for mbed::Serial                  0x00006948   Data          92  Serial.o(.constdata__ZTVN4mbed6SerialE)
    vtable for mbed::Stream                  0x000069a4   Data          68  Stream.o(.constdata__ZTVN4mbed6StreamE)
    vtable for mbed::FileBase                0x000069e8   Data          16  FileBase.o(.constdata__ZTVN4mbed8FileBaseE)
    vtable for mbed::FileLike                0x000069f8   Data          60  FileLike.o(.constdata__ZTVN4mbed8FileLikeE)
    Region$$Table$$Base                      0x00006a34   Number         0  anon$$obj.o(Region$$Table)
    Region$$Table$$Limit                     0x00006a54   Number         0  anon$$obj.o(Region$$Table)
    __ctype                                  0x00006a7d   Data           0  lc_ctype_c.o(locale$$data)
    SHT$$INIT_ARRAY$$Base                    0x00006b80   Number         0  finalproject.o(.init_array)
    SHT$$INIT_ARRAY$$Limit                   0x00006b84   Number         0  init_aeabi.o(.init_array)
    bendy                                    0x100000c8   Data           1  finalproject.o(.data)
    SystemCoreClock                          0x100000cc   Data           4  system_LPC17xx.o(.data)
    stdio_uart_inited                        0x100000d0   Data           4  serial_api.o(.data)
    stdio_uart                               0x100000d8   Data           8  serial_api.o(.data)
    mbed::I2C::_owner                        0x100000e0   Data           4  I2C.o(.data)
    us_ticker_inited                         0x100000e4   Data           4  us_ticker.o(.data)
    mbed::FileBase::_head                    0x100000e8   Data           4  FileBase.o(.data)
    __aeabi_stdin                            0x100000f4   Data           4  stdio_streams.o(.data)
    __aeabi_stdout                           0x100000f8   Data           4  stdio_streams.o(.data)
    __aeabi_stderr                           0x100000fc   Data           4  stdio_streams.o(.data)
    one28                                    0x10000104   Data          24  finalproject.o(.bss)
    sixty4                                   0x1000011c   Data          24  finalproject.o(.bss)
    thirty2                                  0x10000134   Data          24  finalproject.o(.bss)
    sixteen                                  0x1000014c   Data          24  finalproject.o(.bss)
    eight                                    0x10000164   Data          24  finalproject.o(.bss)
    four                                     0x1000017c   Data          24  finalproject.o(.bss)
    two                                      0x10000194   Data          24  finalproject.o(.bss)
    one                                      0x100001ac   Data          24  finalproject.o(.bss)
    myLed1                                   0x100001c4   Data          24  finalproject.o(.bss)
    myLed2                                   0x100001dc   Data          24  finalproject.o(.bss)
    myLed3                                   0x100001f4   Data          24  finalproject.o(.bss)
    myLed4                                   0x1000020c   Data          24  finalproject.o(.bss)
    greenLED                                 0x10000224   Data          24  finalproject.o(.bss)
    redLED                                   0x1000023c   Data          24  finalproject.o(.bss)
    sensor                                   0x10000254   Data          12  finalproject.o(.bss)
    pc                                       0x10000260   Data          96  finalproject.o(.bss)
    bluetooth                                0x100002c0   Data          96  finalproject.o(.bss)
    __stdin                                  0x10000440   Data          84  stdio_streams.o(.bss)
    __stdout                                 0x10000494   Data          84  stdio_streams.o(.bss)
    __stderr                                 0x100004e8   Data          84  stdio_streams.o(.bss)
    Image$$RW_IRAM1$$ZI$$Limit               0x1000055c   Number         0  anon$$obj.o ABSOLUTE



==============================================================================

Memory Map of the image

  Image Entry point : 0x000000c5

  Load Region LR_IROM1 (Base: 0x00000000, Size: 0x00006bc0, Max: 0x00080000, ABSOLUTE)

    Execution Region ER_IROM1 (Base: 0x00000000, Size: 0x00006b84, Max: 0x00080000, ABSOLUTE)

    Base Addr    Size         Type   Attr      Idx    E Section Name        Object

    0x00000000   0x000000c4   Data   RO          536    RESET               startup_LPC17xx.o
    0x000000c4   0x00000008   Code   RO         1255  * !!!main             c_w.l(__main.o)
    0x000000cc   0x00000034   Code   RO         2086    !!!scatter          c_w.l(__scatter.o)
    0x00000100   0x0000001a   Code   RO         2088    !!handler_copy      c_w.l(__scatter_copy.o)
    0x0000011a   0x00000002   PAD
    0x0000011c   0x0000001c   Code   RO         2090    !!handler_zi        c_w.l(__scatter_zi.o)
    0x00000138   0x00000000   Code   RO         1197    .ARM.Collect$$_printf_percent$$00000000  c_w.l(_printf_percent.o)
    0x00000138   0x00000006   Code   RO         1544    .ARM.Collect$$_printf_percent$$00000001  c_w.l(_printf_n.o)
    0x0000013e   0x00000006   Code   RO         1194    .ARM.Collect$$_printf_percent$$00000002  c_w.l(_printf_p.o)
    0x00000144   0x00000006   Code   RO         1196    .ARM.Collect$$_printf_percent$$00000003  c_w.l(_printf_f.o)
    0x0000014a   0x00000006   Code   RO         1549    .ARM.Collect$$_printf_percent$$00000004  c_w.l(_printf_e.o)
    0x00000150   0x00000006   Code   RO         1550    .ARM.Collect$$_printf_percent$$00000005  c_w.l(_printf_g.o)
    0x00000156   0x00000006   Code   RO         1551    .ARM.Collect$$_printf_percent$$00000006  c_w.l(_printf_a.o)
    0x0000015c   0x0000000a   Code   RO         1556    .ARM.Collect$$_printf_percent$$00000007  c_w.l(_printf_ll.o)
    0x00000166   0x00000006   Code   RO         1547    .ARM.Collect$$_printf_percent$$00000008  c_w.l(_printf_i.o)
    0x0000016c   0x00000006   Code   RO         1195    .ARM.Collect$$_printf_percent$$00000009  c_w.l(_printf_d.o)
    0x00000172   0x00000006   Code   RO         1548    .ARM.Collect$$_printf_percent$$0000000A  c_w.l(_printf_u.o)
    0x00000178   0x00000006   Code   RO         1546    .ARM.Collect$$_printf_percent$$0000000B  c_w.l(_printf_o.o)
    0x0000017e   0x00000006   Code   RO         1545    .ARM.Collect$$_printf_percent$$0000000C  c_w.l(_printf_x.o)
    0x00000184   0x00000006   Code   RO         1553    .ARM.Collect$$_printf_percent$$0000000D  c_w.l(_printf_lli.o)
    0x0000018a   0x00000006   Code   RO         1554    .ARM.Collect$$_printf_percent$$0000000E  c_w.l(_printf_lld.o)
    0x00000190   0x00000006   Code   RO         1555    .ARM.Collect$$_printf_percent$$0000000F  c_w.l(_printf_llu.o)
    0x00000196   0x00000006   Code   RO         1560    .ARM.Collect$$_printf_percent$$00000010  c_w.l(_printf_llo.o)
    0x0000019c   0x00000006   Code   RO         1561    .ARM.Collect$$_printf_percent$$00000011  c_w.l(_printf_llx.o)
    0x000001a2   0x0000000a   Code   RO         1557    .ARM.Collect$$_printf_percent$$00000012  c_w.l(_printf_l.o)
    0x000001ac   0x00000006   Code   RO         1543    .ARM.Collect$$_printf_percent$$00000013  c_w.l(_printf_c.o)
    0x000001b2   0x00000006   Code   RO         1193    .ARM.Collect$$_printf_percent$$00000014  c_w.l(_printf_s.o)
    0x000001b8   0x00000006   Code   RO         1558    .ARM.Collect$$_printf_percent$$00000015  c_w.l(_printf_lc.o)
    0x000001be   0x00000006   Code   RO         1559    .ARM.Collect$$_printf_percent$$00000016  c_w.l(_printf_ls.o)
    0x000001c4   0x00000004   Code   RO         1552    .ARM.Collect$$_printf_percent$$00000017  c_w.l(_printf_percent_end.o)
    0x000001c8   0x00000002   Code   RO         1972    .ARM.Collect$$libinit$$00000000  c_w.l(libinit.o)
    0x000001ca   0x00000000   Code   RO         1610    .ARM.Collect$$libinit$$00000002  c_w.l(libinit2.o)
    0x000001ca   0x00000000   Code   RO         1612    .ARM.Collect$$libinit$$00000004  c_w.l(libinit2.o)
    0x000001ca   0x00000008   Code   RO         1613    .ARM.Collect$$libinit$$00000005  c_w.l(libinit2.o)
    0x000001d2   0x00000000   Code   RO         1615    .ARM.Collect$$libinit$$0000000A  c_w.l(libinit2.o)
    0x000001d2   0x00000000   Code   RO         1617    .ARM.Collect$$libinit$$0000000C  c_w.l(libinit2.o)
    0x000001d2   0x00000000   Code   RO         1619    .ARM.Collect$$libinit$$0000000E  c_w.l(libinit2.o)
    0x000001d2   0x00000006   Code   RO         1620    .ARM.Collect$$libinit$$0000000F  c_w.l(libinit2.o)
    0x000001d8   0x00000000   Code   RO         1622    .ARM.Collect$$libinit$$00000011  c_w.l(libinit2.o)
    0x000001d8   0x0000000c   Code   RO         1623    .ARM.Collect$$libinit$$00000012  c_w.l(libinit2.o)
    0x000001e4   0x00000000   Code   RO         1624    .ARM.Collect$$libinit$$00000013  c_w.l(libinit2.o)
    0x000001e4   0x00000000   Code   RO         1626    .ARM.Collect$$libinit$$00000015  c_w.l(libinit2.o)
    0x000001e4   0x0000000a   Code   RO         1627    .ARM.Collect$$libinit$$00000016  c_w.l(libinit2.o)
    0x000001ee   0x00000000   Code   RO         1628    .ARM.Collect$$libinit$$00000017  c_w.l(libinit2.o)
    0x000001ee   0x00000000   Code   RO         1630    .ARM.Collect$$libinit$$00000019  c_w.l(libinit2.o)
    0x000001ee   0x00000000   Code   RO         1632    .ARM.Collect$$libinit$$0000001B  c_w.l(libinit2.o)
    0x000001ee   0x00000000   Code   RO         1634    .ARM.Collect$$libinit$$0000001D  c_w.l(libinit2.o)
    0x000001ee   0x00000000   Code   RO         1636    .ARM.Collect$$libinit$$0000001F  c_w.l(libinit2.o)
    0x000001ee   0x00000000   Code   RO         1638    .ARM.Collect$$libinit$$00000021  c_w.l(libinit2.o)
    0x000001ee   0x00000000   Code   RO         1640    .ARM.Collect$$libinit$$00000023  c_w.l(libinit2.o)
    0x000001ee   0x00000004   Code   RO         1641    .ARM.Collect$$libinit$$00000024  c_w.l(libinit2.o)
    0x000001f2   0x00000000   Code   RO         1642    .ARM.Collect$$libinit$$00000025  c_w.l(libinit2.o)
    0x000001f2   0x00000000   Code   RO         1646    .ARM.Collect$$libinit$$0000002C  c_w.l(libinit2.o)
    0x000001f2   0x00000000   Code   RO         1648    .ARM.Collect$$libinit$$0000002E  c_w.l(libinit2.o)
    0x000001f2   0x00000000   Code   RO         1650    .ARM.Collect$$libinit$$00000030  c_w.l(libinit2.o)
    0x000001f2   0x00000004   Code   RO         1651    .ARM.Collect$$libinit$$00000031  c_w.l(libinit2.o)
    0x000001f6   0x00000000   Code   RO         1652    .ARM.Collect$$libinit$$00000032  c_w.l(libinit2.o)
    0x000001f6   0x00000002   Code   RO         1653    .ARM.Collect$$libinit$$00000033  c_w.l(libinit2.o)
    0x000001f8   0x00000006   Code   RO         1654    .ARM.Collect$$libshutdown$$00000001  c_w.l(libshutdown2.o)
    0x000001fe   0x00000000   Code   RO         1656    .ARM.Collect$$libshutdown$$00000003  c_w.l(libshutdown2.o)
    0x000001fe   0x00000000   Code   RO         1435    .ARM.Collect$$rtentry$$00000000  c_w.l(__rtentry.o)
    0x000001fe   0x00000000   Code   RO         1737    .ARM.Collect$$rtentry$$00000002  c_w.l(__rtentry2.o)
    0x000001fe   0x00000006   Code   RO         1749    .ARM.Collect$$rtentry$$00000004  c_w.l(__rtentry4.o)
    0x00000204   0x00000000   Code   RO         1739    .ARM.Collect$$rtentry$$00000009  c_w.l(__rtentry2.o)
    0x00000204   0x00000004   Code   RO         1740    .ARM.Collect$$rtentry$$0000000A  c_w.l(__rtentry2.o)
    0x00000208   0x00000000   Code   RO         1742    .ARM.Collect$$rtentry$$0000000C  c_w.l(__rtentry2.o)
    0x00000208   0x00000008   Code   RO         1743    .ARM.Collect$$rtentry$$0000000D  c_w.l(__rtentry2.o)
    0x00000210   0x00000000   Code   RO         1932    .emb_text           c_w.l(maybetermalloc1.o)
    0x00000210   0x00000024   Code   RO          538    .text               startup_LPC17xx.o
    0x00000234   0x0000000a   Code   RO         1134    .text               c_w.l(vfprintf.o)
    0x0000023e   0x0000000a   Code   RO         1136    .text               c_w.l(c89vfprintf.o)
    0x00000248   0x00000014   Code   RO         1138    .text               c_w.l(__2fprintf.o)
    0x0000025c   0x0000002c   Code   RO         1140    .text               c_w.l(__2sprintf.o)
    0x00000288   0x00000052   Code   RO         1148    .text               c_w.l(_printf_str.o)
    0x000002da   0x00000022   Code   RO         1216    .text               c_w.l(fputs.o)
    0x000002fc   0x00000004   Code   RO          537    .ARM.__at_0x02FC    startup_LPC17xx.o
    0x00000300   0x000003a0   Code   RO            3    .text               finalproject.o
    0x000006a0   0x000003cc   Code   RO          318    .text               tmp006.o
    0x00000a6c   0x00000078   Code   RO         1150    .text               c_w.l(_printf_dec.o)
    0x00000ae4   0x00000094   Code   RO         1170    .text               c_w.l(_printf_hex_int_ll_ptr.o)
    0x00000b78   0x00000188   Code   RO         1190    .text               c_w.l(__printf_flags_ss_wp.o)
    0x00000d00   0x0000003c   Code   RO         1200    .text               c_w.l(__0sscanf.o)
    0x00000d3c   0x0000014c   Code   RO         1202    .text               c_w.l(_scanf_int.o)
    0x00000e88   0x00000064   Code   RO         1204    .text               c_w.l(fflush.o)
    0x00000eec   0x000000ec   Code   RO         1218    .text               c_w.l(fopen.o)
    0x00000fd8   0x00000014   Code   RO         1220    .text               c_w.l(setbuf.o)
    0x00000fec   0x0000004c   Code   RO         1228    .text               c_w.l(fclose.o)
    0x00001038   0x0000003e   Code   RO         1243    .text               c_w.l(strlen.o)
    0x00001076   0x00000096   Code   RO         1245    .text               c_w.l(strncmp.o)
    0x0000110c   0x0000007a   Code   RO         1247    .text               c_w.l(rt_memmove_w.o)
    0x00001186   0x0000004e   Code   RO         1249    .text               c_w.l(rt_memclr_w.o)
    0x000011d4   0x00000080   Code   RO         1253    .text               c_w.l(strcmpv7m.o)
    0x00001254   0x00000024   Code   RO         1260    .text               c_w.l(init_aeabi.o)
    0x00001278   0x00000008   Code   RO         1445    .text               c_w.l(rt_ddtor_pointer_addr.o)
    0x00001280   0x0000005e   Code   RO         1454    .text               c_w.l(h1_alloc.o)
    0x000012de   0x0000004e   Code   RO         1456    .text               c_w.l(h1_free.o)
    0x0000132c   0x00000016   Code   RO         1512    .text               c_w.l(_rserrno.o)
    0x00001342   0x0000004e   Code   RO         1514    .text               c_w.l(_printf_pad.o)
    0x00001390   0x00000024   Code   RO         1516    .text               c_w.l(_printf_truncate.o)
    0x000013b4   0x000000b2   Code   RO         1518    .text               c_w.l(_printf_intcommon.o)
    0x00001466   0x00000028   Code   RO         1520    .text               c_w.l(_printf_charcount.o)
    0x0000148e   0x0000041a   Code   RO         1522    .text               c_w.l(_printf_fp_dec.o)
    0x000018a8   0x00000030   Code   RO         1524    .text               c_w.l(_printf_char_common.o)
    0x000018d8   0x0000000a   Code   RO         1526    .text               c_w.l(_sputc.o)
    0x000018e2   0x0000002c   Code   RO         1528    .text               c_w.l(_printf_char.o)
    0x0000190e   0x00000002   PAD
    0x00001910   0x00000024   Code   RO         1530    .text               c_w.l(_printf_char_file.o)
    0x00001934   0x000000bc   Code   RO         1532    .text               c_w.l(_printf_wctomb.o)
    0x000019f0   0x0000007c   Code   RO         1535    .text               c_w.l(_printf_longlong_dec.o)
    0x00001a6c   0x00000070   Code   RO         1541    .text               c_w.l(_printf_oct_int_ll.o)
    0x00001adc   0x0000001c   Code   RO         1562    .text               c_w.l(_chval.o)
    0x00001af8   0x0000002c   Code   RO         1568    .text               c_w.l(scanf_char.o)
    0x00001b24   0x00000040   Code   RO         1570    .text               c_w.l(_sgetc.o)
    0x00001b64   0x00000008   Code   RO         1580    .text               c_w.l(ferror.o)
    0x00001b6c   0x0000023a   Code   RO         1582    .text               c_w.l(filbuf.o)
    0x00001da6   0x000001d6   Code   RO         1584    .text               c_w.l(flsbuf.o)
    0x00001f7c   0x000000f8   Code   RO         1586    .text               c_w.l(fseek.o)
    0x00002074   0x00000046   Code   RO         1588    .text               c_w.l(setvbuf.o)
    0x000020ba   0x00000002   PAD
    0x000020bc   0x000000f0   Code   RO         1590    .text               c_w.l(stdio.o)
    0x000021ac   0x00000138   Code   RO         1593    .text               c_w.l(initio.o)
    0x000022e4   0x0000000e   Code   RO         1601    .text               c_w.l(defsig_pvfn_outer.o)
    0x000022f2   0x00000064   Code   RO         1605    .text               c_w.l(rt_memcpy_w.o)
    0x00002356   0x00000002   PAD
    0x00002358   0x00000008   Code   RO         1755    .text               c_w.l(rt_heap_descriptor.o)
    0x00002360   0x00000008   Code   RO         1760    .text               c_w.l(rt_locale.o)
    0x00002368   0x00000008   Code   RO         1765    .text               c_w.l(rt_errno_addr.o)
    0x00002370   0x00000004   Code   RO         1770    .text               c_w.l(hguard.o)
    0x00002374   0x0000008a   Code   RO         1772    .text               c_w.l(init_alloc.o)
    0x000023fe   0x0000000e   Code   RO         1776    .text               c_w.l(h1_init.o)
    0x0000240c   0x0000008a   Code   RO         1790    .text               c_w.l(lludiv10.o)
    0x00002496   0x00000012   Code   RO         1792    .text               c_w.l(isspace.o)
    0x000024a8   0x000002fc   Code   RO         1794    .text               c_w.l(_printf_fp_hex.o)
    0x000027a4   0x00000080   Code   RO         1797    .text               c_w.l(_printf_fp_infnan.o)
    0x00002824   0x0000002c   Code   RO         1803    .text               c_w.l(_printf_wchar.o)
    0x00002850   0x00000374   Code   RO         1805    .text               c_w.l(_scanf.o)
    0x00002bc4   0x000000dc   Code   RO         1813    .text               c_w.l(bigflt0.o)
    0x00002ca0   0x00000042   Code   RO         1840    .text               c_w.l(ftell.o)
    0x00002ce2   0x00000002   PAD
    0x00002ce4   0x00000038   Code   RO         1848    .text               c_w.l(flushlinebuffered.o)
    0x00002d1c   0x00000040   Code   RO         1866    .text               c_w.l(_wcrtomb.o)
    0x00002d5c   0x0000000a   Code   RO         1871    .text               c_w.l(defsig_exit.o)
    0x00002d66   0x0000000e   Code   RO         1873    .text               c_w.l(defsig_rtred_outer.o)
    0x00002d74   0x00000030   Code   RO         1877    .text               c_w.l(defsig_pvfn_inner.o)
    0x00002da4   0x0000000c   Code   RO         1921    .text               c_w.l(sys_exit.o)
    0x00002db0   0x00000010   Code   RO         1923    .text               c_w.l(rt_ctype_table.o)
    0x00002dc0   0x00000034   Code   RO         1934    .text               c_w.l(h1_extend.o)
    0x00002df4   0x00000032   Code   RO         1944    .text               c_w.l(defsig_general.o)
    0x00002e26   0x00000002   PAD
    0x00002e28   0x00000034   Code   RO         1950    .text               c_w.l(defsig_rtred_inner.o)
    0x00002e5c   0x0000000e   Code   RO         1952    .text               c_w.l(defsig_rtmem_outer.o)
    0x00002e6a   0x00000002   PAD
    0x00002e6c   0x00000050   Code   RO         1958    .text               c_w.l(heapauxa.o)
    0x00002ebc   0x0000000e   Code   RO         2000    .text               c_w.l(sys_wrch.o)
    0x00002eca   0x00000002   Code   RO         2002    .text               c_w.l(use_no_semi.o)
    0x00002ecc   0x00000000   Code   RO         2004    .text               c_w.l(indicate_semi.o)
    0x00002ecc   0x00000050   Code   RO         2022    .text               c_w.l(defsig_rtmem_inner.o)
    0x00002f1c   0x0000003e   Code   RO         1816    CL$$btod_d2e        c_w.l(btod.o)
    0x00002f5a   0x00000046   Code   RO         1818    CL$$btod_d2e_denorm_low  c_w.l(btod.o)
    0x00002fa0   0x00000060   Code   RO         1817    CL$$btod_d2e_norm_op1  c_w.l(btod.o)
    0x00003000   0x00000338   Code   RO         1826    CL$$btod_div_common  c_w.l(btod.o)
    0x00003338   0x000000c6   Code   RO         1823    CL$$btod_e2e        c_w.l(btod.o)
    0x000033fe   0x00000028   Code   RO         1820    CL$$btod_ediv       c_w.l(btod.o)
    0x00003426   0x00000028   Code   RO         1819    CL$$btod_emul       c_w.l(btod.o)
    0x0000344e   0x00000244   Code   RO         1825    CL$$btod_mult_common  c_w.l(btod.o)
    0x00003692   0x00000012   Code   RO          408    i.$Sub$$main        retarget.o
    0x000036a4   0x00000006   Code   RO          766    i.<Func1>           mbed.ar(SerialBase.o)
    0x000036aa   0x00000002   PAD
    0x000036ac   0x0000006c   Code   RO          531    i.NVIC_SetVector    cmsis_nvic.o
    0x00003718   0x000000a0   Code   RO          515    i.SystemInit        system_LPC17xx.o
    0x000037b8   0x00000088   Code   RO           46    i._ZN4mbed10DigitalOut5writeEi  finalproject.o
    0x00003840   0x0000001a   Code   RO           37    i._ZN4mbed10DigitalOutC1E7PinName  finalproject.o
    0x0000385a   0x00000012   Code   RO           25    i._ZN4mbed10DigitalOutaSEi  finalproject.o
    0x0000386c   0x0000003a   Code   RO          506    i._ZN4mbed10FileHandle4flenEv  retarget.o
    0x000038a6   0x00000002   PAD
    0x000038a8   0x00000030   Code   RO          410    i._ZN4mbed10FileHandleD2Ev  retarget.o
    0x000038d8   0x00000006   Code   RO          767    i._ZN4mbed10SerialBase10_base_getcEv  mbed.ar(SerialBase.o)
    0x000038de   0x0000000e   Code   RO          768    i._ZN4mbed10SerialBase10_base_putcEi  mbed.ar(SerialBase.o)
    0x000038ec   0x0000000e   Code   RO          770    i._ZN4mbed10SerialBase12_irq_handlerEj9SerialIrq  mbed.ar(SerialBase.o)
    0x000038fa   0x00000010   Code   RO          772    i._ZN4mbed10SerialBase4baudEi  mbed.ar(SerialBase.o)
    0x0000390a   0x00000006   Code   RO          775    i._ZN4mbed10SerialBase8readableEv  mbed.ar(SerialBase.o)
    0x00003910   0x0000004c   Code   RO          777    i._ZN4mbed10SerialBaseC1E7PinNameS1_  mbed.ar(SerialBase.o)
    0x0000395c   0x00000018   Code   RO         1026    i._ZN4mbed15FunctionPointer4callEv  mbed.ar(FunctionPointer.o)
    0x00003974   0x0000000a   Code   RO         1028    i._ZN4mbed15FunctionPointerC1EPFvvE  mbed.ar(FunctionPointer.o)
    0x0000397e   0x00000002   PAD
    0x00003980   0x00000048   Code   RO          691    i._ZN4mbed3I2C4readEiPcib  mbed.ar(I2C.o)
    0x000039c8   0x00000048   Code   RO          695    i._ZN4mbed3I2C5writeEiPKcib  mbed.ar(I2C.o)
    0x00003a10   0x00000024   Code   RO          698    i._ZN4mbed3I2CC1E7PinNameS1_  mbed.ar(I2C.o)
    0x00003a34   0x00000024   Code   RO          724    i._ZN4mbed6SerialC1E7PinNameS1_PKc  mbed.ar(Serial.o)
    0x00003a58   0x0000000c   Code   RO          742    i._ZN4mbed6SerialD1Ev  mbed.ar(Serial.o)
    0x00003a64   0x00000004   Code   RO          814    i._ZN4mbed6Stream4flenEv  mbed.ar(Stream.o)
    0x00003a68   0x00000014   Code   RO          815    i._ZN4mbed6Stream4getcEv  mbed.ar(Stream.o)
    0x00003a7c   0x00000018   Code   RO          818    i._ZN4mbed6Stream4putsEPKc  mbed.ar(Stream.o)
    0x00003a94   0x0000002a   Code   RO          819    i._ZN4mbed6Stream4readEPvj  mbed.ar(Stream.o)
    0x00003abe   0x00000004   Code   RO          820    i._ZN4mbed6Stream5closeEv  mbed.ar(Stream.o)
    0x00003ac2   0x00000004   Code   RO          822    i._ZN4mbed6Stream5lseekEli  mbed.ar(Stream.o)
    0x00003ac6   0x0000002a   Code   RO          824    i._ZN4mbed6Stream5writeEPKvj  mbed.ar(Stream.o)
    0x00003af0   0x00000004   Code   RO          825    i._ZN4mbed6Stream6isattyEv  mbed.ar(Stream.o)
    0x00003af4   0x0000001e   Code   RO          826    i._ZN4mbed6Stream6printfEPKcz  mbed.ar(Stream.o)
    0x00003b12   0x00000002   PAD
    0x00003b14   0x00000044   Code   RO          827    i._ZN4mbed6StreamC2EPKc  mbed.ar(Stream.o)
    0x00003b58   0x00000020   Code   RO          829    i._ZN4mbed6StreamD2Ev  mbed.ar(Stream.o)
    0x00003b78   0x0000000e   Code   RO           31    i._ZN4mbed8AnalogIncvfEv  finalproject.o
    0x00003b86   0x00000004   Code   RO          975    i._ZN4mbed8FileBase11getPathTypeEv  mbed.ar(FileBase.o)
    0x00003b8a   0x00000002   PAD
    0x00003b8c   0x00000038   Code   RO          977    i._ZN4mbed8FileBase6lookupEPKcj  mbed.ar(FileBase.o)
    0x00003bc4   0x00000024   Code   RO          979    i._ZN4mbed8FileBaseC1EPKcNS_8PathTypeE  mbed.ar(FileBase.o)
    0x00003be8   0x00000038   Code   RO          981    i._ZN4mbed8FileBaseD1Ev  mbed.ar(FileBase.o)
    0x00003c20   0x00000024   Code   RO         1005    i._ZN4mbed8FileLikeC2EPKc  mbed.ar(FileLike.o)
    0x00003c44   0x00000012   Code   RO         1007    i._ZN4mbed8FileLikeD2Ev  mbed.ar(FileLike.o)
    0x00003c56   0x00000018   Code   RO          605    i._ZN4mbed8FilePath10fileSystemEv  mbed.ar(FilePath.o)
    0x00003c6e   0x0000001c   Code   RO          607    i._ZN4mbed8FilePath4fileEv  mbed.ar(FilePath.o)
    0x00003c8a   0x0000000a   Code   RO          608    i._ZN4mbed8FilePath6existsEv  mbed.ar(FilePath.o)
    0x00003c94   0x00000018   Code   RO          609    i._ZN4mbed8FilePath6isFileEv  mbed.ar(FilePath.o)
    0x00003cac   0x00000004   Code   RO          610    i._ZN4mbed8FilePath8fileNameEv  mbed.ar(FilePath.o)
    0x00003cb0   0x00000040   Code   RO          611    i._ZN4mbed8FilePathC1EPKc  mbed.ar(FilePath.o)
    0x00003cf0   0x00000006   Code   RO          725    i._ZThn72_N4mbed6Serial5_getcEv  mbed.ar(Serial.o)
    0x00003cf6   0x00000006   Code   RO          726    i._ZThn72_N4mbed6Serial5_putcEi  mbed.ar(Serial.o)
    0x00003cfc   0x00000028   Code   RO         1919    i.__ARM_fpclassify  m_ws.l(fpclassify.o)
    0x00003d24   0x00000032   Code   RO         1379    i.__aeabi_atexit    cpprt_w.l(aeabi_atexit.o)
    0x00003d56   0x00000024   Code   RO         1382    i.__aeabi_vec_ctor_nocookie_nodtor  cpprt_w.l(aeabi_vec_ctor_nocookie_nodtor.o)
    0x00003d7a   0x00000042   Code   RO         1694    i.__cxa_finalize    cpprt_w.l(cxa_finalize.o)
    0x00003dbc   0x00000006   Code   RO         1270    i.__cxa_pure_virtual  cpprt_w.l(pure_virt.o)
    0x00003dc2   0x00000002   PAD
    0x00003dc4   0x00000010   Code   RO          540    i.__user_setup_stackheap  sys.o
    0x00003dd4   0x0000000e   Code   RO         1183    i._is_digit         c_w.l(__printf_wp.o)
    0x00003de2   0x00000002   PAD
    0x00003de4   0x0000002c   Code   RO          411    i._sys_close        retarget.o
    0x00003e10   0x00000028   Code   RO          414    i._sys_flen         retarget.o
    0x00003e38   0x00000028   Code   RO          415    i._sys_istty        retarget.o
    0x00003e60   0x0000014c   Code   RO          416    i._sys_open         retarget.o
    0x00003fac   0x00000058   Code   RO          417    i._sys_read         retarget.o
    0x00004004   0x00000028   Code   RO          418    i._sys_seek         retarget.o
    0x0000402c   0x00000064   Code   RO          419    i._sys_write        retarget.o
    0x00004090   0x00000098   Code   RO          545    i.analogin_init     mbed.ar(analogin_api.o)
    0x00004128   0x000000d0   Code   RO          546    i.analogin_read     mbed.ar(analogin_api.o)
    0x000041f8   0x00000018   Code   RO         1049    i.error             mbed.ar(error.o)
    0x00004210   0x0000002c   Code   RO         1068    i.exit              mbed.ar(exit.o)
    0x0000423c   0x00000018   Code   RO         1207    i.fgetc             c_w.l(fgetc.o)
    0x00004254   0x0000001a   Code   RO         1213    i.fputc             c_w.l(fputc.o)
    0x0000426e   0x00000002   PAD
    0x00004270   0x00000050   Code   RO          905    i.gpio_dir          mbed.ar(gpio_api.o)
    0x000042c0   0x00000038   Code   RO          906    i.gpio_init         mbed.ar(gpio_api.o)
    0x000042f8   0x00000026   Code   RO          884    i.gpio_init_in      mbed.ar(gpio.o)
    0x0000431e   0x00000002   PAD
    0x00004320   0x00000044   Code   RO          887    i.gpio_init_out     mbed.ar(gpio.o)
    0x00004364   0x00000050   Code   RO          888    i.gpio_init_out_ex  mbed.ar(gpio.o)
    0x000043b4   0x00000006   Code   RO          907    i.gpio_mode         mbed.ar(gpio_api.o)
    0x000043ba   0x00000002   PAD
    0x000043bc   0x0000001c   Code   RO          920    i.i2c_frequency     mbed.ar(i2c_api.o)
    0x000043d8   0x000000d8   Code   RO          921    i.i2c_init          mbed.ar(i2c_api.o)
    0x000044b0   0x00000184   Code   RO          922    i.i2c_read          mbed.ar(i2c_api.o)
    0x00004634   0x00000038   Code   RO          930    i.i2c_stop          mbed.ar(i2c_api.o)
    0x0000466c   0x0000012c   Code   RO          931    i.i2c_write         mbed.ar(i2c_api.o)
    0x00004798   0x00000050   Code   RO          878    i.mbed_assert_internal  mbed.ar(assert.o)
    0x000047e8   0x00000108   Code   RO          523    i.mbed_die          board.o
    0x000048f0   0x00000004   Code   RO         1074    i.mbed_interface_connected  mbed.ar(mbed_interface.o)
    0x000048f4   0x00000002   Code   RO          421    i.mbed_main         retarget.o
    0x000048f6   0x00000002   Code   RO          422    i.mbed_sdk_init     retarget.o
    0x000048f8   0x0000005c   Code   RO          951    i.pin_function      mbed.ar(pinmap.o)
    0x00004954   0x00000084   Code   RO          952    i.pin_mode          mbed.ar(pinmap.o)
    0x000049d8   0x0000001e   Code   RO         1037    i.pinmap_find_peripheral  mbed.ar(pinmap_common.o)
    0x000049f6   0x00000002   PAD
    0x000049f8   0x00000038   Code   RO         1038    i.pinmap_merge      mbed.ar(pinmap_common.o)
    0x00004a30   0x00000058   Code   RO         1039    i.pinmap_peripheral  mbed.ar(pinmap_common.o)
    0x00004a88   0x00000050   Code   RO         1040    i.pinmap_pinout     mbed.ar(pinmap_common.o)
    0x00004ad8   0x00000010   Code   RO         1095    i.semihost_connected  mbed.ar(semihost_api.o)
    0x00004ae8   0x0000000c   Code   RO         1098    i.semihost_exit     mbed.ar(semihost_api.o)
    0x00004af4   0x000001c4   Code   RO          556    i.serial_baud       mbed.ar(serial_api.o)
    0x00004cb8   0x000000a0   Code   RO          560    i.serial_format     mbed.ar(serial_api.o)
    0x00004d58   0x00000038   Code   RO          562    i.serial_getc       mbed.ar(serial_api.o)
    0x00004d90   0x00000178   Code   RO          563    i.serial_init       mbed.ar(serial_api.o)
    0x00004f08   0x0000001c   Code   RO          564    i.serial_irq_handler  mbed.ar(serial_api.o)
    0x00004f24   0x000000d4   Code   RO          566    i.serial_irq_set_internal  mbed.ar(serial_api.o)
    0x00004ff8   0x00000068   Code   RO          568    i.serial_putc       mbed.ar(serial_api.o)
    0x00005060   0x0000000a   Code   RO          569    i.serial_readable   mbed.ar(serial_api.o)
    0x0000506a   0x00000002   PAD
    0x0000506c   0x0000010c   Code   RO          570    i.serial_set_flow_control  mbed.ar(serial_api.o)
    0x00005178   0x0000004c   Code   RO         1426    i.sqrt              m_ws.l(sqrt.o)
    0x000051c4   0x00000014   Code   RO          572    i.uart0_irq         mbed.ar(serial_api.o)
    0x000051d8   0x00000014   Code   RO          573    i.uart1_irq         mbed.ar(serial_api.o)
    0x000051ec   0x00000014   Code   RO          574    i.uart2_irq         mbed.ar(serial_api.o)
    0x00005200   0x00000014   Code   RO          575    i.uart3_irq         mbed.ar(serial_api.o)
    0x00005214   0x00000064   Code   RO          576    i.uart_irq          mbed.ar(serial_api.o)
    0x00005278   0x0000000c   Code   RO          960    i.us_ticker_clear_interrupt  mbed.ar(us_ticker.o)
    0x00005284   0x00000010   Code   RO          961    i.us_ticker_disable_interrupt  mbed.ar(us_ticker.o)
    0x00005294   0x00000054   Code   RO         1056    i.us_ticker_irq_handler  mbed.ar(us_ticker_api.o)
    0x000052e8   0x00000060   Code   RO          963    i.us_ticker_read    mbed.ar(us_ticker.o)
    0x00005348   0x00000014   Code   RO          964    i.us_ticker_set_interrupt  mbed.ar(us_ticker.o)
    0x0000535c   0x00000024   Code   RO          897    i.wait              mbed.ar(wait_api.o)
    0x00005380   0x0000001c   Code   RO          898    i.wait_ms           mbed.ar(wait_api.o)
    0x0000539c   0x0000002c   Code   RO         1869    locale$$code        c_w.l(lc_numeric_c.o)
    0x000053c8   0x0000002c   Code   RO         2012    locale$$code        c_w.l(lc_ctype_c.o)
    0x000053f4   0x00000062   Code   RO         1385    x$fpl$d2f           fz_ws.l(d2f.o)
    0x00005456   0x00000002   PAD
    0x00005458   0x00000150   Code   RO         1387    x$fpl$dadd          fz_ws.l(daddsub_clz.o)
    0x000055a8   0x000002b0   Code   RO         1394    x$fpl$ddiv          fz_ws.l(ddiv.o)
    0x00005858   0x0000002e   Code   RO         1398    x$fpl$dflt          fz_ws.l(dflt_clz.o)
    0x00005886   0x00000002   PAD
    0x00005888   0x00000154   Code   RO         1403    x$fpl$dmul          fz_ws.l(dmul.o)
    0x000059dc   0x0000009c   Code   RO         1712    x$fpl$dnaninf       fz_ws.l(dnaninf.o)
    0x00005a78   0x0000000c   Code   RO         1714    x$fpl$dretinf       fz_ws.l(dretinf.o)
    0x00005a84   0x000001cc   Code   RO         1716    x$fpl$dsqrt         fz_ws.l(dsqrt_noumaal.o)
    0x00005c50   0x000001d4   Code   RO         1389    x$fpl$dsub          fz_ws.l(daddsub_clz.o)
    0x00005e24   0x00000056   Code   RO         1405    x$fpl$f2d           fz_ws.l(f2d.o)
    0x00005e7a   0x00000018   Code   RO         1718    x$fpl$fcmpinf       fz_ws.l(fcmpi.o)
    0x00005e92   0x00000002   PAD
    0x00005e94   0x00000036   Code   RO         1407    x$fpl$ffix          fz_ws.l(ffix.o)
    0x00005eca   0x00000002   PAD
    0x00005ecc   0x00000026   Code   RO         1411    x$fpl$ffltu         fz_ws.l(fflt_clz.o)
    0x00005ef2   0x00000002   PAD
    0x00005ef4   0x00000068   Code   RO         1417    x$fpl$fleqf         fz_ws.l(fleqf.o)
    0x00005f5c   0x00000102   Code   RO         1419    x$fpl$fmul          fz_ws.l(fmul.o)
    0x0000605e   0x0000008c   Code   RO         1720    x$fpl$fnaninf       fz_ws.l(fnaninf.o)
    0x000060ea   0x0000000a   Code   RO         1722    x$fpl$fretinf       fz_ws.l(fretinf.o)
    0x000060f4   0x00000062   Code   RO         1421    x$fpl$frleqf        fz_ws.l(frleqf.o)
    0x00006156   0x00000004   Code   RO         1423    x$fpl$printf1       fz_ws.l(printf1.o)
    0x0000615a   0x00000004   Code   RO         1724    x$fpl$printf2       fz_ws.l(printf2.o)
    0x0000615e   0x00000000   Code   RO         1732    x$fpl$usenofp       fz_ws.l(usenofp.o)
    0x0000615e   0x00000017   Data   RO          459    .constdata          retarget.o
    0x00006175   0x00000003   PAD
    0x00006178   0x00000080   Data   RO          524    .constdata          board.o
    0x000061f8   0x000000d6   Data   RO          548    .constdata          mbed.ar(analogin_api.o)
    0x000062ce   0x00000002   PAD
    0x000062d0   0x000002dc   Data   RO          578    .constdata          mbed.ar(serial_api.o)
    0x000065ac   0x00000080   Data   RO          889    .constdata          mbed.ar(gpio.o)
    0x0000662c   0x0000007c   Data   RO          909    .constdata          mbed.ar(gpio_api.o)
    0x000066a8   0x000000fd   Data   RO          932    .constdata          mbed.ar(i2c_api.o)
    0x000067a5   0x00000003   PAD
    0x000067a8   0x00000064   Data   RO          953    .constdata          mbed.ar(pinmap.o)
    0x0000680c   0x00000028   Data   RO         1171    .constdata          c_w.l(_printf_hex_int_ll_ptr.o)
    0x00006834   0x00000011   Data   RO         1191    .constdata          c_w.l(__printf_flags_ss_wp.o)
    0x00006845   0x00000003   PAD
    0x00006848   0x00000008   Data   RO         1533    .constdata          c_w.l(_printf_wctomb.o)
    0x00006850   0x00000026   Data   RO         1795    .constdata          c_w.l(_printf_fp_hex.o)
    0x00006876   0x00000002   PAD
    0x00006878   0x00000094   Data   RO         1814    .constdata          c_w.l(bigflt0.o)
    0x0000690c   0x0000002c   Data   RO          505    .constdata__ZTVN4mbed10FileHandleE  retarget.o
    0x00006938   0x00000010   Data   RO          805    .constdata__ZTVN4mbed10SerialBaseE  mbed.ar(SerialBase.o)
    0x00006948   0x0000005c   Data   RO          740    .constdata__ZTVN4mbed6SerialE  mbed.ar(Serial.o)
    0x000069a4   0x00000044   Data   RO          873    .constdata__ZTVN4mbed6StreamE  mbed.ar(Stream.o)
    0x000069e8   0x00000010   Data   RO         1000    .constdata__ZTVN4mbed8FileBaseE  mbed.ar(FileBase.o)
    0x000069f8   0x0000003c   Data   RO         1023    .constdata__ZTVN4mbed8FileLikeE  mbed.ar(FileLike.o)
    0x00006a34   0x00000020   Data   RO         2085    Region$$Table       anon$$obj.o
    0x00006a54   0x0000001c   Data   RO         1868    locale$$data        c_w.l(lc_numeric_c.o)
    0x00006a70   0x00000110   Data   RO         2011    locale$$data        c_w.l(lc_ctype_c.o)
    0x00006b80   0x00000004   Data   RO            7    .init_array         finalproject.o
    0x00006b84   0x00000000   Data   RO         1258    .init_array         c_w.l(init_aeabi.o)


    Execution Region RW_IRAM1 (Base: 0x100000c8, Size: 0x00000494, Max: 0x00007f38, ABSOLUTE)

    Base Addr    Size         Type   Attr      Idx    E Section Name        Object

    0x100000c8   0x00000001   Data   RW            6    .data               finalproject.o
    0x100000c9   0x00000003   PAD
    0x100000cc   0x00000004   Data   RW          516    .data               system_LPC17xx.o
    0x100000d0   0x00000010   Data   RW          579    .data               mbed.ar(serial_api.o)
    0x100000e0   0x00000004   Data   RW          708    .data               mbed.ar(I2C.o)
    0x100000e4   0x00000004   Data   RW          965    .data               mbed.ar(us_ticker.o)
    0x100000e8   0x00000004   Data   RW          989    .data               mbed.ar(FileBase.o)
    0x100000ec   0x00000008   Data   RW         1059    .data               mbed.ar(us_ticker_api.o)
    0x100000f4   0x00000004   Data   RW         1225    .data               c_w.l(stdio_streams.o)
    0x100000f8   0x00000004   Data   RW         1226    .data               c_w.l(stdio_streams.o)
    0x100000fc   0x00000004   Data   RW         1227    .data               c_w.l(stdio_streams.o)
    0x10000100   0x00000004   Data   RW         1959    .data               c_w.l(heapauxa.o)
    0x10000104   0x0000021c   Zero   RW            5    .bss                finalproject.o
    0x10000320   0x00000040   Zero   RW          458    .bss                retarget.o
    0x10000360   0x000000e0   Zero   RW          577    .bss                mbed.ar(serial_api.o)
    0x10000440   0x00000054   Zero   RW         1222    .bss                c_w.l(stdio_streams.o)
    0x10000494   0x00000054   Zero   RW         1223    .bss                c_w.l(stdio_streams.o)
    0x100004e8   0x00000054   Zero   RW         1224    .bss                c_w.l(stdio_streams.o)
    0x1000053c   0x00000004   Zero   RW         1446    .bss                c_w.l(rt_ddtor_pointer_addr.o)
    0x10000540   0x00000004   Zero   RW         1756    .bss                c_w.l(rt_heap_descriptor.o)
    0x10000544   0x00000014   Zero   RW         1761    .bss                c_w.l(rt_locale.o)
    0x10000558   0x00000004   Zero   RW         1766    .bss                c_w.l(rt_errno_addr.o)


    Execution Region RW_IRAM2 (Base: 0x2007c000, Size: 0x00000000, Max: 0x00004000, ABSOLUTE)

    **** No section assigned to this execution region ****


    Execution Region RW_IRAM3 (Base: 0x20080000, Size: 0x00000000, Max: 0x00004000, ABSOLUTE)

    **** No section assigned to this execution region ****


    Execution Region RW_IRAM4 (Base: 0x40038000, Size: 0x00000000, Max: 0x00000800, ABSOLUTE)

    **** No section assigned to this execution region ****


==============================================================================

Image component sizes


      Code (inc. data)   RO Data    RW Data    ZI Data      Debug   Object Name

       264         22        128          0          0         76   board.o
       108          6          0          0          0         84   cmsis_nvic.o
      1122        266          4          1        540      45242   finalproject.o
       812         98         67          0         64        928   retarget.o
        40         12        196          0          0        228   startup_LPC17xx.o
        16          6          0          0          0         68   sys.o
       160         10          0          4          0         68   system_LPC17xx.o
       972         96          0          0          0       3760   tmp006.o

    ----------------------------------------------------------------------
      3496        516        430          8        604      50454   Object Totals
         0          0         32          0          0          0   (incl. Generated)
         2          0          3          3          0          0   (incl. Padding)

    ----------------------------------------------------------------------

      Code (inc. data)   RO Data    RW Data    ZI Data      Debug   Library Member Name

        60          8          0          0          0         84   __0sscanf.o
        20          0          0          0          0         84   __2fprintf.o
        44          6          0          0          0         84   __2sprintf.o
         8          0          0          0          0         68   __main.o
       392          4         17          0          0         92   __printf_flags_ss_wp.o
        14          0          0          0          0         68   __printf_wp.o
         0          0          0          0          0          0   __rtentry.o
        12          0          0          0          0          0   __rtentry2.o
         6          0          0          0          0          0   __rtentry4.o
        52          8          0          0          0          0   __scatter.o
        26          0          0          0          0          0   __scatter_copy.o
        28          0          0          0          0          0   __scatter_zi.o
        28          0          0          0          0         68   _chval.o
         6          0          0          0          0          0   _printf_a.o
         6          0          0          0          0          0   _printf_c.o
        44          0          0          0          0        108   _printf_char.o
        48          6          0          0          0         96   _printf_char_common.o
        36          4          0          0          0         80   _printf_char_file.o
        40          0          0          0          0         68   _printf_charcount.o
         6          0          0          0          0          0   _printf_d.o
       120         16          0          0          0         92   _printf_dec.o
         6          0          0          0          0          0   _printf_e.o
         6          0          0          0          0          0   _printf_f.o
      1050          0          0          0          0        216   _printf_fp_dec.o
       764         10         38          0          0        100   _printf_fp_hex.o
       128         16          0          0          0         84   _printf_fp_infnan.o
         6          0          0          0          0          0   _printf_g.o
       148          4         40          0          0        160   _printf_hex_int_ll_ptr.o
         6          0          0          0          0          0   _printf_i.o
       178          0          0          0          0         88   _printf_intcommon.o
        10          0          0          0          0          0   _printf_l.o
         6          0          0          0          0          0   _printf_lc.o
        10          0          0          0          0          0   _printf_ll.o
         6          0          0          0          0          0   _printf_lld.o
         6          0          0          0          0          0   _printf_lli.o
         6          0          0          0          0          0   _printf_llo.o
         6          0          0          0          0          0   _printf_llu.o
         6          0          0          0          0          0   _printf_llx.o
       124         16          0          0          0         92   _printf_longlong_dec.o
         6          0          0          0          0          0   _printf_ls.o
         6          0          0          0          0          0   _printf_n.o
         6          0          0          0          0          0   _printf_o.o
       112          8          0          0          0        124   _printf_oct_int_ll.o
         6          0          0          0          0          0   _printf_p.o
        78          0          0          0          0        108   _printf_pad.o
         0          0          0          0          0          0   _printf_percent.o
         4          0          0          0          0          0   _printf_percent_end.o
         6          0          0          0          0          0   _printf_s.o
        82          0          0          0          0         80   _printf_str.o
        36          0          0          0          0         84   _printf_truncate.o
         6          0          0          0          0          0   _printf_u.o
        44          0          0          0          0        108   _printf_wchar.o
       188          6          8          0          0         92   _printf_wctomb.o
         6          0          0          0          0          0   _printf_x.o
        22          0          0          0          0        100   _rserrno.o
       884          6          0          0          0        100   _scanf.o
       332          0          0          0          0         96   _scanf_int.o
        64          0          0          0          0         84   _sgetc.o
        10          0          0          0          0         68   _sputc.o
        64          0          0          0          0         92   _wcrtomb.o
       220          4        148          0          0         96   bigflt0.o
      1910        128          0          0          0        672   btod.o
        10          0          0          0          0         68   c89vfprintf.o
        10          0          0          0          0         68   defsig_exit.o
        50          0          0          0          0         88   defsig_general.o
        48         34          0          0          0         76   defsig_pvfn_inner.o
        14          0          0          0          0         80   defsig_pvfn_outer.o
        80         58          0          0          0         76   defsig_rtmem_inner.o
        14          0          0          0          0         80   defsig_rtmem_outer.o
        52         38          0          0          0         76   defsig_rtred_inner.o
        14          0          0          0          0         80   defsig_rtred_outer.o
        76          0          0          0          0         88   fclose.o
         8          0          0          0          0         68   ferror.o
       100          4          0          0          0        120   fflush.o
        24          0          0          0          0         68   fgetc.o
       570          0          0          0          0        132   filbuf.o
       470          0          0          0          0         88   flsbuf.o
        56          6          0          0          0         80   flushlinebuffered.o
       236          4          0          0          0        128   fopen.o
        26          0          0          0          0         68   fputc.o
        34          0          0          0          0         80   fputs.o
       248          6          0          0          0         84   fseek.o
        66          0          0          0          0         76   ftell.o
        94          0          0          0          0         80   h1_alloc.o
        52          0          0          0          0         68   h1_extend.o
        78          0          0          0          0         80   h1_free.o
        14          0          0          0          0         84   h1_init.o
        80          6          0          4          0         96   heapauxa.o
         4          0          0          0          0        136   hguard.o
         0          0          0          0          0          0   indicate_semi.o
        36         10          0          0          0         80   init_aeabi.o
       138          0          0          0          0        168   init_alloc.o
       312         46          0          0          0        112   initio.o
        18          0          0          0          0         76   isspace.o
        44         10        272          0          0         76   lc_ctype_c.o
        44         10         28          0          0         76   lc_numeric_c.o
         2          0          0          0          0          0   libinit.o
        46          0          0          0          0          0   libinit2.o
         6          0          0          0          0          0   libshutdown2.o
       138          0          0          0          0         80   lludiv10.o
         0          0          0          0          0          0   maybetermalloc1.o
        16          4          0          0          0         76   rt_ctype_table.o
         8          4          0          0          4         68   rt_ddtor_pointer_addr.o
         8          4          0          0          4         68   rt_errno_addr.o
         8          4          0          0          4         68   rt_heap_descriptor.o
         8          4          0          0         20         68   rt_locale.o
        78          0          0          0          0         80   rt_memclr_w.o
       100          0          0          0          0         80   rt_memcpy_w.o
       122          0          0          0          0         80   rt_memmove_w.o
        44          8          0          0          0         84   scanf_char.o
        20          0          0          0          0         68   setbuf.o
        70          0          0          0          0         80   setvbuf.o
       240          6          0          0          0        156   stdio.o
         0          0          0         12        252          0   stdio_streams.o
       128          0          0          0          0         68   strcmpv7m.o
        62          0          0          0          0         76   strlen.o
       150          0          0          0          0         80   strncmp.o
        12          4          0          0          0         68   sys_exit.o
        14          0          0          0          0         76   sys_wrch.o
         2          0          0          0          0         68   use_no_semi.o
        10          0          0          0          0         68   vfprintf.o
        50          0          0          0          0         84   aeabi_atexit.o
        36          0          0          0          0         84   aeabi_vec_ctor_nocookie_nodtor.o
        66          0          0          0          0         84   cxa_finalize.o
         6          0          0          0          0         68   pure_virt.o
        98          4          0          0          0         92   d2f.o
       804         16          0          0          0        272   daddsub_clz.o
       688        140          0          0          0        208   ddiv.o
        46          0          0          0          0         68   dflt_clz.o
       340         12          0          0          0        104   dmul.o
       156          4          0          0          0         92   dnaninf.o
        12          0          0          0          0         68   dretinf.o
       460         56          0          0          0        120   dsqrt_noumaal.o
        86          4          0          0          0         84   f2d.o
        24          0          0          0          0         68   fcmpi.o
        54          4          0          0          0         84   ffix.o
        38          0          0          0          0         68   fflt_clz.o
       104          4          0          0          0         84   fleqf.o
       258          4          0          0          0         84   fmul.o
       140          4          0          0          0         84   fnaninf.o
        10          0          0          0          0         68   fretinf.o
        98          0          0          0          0         68   frleqf.o
         4          0          0          0          0         68   printf1.o
         4          0          0          0          0         68   printf2.o
         0          0          0          0          0          0   usenofp.o
        40          0          0          0          0         68   fpclassify.o
        76          0          0          0          0         84   sqrt.o
       152         24         16          4          0        284   FileBase.o
        54         10         60          0          0        156   FileLike.o
       154          0          0          0          0        440   FilePath.o
        34          0          0          0          0        136   FunctionPointer.o
       180         18          0          4          0        252   I2C.o
        60          4         92          0          0        288   Serial.o
       138         14         16          0          0        508   SerialBase.o
       274         18         68          0          0        860   Stream.o
       360         58        214          0          0        172   analogin_api.o
        80         56          0          0          0         80   assert.o
        24          4          0          0          0         80   error.o
        44          8          0          0          0         72   exit.o
       186         12        128          0          0        268   gpio.o
       142         28        124          0          0        228   gpio_api.o
       988         66        253          0          0        412   i2c_api.o
         4          0          0          0          0         68   mbed_interface.o
       224         58        100          0          0        160   pinmap.o
       254         76          0          0          0        308   pinmap_common.o
        28          6          0          0          0        144   semihost_api.o
      1846        186        732         16        224       1132   serial_api.o
       144         38          0          4          0        280   us_ticker.o
        84          6          0          8          0         96   us_ticker_api.o
        64          4          0          0          0        160   wait_api.o

    ----------------------------------------------------------------------
     21234       1466       2364         52        508      17008   Library Totals
        46          0         10          0          0          0   (incl. Padding)

    ----------------------------------------------------------------------

      Code (inc. data)   RO Data    RW Data    ZI Data      Debug   Library Name

     11972        520        551         16        284       8100   c_w.l
       158          0          0          0          0        320   cpprt_w.l
      3424        252          0          0          0       1852   fz_ws.l
       116          0          0          0          0        152   m_ws.l
      5518        694       1803         36        224       6584   mbed.ar

    ----------------------------------------------------------------------
     21234       1466       2364         52        508      17008   Library Totals

    ----------------------------------------------------------------------

==============================================================================


      Code (inc. data)   RO Data    RW Data    ZI Data      Debug   

     24730       1982       2794         60       1112      56174   Grand Totals
     24730       1982       2794         60       1112      56174   ELF Image Totals
     24730       1982       2794         60          0          0   ROM Totals

==============================================================================

    Total RO  Size (Code + RO Data)                27524 (  26.88kB)
    Total RW  Size (RW Data + ZI Data)              1172 (   1.14kB)
    Total ROM Size (Code + RO Data + RW Data)      27584 (  26.94kB)

==============================================================================

