<html>
<body>
<pre>
<h1>µVision Build Log</h1>
<h2>Tool Versions:</h2>
IDE-Version: µVision V5.12.0.0
Copyright (C) 2014 ARM Ltd and ARM Germany GmbH. All rights reserved.
License Information: Dave Blevins, Safe / Secure / Systems, LIC=----
 
Tool Versions:
Toolchain:       MDK-Lite  Version: 5.12.0.0
Toolchain Path:  C:\Keil_v5\ARM\ARMCC\Bin
C Compiler:      Armcc.exe V5.05 (build 41)
Assembler:       Armasm.exe V5.05 (build 41)
Linker/Locator:  ArmLink.exe V5.05 (build 41)
Library Manager: ArmAr.exe V5.05 (build 41)
Hex Converter:   FromElf.exe V5.05 (build 41)
CPU DLL:         SARMCM3.DLL V5.12.0.0
Dialog DLL:      DCM.DLL V1.13.0.0
Target DLL:      UL2CM3.DLL V1.153.0.0
Dialog DLL:      TCM.DLL V1.14.2.0
 
<h2>Project:</h2>
C:\Users\Dave\Documents\GitHub\e4357\finalProject\finalProject.uvprojx
Project File Date:  11/11/2014

<h2>Output:</h2>
Build target 'mbed NXP LPC1768'
compiling finalProject.cpp...
ble_mini.h(14): warning:  #1-D: last line of file ends without a newline
  #define OFF_INTERNEL_LED4 0x08
TMP006_lib\TMP006.h(96): warning:  #1-D: last line of file ends without a newline
  #endif
finalProject.cpp(18): warning:  #550-D: variable "fahr" was set but never used
    float cent, fahr, previousTemp, newTemp;
finalProject.cpp: 3 warnings, 0 errors
linking...
Program Size: Code=24730 RO-data=2794 RW-data=60 ZI-data=1112  
After Build - User command #1: fromelf --bin -o f:\finalProject_LPC1768.bin build\finalProject.axf
".\build\finalProject.axf" - 0 Error(s), 3 Warning(s).

<h2>Collection of Component include folders:</h2>
  C:\Users\Dave\Documents\GitHub\e4357\finalProject\RTE
  C:\Keil_v5\ARM\PACK\Keil\LPC1700_DFP\2.0.0\Device\Include

<h2>Collection of Component Files used:</h2>
</pre>
</body>
</html>
 Warning(s).

<h2>Collection of Component include folders:</h2>
  C:\Users\Dave\Documents\GitHub\e4357\finalProject\RTE
  C:\Keil_v5\ARM\PACK\Keil\LPC1700_DFP\2.0.0\Device\Include

<h2>Collection of Component Files used:</h2>
