Component: ARM Compiler 5.05 (build 41) Tool: armlink [4d0eb9]

==============================================================================

Section Cross References

    main.o(.text) refers to main.o(i._ZN4mbed10DigitalOutaSEi) for mbed::DigitalOut::operator =(int)
    main.o(.text) refers to wait_api.o(i.wait) for wait
    main.o(.text) refers to DigitalOut.o(i._ZN4mbed10DigitalOutC1E7PinNamePKc) for mbed::DigitalOut::DigitalOut(PinName, const char*)
    main.o(.text) refers to aeabi_atexit.o(i.__aeabi_atexit) for __aeabi_atexit
    main.o(.text) refers to main.o(.bss) for myled1
    main.o(.text) refers to DigitalOut.o(i._ZN4mbed10DigitalOutD1Ev) for mbed::DigitalOut::~DigitalOut()
    main.o(.ARM.exidx) refers to main.o(.text) for .text
    main.o(.init_array) refers to main.o(.text) for __sti___8_main_cpp_myled1
    main.o(.init_array) refers to init_aeabi.o(.text) for __cpp_initialize__aeabi_
    cmsis_nvic.o(i.NVIC_SetVector) refers to cmsis_nvic.o(.data) for .data
    system_LPC17xx.o(i.SystemCoreClockUpdate) refers to system_LPC17xx.o(.data) for .data
    sys.o(.ARM.exidx) refers to sys.o(i.__user_setup_stackheap) for i.__user_setup_stackheap
    startup_LPC17xx.o(RESET) refers to startup_LPC17xx.o(.text) for Reset_Handler
    startup_LPC17xx.o(.text) refers to system_LPC17xx.o(i.SystemInit) for SystemInit
    startup_LPC17xx.o(.text) refers to __main.o(!!!main) for __main
    DigitalOut.o(i._ZN4mbed10DigitalOut13get_rpc_classEv) refers to DigitalOut.o(.data) for .data
    DigitalOut.o(i._ZN4mbed10DigitalOut15get_rpc_methodsEv) refers to DigitalOut.o(.constdata) for .constdata
    DigitalOut.o(i._ZN4mbed10DigitalOutC1E7PinNamePKc) refers to Base.o(i._ZN4mbed4BaseC1EPKc) for mbed::Base::Base(const char*)
    DigitalOut.o(i._ZN4mbed10DigitalOutC1E7PinNamePKc) refers to gpio_api.o(i.gpio_output) for gpio_output
    DigitalOut.o(i._ZN4mbed10DigitalOutC1E7PinNamePKc) refers to DigitalOut.o(.constdata__ZTVN4mbed10DigitalOutE) for vtable for mbed::DigitalOut
    DigitalOut.o(.ARM.exidx) refers to DigitalOut.o(i._ZN4mbed10DigitalOutC1E7PinNamePKc) for i._ZN4mbed10DigitalOutC1E7PinNamePKc
    DigitalOut.o(.ARM.exidx) refers to DigitalOut.o(i._ZN4mbed10DigitalOut15get_rpc_methodsEv) for i._ZN4mbed10DigitalOut15get_rpc_methodsEv
    DigitalOut.o(.ARM.exidx) refers to DigitalOut.o(i._ZN4mbed10DigitalOut13get_rpc_classEv) for i._ZN4mbed10DigitalOut13get_rpc_classEv
    DigitalOut.o(.constdata) refers to DigitalOut.o(i._ZN4mbed10DigitalOut5writeEi) for mbed::DigitalOut::write(int)
    DigitalOut.o(.constdata) refers to DigitalOut.o(i._ZN4mbed10DigitalOut4readEv) for mbed::DigitalOut::read()
    DigitalOut.o(.constdata) refers to DigitalOut.o(.conststring) for .conststring
    DigitalOut.o(.constdata) refers to DigitalOut.o(t._ZN4mbed17rpc_method_callerINS_10DigitalOutEiXadL_ZNS1_5writeEiEEEEvPNS_4BaseEPKcPc) for void mbed::rpc_method_caller<mbed::DigitalOut, int, (&mbed::DigitalOut::write)>(mbed::Base*, const char*, char*)
    DigitalOut.o(.constdata) refers to DigitalOut.o(t._ZN4mbed17rpc_method_callerIiNS_10DigitalOutEXadL_ZNS1_4readEvEEEEvPNS_4BaseEPKcPc) for void mbed::rpc_method_caller<int, mbed::DigitalOut, (&mbed::DigitalOut::read)>(mbed::Base*, const char*, char*)
    DigitalOut.o(.constdata) refers to DigitalOut.o(t._ZN4mbed9rpc_superINS_4BaseEEEPKNS_10rpc_methodEPS1_) for const mbed::rpc_method* mbed::rpc_super<mbed::Base>(mbed::Base*)
    DigitalOut.o(.constdata) refers to DigitalOut.o(.conststring) for .conststring
    DigitalOut.o(.constdata) refers to DigitalOut.o(t._ZN4mbed19rpc_function_callerIPKc7PinNameS2_XadL_ZNS_4Base9constructINS_10DigitalOutES3_S2_EES2_T0_T1_EEEEvS2_Pc) for void mbed::rpc_function_caller<const char*, PinName, const char*, (&mbed::Base::construct<mbed::DigitalOut, PinName, const char*>)>(const char*, char*)
    DigitalOut.o(.data) refers to DigitalOut.o(.conststring) for .conststring
    DigitalOut.o(.data) refers to DigitalOut.o(.constdata) for funcs
    Base.o(i._ZN4mbed4Base11delete_selfEv) refers to array_del.o(i._ZdaPv) for operator delete[] (void*)
    Base.o(i._ZN4mbed4Base15get_rpc_methodsEv) refers to Base.o(.constdata) for .constdata
    Base.o(i._ZN4mbed4Base15register_objectEPKc) refers to Base.o(.data) for .data
    Base.o(i._ZN4mbed4Base3rpcEPKcS2_Pc) refers to _printf_percent.o(.ARM.Collect$$_printf_percent$$00000000) for _printf_percent
    Base.o(i._ZN4mbed4Base3rpcEPKcS2_Pc) refers to _printf_s.o(.ARM.Collect$$_printf_percent$$00000014) for _printf_s
    Base.o(i._ZN4mbed4Base3rpcEPKcS2_Pc) refers to _printf_str.o(.text) for _printf_str
    Base.o(i._ZN4mbed4Base3rpcEPKcS2_Pc) refers to __2sprintf.o(.text) for __2sprintf
    Base.o(i._ZN4mbed4Base3rpcEPKcS2_Pc) refers to strcmpv7m.o(.text) for strcmp
    Base.o(i._ZN4mbed4Base3rpcEPKcS2_S2_Pc) refers to _printf_percent.o(.ARM.Collect$$_printf_percent$$00000000) for _printf_percent
    Base.o(i._ZN4mbed4Base3rpcEPKcS2_S2_Pc) refers to _printf_s.o(.ARM.Collect$$_printf_percent$$00000014) for _printf_s
[...]
    Removing system_LPC17xx.o(i.SystemCoreClockUpdate), (212 bytes).
    Removing sys.o(.ARM.exidx), (8 bytes).
    Removing DigitalOut.o(.emb_text), (8 bytes).
    Removing DigitalOut.o(i._ZN4mbed10DigitalOut13get_rpc_classEv), (8 bytes).
    Removing DigitalOut.o(i._ZN4mbed10DigitalOut15get_rpc_methodsEv), (8 bytes).
    Removing DigitalOut.o(.ARM.exidx), (8 bytes).
    Removing DigitalOut.o(.ARM.exidx), (8 bytes).
    Removing DigitalOut.o(.ARM.exidx), (8 bytes).
    Removing DigitalOut.o(.constdata), (40 bytes).
    Removing DigitalOut.o(.constdata), (16 bytes).
    Removing DigitalOut.o(.conststring), (22 bytes).
    Removing DigitalOut.o(.conststring), (4 bytes).
    Removing DigitalOut.o(.data), (12 bytes).
    Removing Base.o(.emb_text), (8 bytes).
    Removing Base.o(i._ZN4mbed4Base11delete_selfEv), (30 bytes).
    Removing Base.o(i._ZN4mbed4Base15get_rpc_methodsEv), (8 bytes).
    Removing Base.o(i._ZN4mbed4Base15register_objectEPKc), (24 bytes).
    Removing Base.o(i._ZN4mbed4Base3rpcEPKcS2_Pc), (136 bytes).
    Removing Base.o(i._ZN4mbed4Base3rpcEPKcS2_S2_Pc), (244 bytes).
    Removing Base.o(i._ZN4mbed4Base4nameEv), (4 bytes).
    Removing Base.o(i._ZN4mbed4Base6lookupEPKcj), (56 bytes).
    Removing Base.o(i._ZN4mbed4Base7opendirEv), (24 bytes).
    Removing Base.o(i._ZN4mbed4Base8new_nameEPS0_), (32 bytes).
    Removing Base.o(.ARM.exidx), (8 bytes).
    Removing Base.o(.ARM.exidx), (8 bytes).
    Removing Base.o(.ARM.exidx), (8 bytes).
    Removing Base.o(.ARM.exidx), (8 bytes).
    Removing Base.o(.ARM.exidx), (8 bytes).
    Removing Base.o(.ARM.exidx), (8 bytes).
    Removing Base.o(.ARM.exidx), (8 bytes).
    Removing Base.o(.ARM.exidx), (8 bytes).
    Removing Base.o(.ARM.exidx), (8 bytes).
    Removing Base.o(.ARM.exidx), (8 bytes).
    Removing Base.o(.ARM.exidx), (8 bytes).
    Removing Base.o(.ARM.exidx), (8 bytes).
    Removing Base.o(.ARM.exidx), (8 bytes).
    Removing Base.o(.ARM.exidx), (8 bytes).
    Removing Base.o(.constdata), (24 bytes).
    Removing Base.o(.conststring), (7 bytes).
    Removing wait_api.o(.emb_text), (8 bytes).
    Removing stdio.o(.emb_text), (8 bytes).
    Removing stdio.o(i._Z11init_serialv), (60 bytes).
    Removing stdio.o(i._ZN4mbed8FileLikeD0Ev), (14 bytes).
    Removing stdio.o(i._ZN4mbed8FileLikeD2Ev), (52 bytes).
    Removing stdio.o(i._sys_close), (40 bytes).
    Removing stdio.o(i._sys_command_string), (4 bytes).
    Removing stdio.o(i._sys_ensure), (36 bytes).
    Removing stdio.o(i._sys_flen), (36 bytes).
    Removing stdio.o(i._sys_istty), (36 bytes).
    Removing stdio.o(i._sys_open), (284 bytes).
    Removing stdio.o(i._sys_read), (60 bytes).
    Removing stdio.o(i._sys_seek), (44 bytes).
    Removing stdio.o(i._sys_write), (76 bytes).
    Removing stdio.o(i.closedir), (6 bytes).
    Removing stdio.o(i.mkdir), (84 bytes).
    Removing stdio.o(i.opendir), (88 bytes).
    Removing stdio.o(i.readdir), (6 bytes).
    Removing stdio.o(i.remove), (76 bytes).
    Removing stdio.o(i.rename), (6 bytes).
    Removing stdio.o(i.rewinddir), (6 bytes).
    Removing stdio.o(i.seekdir), (6 bytes).
    Removing stdio.o(i.telldir), (6 bytes).
    Removing stdio.o(i.tmpfile), (4 bytes).
    Removing stdio.o(i.tmpnam), (4 bytes).
    Removing stdio.o(.ARM.exidx), (8 bytes).
    Removing stdio.o(.ARM.exidx), (8 bytes).
    Removing stdio.o(.ARM.exidx), (8 bytes).
    Removing stdio.o(.ARM.exidx), (8 bytes).
    Removing stdio.o(.ARM.exidx), (8 bytes).
    Removing stdio.o(.ARM.exidx), (8 bytes).
    Removing stdio.o(.ARM.exidx), (8 bytes).
    Removing stdio.o(.ARM.exidx), (8 bytes).
    Removing stdio.o(.ARM.exidx), (8 bytes).
    Removing stdio.o(.ARM.exidx), (8 bytes).
    Removing stdio.o(.ARM.exidx), (8 bytes).
    Removing stdio.o(.ARM.exidx), (8 bytes).
    Removing stdio.o(.ARM.exidx), (8 bytes).
    Removing stdio.o(.ARM.exidx), (8 bytes).
    Removing stdio.o(.ARM.exidx), (8 bytes).
    Removing stdio.o(.ARM.exidx), (8 bytes).
    Removing stdio.o(.ARM.exidx), (8 bytes).
    Removing stdio.o(.ARM.exidx), (8 bytes).
    Removing stdio.o(.ARM.exidx), (8 bytes).
    Removing stdio.o(.ARM.exidx), (8 bytes).
    Removing stdio.o(.ARM.exidx), (8 bytes).
    Removing stdio.o(.ARM.exidx), (8 bytes).
    Removing stdio.o(.ARM.exidx), (8 bytes).
    Removing stdio.o(.bss), (64 bytes).
    Removing stdio.o(.constdata), (23 bytes).
    Removing us_ticker_api.o(.emb_text), (8 bytes).
    Removing gpio_api.o(.emb_text), (8 bytes).
    Removing gpio_api.o(i.gpio_input), (44 bytes).
    Removing gpio_api.o(i.gpio_mode), (4 bytes).
    Removing gpio_api.o(i.gpio_read), (26 bytes).
    Removing serial_api.o(.emb_text), (8 bytes).
    Removing serial_api.o(i.serial_baud), (420 bytes).
    Removing serial_api.o(i.serial_clear), (6 bytes).
    Removing serial_api.o(i.serial_format), (236 bytes).
    Removing serial_api.o(i.serial_free), (2 bytes).
    Removing serial_api.o(i.serial_getc), (12 bytes).
    Removing serial_api.o(i.serial_init), (240 bytes).
    Removing serial_api.o(i.serial_interrupt), (2 bytes).
    Removing serial_api.o(i.serial_pinout_tx), (12 bytes).
    Removing serial_api.o(i.serial_putc), (12 bytes).
    Removing serial_api.o(i.serial_readable), (8 bytes).
    Removing serial_api.o(i.serial_writable), (8 bytes).
    Removing serial_api.o(.constdata), (216 bytes).
    Removing serial_api.o(.data), (4 bytes).
    Removing timer_api.o(.emb_text), (8 bytes).
    Removing timer_api.o(i.timer_free), (2 bytes).
    Removing timer_api.o(i.timer_stop), (10 bytes).
    Removing timer_api.o(i.timer_write), (18 bytes).
    Removing pinmap.o(.emb_text), (8 bytes).
    Removing pinmap.o(i.pinmap_merge), (56 bytes).
    Removing pinmap.o(i.pinmap_peripheral), (76 bytes).
    Removing pinmap.o(i.pinmap_pinout), (84 bytes).
    Removing semihost_api.o(i.semihost_close), (10 bytes).
    Removing semihost_api.o(i.semihost_disabledebug), (10 bytes).
    Removing semihost_api.o(i.semihost_ensure), (10 bytes).
    Removing semihost_api.o(i.semihost_flen), (10 bytes).
    Removing semihost_api.o(i.semihost_istty), (10 bytes).
    Removing semihost_api.o(i.semihost_open), (20 bytes).
    Removing semihost_api.o(i.semihost_powerdown), (10 bytes).
    Removing semihost_api.o(i.semihost_read), (14 bytes).
    Removing semihost_api.o(i.semihost_remove), (18 bytes).
    Removing semihost_api.o(i.semihost_rename), (32 bytes).
    Removing semihost_api.o(i.semihost_reset), (10 bytes).
    Removing semihost_api.o(i.semihost_seek), (14 bytes).
    Removing semihost_api.o(i.semihost_uid), (18 bytes).
    Removing semihost_api.o(i.semihost_vbus), (10 bytes).
    Removing semihost_api.o(i.semihost_write), (14 bytes).
    Removing mbed_interface.o(.emb_text), (8 bytes).
    Removing mbed_interface.o(i.mbed_interface_disconnect), (22 bytes).
    Removing mbed_interface.o(i.mbed_interface_powerdown), (26 bytes).
    Removing mbed_interface.o(i.mbed_interface_reset), (22 bytes).
    Removing mbed_interface.o(i.mbed_interface_uid), (28 bytes).
    Removing mbed_interface.o(i.mbed_mac_address), (72 bytes).
    Removing mbed_interface.o(i.mbed_reset), (4 bytes).
    Removing mbed_interface.o(i.mbed_uid), (8 bytes).
    Removing main.o(.ARM.exidx), (8 bytes).
    Removing DigitalOut.o(.constdata___ARM__ZN4mbed10parse_pinsEPKc_anon0), (104 bytes).
    Removing DigitalOut.o(.ARM.exidx), (8 bytes).
    Removing DigitalOut.o(i._ZN4mbed10parse_charEPKcPS1_), (166 bytes).
    Removing DigitalOut.o(.ARM.exidx), (8 bytes).
    Removing DigitalOut.o(t._ZN4mbed17rpc_method_callerINS_10DigitalOutEiXadL_ZNS1_5writeEiEEEEvPNS_4BaseEPKcPc), (80 bytes).
    Removing DigitalOut.o(.ARM.exidx), (8 bytes).
    Removing DigitalOut.o(t._ZN4mbed17rpc_method_callerIiNS_10DigitalOutEXadL_ZNS1_4readEvEEEEvPNS_4BaseEPKcPc), (52 bytes).
    Removing DigitalOut.o(.ARM.exidx), (8 bytes).
    Removing DigitalOut.o(t._ZN4mbed9rpc_superINS_4BaseEEEPKNS_10rpc_methodEPS1_), (4 bytes).
    Removing DigitalOut.o(.ARM.exidx), (8 bytes).
    Removing DigitalOut.o(t._ZN4mbed19rpc_function_callerIPKc7PinNameS2_XadL_ZNS_4Base9constructINS_10DigitalOutES3_S2_EES2_T0_T1_EEEEvS2_Pc), (136 bytes).
    Removing DigitalOut.o(.ARM.exidx), (8 bytes).
    Removing DigitalOut.o(i.isalnum), (18 bytes).
    Removing DigitalOut.o(.ARM.exidx), (8 bytes).
    Removing DigitalOut.o(i._ZN4mbed10DigitalOut5writeEi), (14 bytes).
    Removing DigitalOut.o(.ARM.exidx), (8 bytes).
    Removing DigitalOut.o(i._ZN4mbed10DigitalOut4readEv), (18 bytes).
    Removing DigitalOut.o(.ARM.exidx), (8 bytes).
    Removing DigitalOut.o(.ARM.exidx), (8 bytes).
    Removing DigitalOut.o(i._ZN4mbed9parse_argIPcEET_PKcPS4_), (134 bytes).
    Removing DigitalOut.o(.ARM.exidx), (8 bytes).
    Removing DigitalOut.o(i._ZN4mbed10parse_pinsEPKc), (192 bytes).
    Removing DigitalOut.o(.ARM.exidx), (8 bytes).
    Removing DigitalOut.o(i._ZN4mbed8next_argEPKc), (30 bytes).
    Removing DigitalOut.o(.ARM.exidx), (8 bytes).
    Removing DigitalOut.o(.constdata__ZTIN4mbed10DigitalOutE), (12 bytes).
    Removing DigitalOut.o(.constdata__ZTSN4mbed10DigitalOutE), (20 bytes).
    Removing Base.o(t._ZN4mbed17rpc_method_callerINS_4BaseEXadL_ZNS1_11delete_selfEvEEEEvPS1_PKcPc), (40 bytes).
    Removing Base.o(.ARM.exidx), (8 bytes).
    Removing Base.o(.constdata__ZTIN4mbed4BaseE), (8 bytes).
    Removing Base.o(.constdata__ZTVN4mbed13BaseDirHandleE), (28 bytes).
    Removing Base.o(.constdata__ZTIN4mbed13BaseDirHandleE), (12 bytes).
    Removing Base.o(.constdata__ZTSN4mbed4BaseE), (13 bytes).
    Removing Base.o(.constdata__ZTIN4mbed9DirHandleE), (8 bytes).
    Removing Base.o(.constdata__ZTSN4mbed13BaseDirHandleE), (23 bytes).
    Removing Base.o(.constdata__ZTSN4mbed9DirHandleE), (18 bytes).
    Removing Base.o(i._ZN4mbed13BaseDirHandle8closedirEv), (10 bytes).
    Removing Base.o(.ARM.exidx), (8 bytes).
    Removing Base.o(i._ZN4mbed13BaseDirHandle7readdirEv), (104 bytes).
    Removing Base.o(.ARM.exidx), (8 bytes).
    Removing Base.o(i._ZN4mbed13BaseDirHandle7telldirEv), (4 bytes).
    Removing Base.o(.ARM.exidx), (8 bytes).
    Removing Base.o(i._ZN4mbed13BaseDirHandle7seekdirEl), (4 bytes).
    Removing Base.o(.ARM.exidx), (8 bytes).
    Removing Base.o(i._ZN4mbed13BaseDirHandle9rewinddirEv), (6 bytes).
    Removing Base.o(.ARM.exidx), (8 bytes).
    Removing Base.o(.constdata__ZTIN4mbed14FileSystemLikeE), (12 bytes).
    Removing Base.o(.constdata__ZTSN4mbed14FileSystemLikeE), (24 bytes).
    Removing stdio.o(.constdata__ZTVN4mbed8FileLikeE), (60 bytes).
    Removing stdio.o(i._ZN4mbed10FileHandle4flenEv), (58 bytes).
    Removing stdio.o(.ARM.exidx), (8 bytes).
    Removing stdio.o(.constdata__ZTIN4mbed8FileLikeE), (32 bytes).
    Removing stdio.o(.constdata__ZTIN4mbed10FileHandleE), (8 bytes).
    Removing stdio.o(.constdata__ZTSN4mbed8FileLikeE), (17 bytes).
    Removing stdio.o(.constdata__ZTSN4mbed10FileHandleE), (20 bytes).

202 unused section(s) (total 6091 bytes) removed from the image.

==============================================================================

Image Symbol Table

    Local Symbols

    Symbol Name                              Value     Ov Type        Size  Object(Section)

    RESET                                    0x00000000   Section      196  startup_LPC17xx.o(RESET)
    ../../../edgfe/lib_src/arm_exceptions.c  0x00000000   Number         0  arm_exceptions_globs.o ABSOLUTE
    ../../../edgfe/lib_src/arm_exceptions.c  0x00000000   Number         0  arm_exceptions_terminate.o ABSOLUTE
    ../../../edgfe/lib_src/arm_exceptions.c  0x00000000   Number         0  arm_exceptions_support.o ABSOLUTE
    ../../../edgfe/lib_src/arm_exceptions.c  0x00000000   Number         0  arm_exceptions_callterm.o ABSOLUTE
    ../../../edgfe/lib_src/arm_exceptions.c  0x00000000   Number         0  arm_exceptions_mem.o ABSOLUTE
    ../../../edgfe/lib_src/arm_noexceptions.c 0x00000000   Number         0  arm_begincatch_noexceptions.o ABSOLUTE
    ../../../edgfe/lib_src/arm_noexceptions.c 0x00000000   Number         0  arm_newhandler_noexceptions.o ABSOLUTE
    ../../../edgfe/lib_src/arm_noexceptions.c 0x00000000   Number         0  arm_callunex_noexceptions.o ABSOLUTE
    ../../../edgfe/lib_src/arm_noexceptions.c 0x00000000   Number         0  arm_bad_typeid_noexceptions.o ABSOLUTE
    ../../../edgfe/lib_src/array_del.c       0x00000000   Number         0  array_del.o ABSOLUTE
    ../../../edgfe/lib_src/array_new.c       0x00000000   Number         0  array_new.o ABSOLUTE
    ../../../edgfe/lib_src/bad_alloc.c       0x00000000   Number         0  bad_alloc_what.o ABSOLUTE
    ../../../edgfe/lib_src/bad_alloc.c       0x00000000   Number         0  bad_alloc_dtor.o ABSOLUTE
    ../../../edgfe/lib_src/delete.c          0x00000000   Number         0  delete.o ABSOLUTE
    ../../../edgfe/lib_src/dtor_list.c       0x00000000   Number         0  cxa_finalize.o ABSOLUTE
    ../../../edgfe/lib_src/dtor_list.c       0x00000000   Number         0  aeabi_atexit.o ABSOLUTE
    ../../../edgfe/lib_src/dtor_list.c       0x00000000   Number         0  cxa_atexit.o ABSOLUTE
    ../../../edgfe/lib_src/exception.c       0x00000000   Number         0  exception_dtor.o ABSOLUTE
    ../../../edgfe/lib_src/exception.c       0x00000000   Number         0  exception_what.o ABSOLUTE
    ../../../edgfe/lib_src/new.c             0x00000000   Number         0  new.o ABSOLUTE
    ../../../edgfe/lib_src/pure_virt.c       0x00000000   Number         0  pure_virt.o ABSOLUTE
    ../../../edgfe/lib_src/rtti.c            0x00000000   Number         0  rtti.o ABSOLUTE
    ../../../edgfe/lib_src/typeinfo.c        0x00000000   Number         0  type_info_name.o ABSOLUTE
    ../../../edgfe/lib_src/typeinfo.c        0x00000000   Number         0  lib_rtti_impl.o ABSOLUTE
    ../../../edgfe/lib_src/typeinfo.c        0x00000000   Number         0  type_info_eq.o ABSOLUTE
    ../../../edgfe/lib_src/typeinfo.c        0x00000000   Number         0  type_info_dtor.o ABSOLUTE
    ../clib/angel/boardlib.s                 0x00000000   Number         0  boardinit3.o ABSOLUTE
    ../clib/angel/boardlib.s                 0x00000000   Number         0  boardinit2.o ABSOLUTE
    ../clib/angel/boardlib.s                 0x00000000   Number         0  boardinit1.o ABSOLUTE
    ../clib/angel/handlers.s                 0x00000000   Number         0  __scatter_copy.o ABSOLUTE
    ../clib/angel/handlers.s                 0x00000000   Number         0  __scatter_zi.o ABSOLUTE
    ../clib/angel/kernel.s                   0x00000000   Number         0  __rtentry.o ABSOLUTE
    ../clib/angel/kernel.s                   0x00000000   Number         0  __rtentry4.o ABSOLUTE
    ../clib/angel/kernel.s                   0x00000000   Number         0  __rtentry2.o ABSOLUTE
    ../clib/angel/rt.s                       0x00000000   Number         0  rt_heap_descriptor_intlibspace.o ABSOLUTE
    ../clib/angel/rt.s                       0x00000000   Number         0  rt_heap_descriptor.o ABSOLUTE
    ../clib/angel/rt.s                       0x00000000   Number         0  rt_raise.o ABSOLUTE
    ../clib/angel/rt.s                       0x00000000   Number         0  rt_errno_addr_intlibspace.o ABSOLUTE
    ../clib/angel/rt.s                       0x00000000   Number         0  rt_new_handler_addr.o ABSOLUTE
    ../clib/angel/rt.s                       0x00000000   Number         0  rt_ddtor_pointer_addr_intlibspace.o ABSOLUTE
    ../clib/angel/rt.s                       0x00000000   Number         0  rt_ddtor_pointer_addr.o ABSOLUTE
    ../clib/angel/rt.s                       0x00000000   Number         0  rt_new_handler_addr_intlibspace.o ABSOLUTE
    ../clib/angel/rt.s                       0x00000000   Number         0  rt_errno_addr.o ABSOLUTE
    ../clib/angel/rt.s                       0x00000000   Number         0  rt_eh_globals_addr_intlibspace.o ABSOLUTE
    ../clib/angel/rt.s                       0x00000000   Number         0  rt_eh_globals_addr.o ABSOLUTE
    ../clib/angel/rt.s                       0x00000000   Number         0  rt_ctype_table.o ABSOLUTE
    ../clib/angel/rt.s                       0x00000000   Number         0  rt_locale.o ABSOLUTE
    ../clib/angel/rt.s                       0x00000000   Number         0  rt_locale_intlibspace.o ABSOLUTE
    ../clib/angel/scatter.s                  0x00000000   Number         0  __scatter.o ABSOLUTE
    ../clib/angel/startup.s                  0x00000000   Number         0  __main.o ABSOLUTE
    ../clib/angel/sys.s                      0x00000000   Number         0  indicate_semi.o ABSOLUTE
    ../clib/angel/sys.s                      0x00000000   Number         0  use_no_semi.o ABSOLUTE
    ../clib/angel/sys.s                      0x00000000   Number         0  mutex_dummy.o ABSOLUTE
    ../clib/angel/sys.s                      0x00000000   Number         0  libspace.o ABSOLUTE
    ../clib/angel/sysapp.c                   0x00000000   Number         0  sys_wrch.o ABSOLUTE
    ../clib/angel/sysapp.c                   0x00000000   Number         0  sys_exit.o ABSOLUTE
    ../clib/arm_runtime.c                    0x00000000   Number         0  init_aeabi.o ABSOLUTE
    ../clib/arm_runtime.c                    0x00000000   Number         0  init_aeabi.o ABSOLUTE
    ../clib/armsys.c                         0x00000000   Number         0  argv_veneer.o ABSOLUTE
    ../clib/armsys.c                         0x00000000   Number         0  _get_argv_nomalloc.o ABSOLUTE
    ../clib/armsys.c                         0x00000000   Number         0  _get_argv.o ABSOLUTE
    ../clib/armsys.c                         0x00000000   Number         0  no_argv.o ABSOLUTE
    ../clib/armsys.c                         0x00000000   Number         0  argv_veneer.o ABSOLUTE
    ../clib/assert.c                         0x00000000   Number         0  assert_stdio.o ABSOLUTE
    ../clib/ctype.c                          0x00000000   Number         0  isspace.o ABSOLUTE
    ../clib/heap1.c                          0x00000000   Number         0  h1_final_mt.o ABSOLUTE
    ../clib/heap1.c                          0x00000000   Number         0  h1_final.o ABSOLUTE
    ../clib/heap1.c                          0x00000000   Number         0  h1_extend_mt.o ABSOLUTE
    ../clib/heap1.c                          0x00000000   Number         0  h1_extend.o ABSOLUTE
    ../clib/heap1.c                          0x00000000   Number         0  h1_alloc_mt.o ABSOLUTE
    ../clib/heap1.c                          0x00000000   Number         0  h1_free_mt.o ABSOLUTE
    ../clib/heap1.c                          0x00000000   Number         0  h1_init_mt.o ABSOLUTE
    ../clib/heap1.c                          0x00000000   Number         0  h1_alloc.o ABSOLUTE
    ../clib/heap1.c                          0x00000000   Number         0  h1_free.o ABSOLUTE
    ../clib/heap1.c                          0x00000000   Number         0  h1_init.o ABSOLUTE
    ../clib/heap2.c                          0x00000000   Number         0  fdtree.o ABSOLUTE
    ../clib/heap2.c                          0x00000000   Number         0  heap2.o ABSOLUTE
    ../clib/heap2.c                          0x00000000   Number         0  heap2mt.o ABSOLUTE
    ../clib/heapalloc.c                      0x00000000   Number         0  term_alloc.o ABSOLUTE
    ../clib/heapalloc.c                      0x00000000   Number         0  malloc.o ABSOLUTE
    ../clib/heapalloc.c                      0x00000000   Number         0  free.o ABSOLUTE
    ../clib/heapalloc.c                      0x00000000   Number         0  heapstubs.o ABSOLUTE
    ../clib/heapalloc.c                      0x00000000   Number         0  maybetermalloc1.o ABSOLUTE
    ../clib/heapalloc.c                      0x00000000   Number         0  hguard.o ABSOLUTE
    ../clib/heapalloc.c                      0x00000000   Number         0  maybetermalloc2.o ABSOLUTE
    ../clib/heapalloc.c                      0x00000000   Number         0  hrguard.o ABSOLUTE
    ../clib/heapalloc.c                      0x00000000   Number         0  init_alloc.o ABSOLUTE
    ../clib/heapalloc.c                      0x00000000   Number         0  maybetermalloc1.o ABSOLUTE
    ../clib/heapalloc.c                      0x00000000   Number         0  maybetermalloc2.o ABSOLUTE
    ../clib/heapaux.c                        0x00000000   Number         0  heapauxa.o ABSOLUTE
    ../clib/heapaux.c                        0x00000000   Number         0  heapauxi.o ABSOLUTE
    ../clib/libinit.s                        0x00000000   Number         0  libinit2.o ABSOLUTE
    ../clib/libinit.s                        0x00000000   Number         0  libinit.o ABSOLUTE
    ../clib/libinit.s                        0x00000000   Number         0  libshutdown2.o ABSOLUTE
    ../clib/locale.s                         0x00000000   Number         0  lc_ctype_c.o ABSOLUTE
    ../clib/memcpset.s                       0x00000000   Number         0  rt_memcpy_v6.o ABSOLUTE
    ../clib/memcpset.s                       0x00000000   Number         0  rt_memclr_w.o ABSOLUTE
    ../clib/memcpset.s                       0x00000000   Number         0  rt_memcpy_w.o ABSOLUTE
    ../clib/memcpset.s                       0x00000000   Number         0  strncpy.o ABSOLUTE
    ../clib/memcpset.s                       0x00000000   Number         0  strcmpv7m.o ABSOLUTE
    ../clib/memcpset.s                       0x00000000   Number         0  rt_memclr.o ABSOLUTE
    ../clib/misc.s                           0x00000000   Number         0  printf_stubs.o ABSOLUTE
    ../clib/printf.c                         0x00000000   Number         0  _printf_char_file_locked.o ABSOLUTE
    ../clib/printf.c                         0x00000000   Number         0  __printf_nopercent.o ABSOLUTE
    ../clib/printf.c                         0x00000000   Number         0  __2fprintf.o ABSOLUTE
    ../clib/printf.c                         0x00000000   Number         0  __2sprintf.o ABSOLUTE
    ../clib/printf.c                         0x00000000   Number         0  noretval__2fprintf.o ABSOLUTE
    ../clib/printf.c                         0x00000000   Number         0  noretval__2sprintf.o ABSOLUTE
    ../clib/printf.c                         0x00000000   Number         0  __printf.o ABSOLUTE
    ../clib/printf.c                         0x00000000   Number         0  _printf_str.o ABSOLUTE
    ../clib/printf.c                         0x00000000   Number         0  _printf_dec.o ABSOLUTE
    ../clib/printf.c                         0x00000000   Number         0  _printf_hex_ll.o ABSOLUTE
    ../clib/printf.c                         0x00000000   Number         0  _printf_hex_int.o ABSOLUTE
    ../clib/printf.c                         0x00000000   Number         0  _printf_hex_int_ll.o ABSOLUTE
    ../clib/printf.c                         0x00000000   Number         0  _printf_hex_ptr.o ABSOLUTE
    ../clib/printf.c                         0x00000000   Number         0  _printf_hex_int_ptr.o ABSOLUTE
    ../clib/printf.c                         0x00000000   Number         0  _printf_hex_ll_ptr.o ABSOLUTE
    ../clib/printf.c                         0x00000000   Number         0  __printf_ss.o ABSOLUTE
    ../clib/printf.c                         0x00000000   Number         0  __printf_flags_ss.o ABSOLUTE
    ../clib/printf.c                         0x00000000   Number         0  __printf_wp.o ABSOLUTE
    ../clib/printf.c                         0x00000000   Number         0  __printf_flags_wp.o ABSOLUTE
    ../clib/printf.c                         0x00000000   Number         0  __printf_ss_wp.o ABSOLUTE
    ../clib/printf.c                         0x00000000   Number         0  __printf_flags_ss_wp.o ABSOLUTE
    ../clib/printf.c                         0x00000000   Number         0  __printf_flags.o ABSOLUTE
    ../clib/printf.c                         0x00000000   Number         0  _printf_hex_int_ll_ptr.o ABSOLUTE
    ../clib/printf.c                         0x00000000   Number         0  _printf_intcommon.o ABSOLUTE
    ../clib/printf.c                         0x00000000   Number         0  _printf_char_common.o ABSOLUTE
    ../clib/printf.c                         0x00000000   Number         0  _sputc.o ABSOLUTE
    ../clib/printf.c                         0x00000000   Number         0  _printf_char.o ABSOLUTE
    ../clib/printf.c                         0x00000000   Number         0  _printf_char_file.o ABSOLUTE
    ../clib/printf_percent.s                 0x00000000   Number         0  _printf_percent_end.o ABSOLUTE
    ../clib/printf_percent.s                 0x00000000   Number         0  _printf_percent.o ABSOLUTE
    ../clib/printf_percent.s                 0x00000000   Number         0  _printf_d.o ABSOLUTE
    ../clib/printf_percent.s                 0x00000000   Number         0  _printf_i.o ABSOLUTE
    ../clib/printf_percent.s                 0x00000000   Number         0  _printf_p.o ABSOLUTE
    ../clib/printf_percent.s                 0x00000000   Number         0  _printf_s.o ABSOLUTE
    ../clib/scanf.c                          0x00000000   Number         0  _sgetc.o ABSOLUTE
    ../clib/scanf.c                          0x00000000   Number         0  _scanf_int.o ABSOLUTE
    ../clib/scanf.c                          0x00000000   Number         0  __0sscanf.o ABSOLUTE
    ../clib/scanf.c                          0x00000000   Number         0  strtol.o ABSOLUTE
    ../clib/scanf.c                          0x00000000   Number         0  _scanf.o ABSOLUTE
    ../clib/scanf.c                          0x00000000   Number         0  _strtoul.o ABSOLUTE
    ../clib/scanf.c                          0x00000000   Number         0  _chval.o ABSOLUTE
    ../clib/scanf.c                          0x00000000   Number         0  scanf_char.o ABSOLUTE
    ../clib/signal.c                         0x00000000   Number         0  defsig_fpe_inner.o ABSOLUTE
    ../clib/signal.c                         0x00000000   Number         0  defsig_abrt_outer.o ABSOLUTE
    ../clib/signal.c                         0x00000000   Number         0  defsig_rtmem_inner.o ABSOLUTE
    ../clib/signal.c                         0x00000000   Number         0  defsig_other.o ABSOLUTE
    ../clib/signal.c                         0x00000000   Number         0  defsig_pvfn_outer.o ABSOLUTE
    ../clib/signal.c                         0x00000000   Number         0  defsig_pvfn_inner.o ABSOLUTE
    ../clib/signal.c                         0x00000000   Number         0  defsig_rtred_formal.o ABSOLUTE
    ../clib/signal.c                         0x00000000   Number         0  defsig_rtmem_formal.o ABSOLUTE
    ../clib/signal.c                         0x00000000   Number         0  defsig_cppl_inner.o ABSOLUTE
    ../clib/signal.c                         0x00000000   Number         0  defsig_stak_inner.o ABSOLUTE
    ../clib/signal.c                         0x00000000   Number         0  defsig_rtred_outer.o ABSOLUTE
    ../clib/signal.c                         0x00000000   Number         0  __raise.o ABSOLUTE
    ../clib/signal.c                         0x00000000   Number         0  defsig_rtmem_outer.o ABSOLUTE
    ../clib/signal.c                         0x00000000   Number         0  defsig_rtred_inner.o ABSOLUTE
    ../clib/signal.c                         0x00000000   Number         0  defsig_general.o ABSOLUTE
    ../clib/signal.c                         0x00000000   Number         0  defsig_abrt_inner.o ABSOLUTE
    ../clib/signal.c                         0x00000000   Number         0  defsig_exit.o ABSOLUTE
    ../clib/signal.c                         0x00000000   Number         0  defsig_abrt_formal.o ABSOLUTE
    ../clib/signal.c                         0x00000000   Number         0  defsig_pvfn_formal.o ABSOLUTE
    ../clib/signal.c                         0x00000000   Number         0  defsig_segv_inner.o ABSOLUTE
    ../clib/signal.s                         0x00000000   Number         0  defsig.o ABSOLUTE
    ../clib/stdio.c                          0x00000000   Number         0  fputc_locked.o ABSOLUTE
    ../clib/stdio.c                          0x00000000   Number         0  setvbuf_locked.o ABSOLUTE
    ../clib/stdio.c                          0x00000000   Number         0  fclose.o ABSOLUTE
    ../clib/stdio.c                          0x00000000   Number         0  fopen.o ABSOLUTE
    ../clib/stdio.c                          0x00000000   Number         0  streamlock.o ABSOLUTE
    ../clib/stdio.c                          0x00000000   Number         0  flsbuf.o ABSOLUTE
    ../clib/stdio.c                          0x00000000   Number         0  setvbuf.o ABSOLUTE
    ../clib/stdio.c                          0x00000000   Number         0  fopen_locked.o ABSOLUTE
    ../clib/stdio.c                          0x00000000   Number         0  fseek.o ABSOLUTE
    ../clib/stdio.c                          0x00000000   Number         0  stdio.o ABSOLUTE
    ../clib/stdio.c                          0x00000000   Number         0  ferror.o ABSOLUTE
    ../clib/stdio.c                          0x00000000   Number         0  initio_locked.o ABSOLUTE
    ../clib/stdio.c                          0x00000000   Number         0  ftell.o ABSOLUTE
    ../clib/stdio.c                          0x00000000   Number         0  fwritefast.o ABSOLUTE
    ../clib/stdio.c                          0x00000000   Number         0  fwritefast_locked.o ABSOLUTE
    ../clib/stdio.c                          0x00000000   Number         0  stdio_streams.o ABSOLUTE
    ../clib/stdio.c                          0x00000000   Number         0  fputs.o ABSOLUTE
    ../clib/stdio.c                          0x00000000   Number         0  fputs_locked.o ABSOLUTE
    ../clib/stdio.c                          0x00000000   Number         0  fflush_locked.o ABSOLUTE
    ../clib/stdio.c                          0x00000000   Number         0  initio.o ABSOLUTE
    ../clib/stdio.c                          0x00000000   Number         0  fputc.o ABSOLUTE
    ../clib/stdio.c                          0x00000000   Number         0  ferror_locked.o ABSOLUTE
    ../clib/stdio.c                          0x00000000   Number         0  fflush.o ABSOLUTE
    ../clib/stdlib.c                         0x00000000   Number         0  bsearchnoex.o ABSOLUTE
    ../clib/stdlib.c                         0x00000000   Number         0  atexit_cpp.o ABSOLUTE
    ../clib/stdlib.c                         0x00000000   Number         0  abort.o ABSOLUTE
    ../clib/string.c                         0x00000000   Number         0  strncmp.o ABSOLUTE
    ../clib/string.c                         0x00000000   Number         0  strlen.o ABSOLUTE
    ../clib/string.c                         0x00000000   Number         0  strcpy.o ABSOLUTE
    ../clib/unwind_pr.c                      0x00000000   Number         0  unwind_prcommon.o ABSOLUTE
    ../clib/unwind_pr.c                      0x00000000   Number         0  unwind_pr0.o ABSOLUTE
    ../clib/unwinder.c                       0x00000000   Number         0  unwinder.o ABSOLUTE
    ../clib/unwinder.c                       0x00000000   Number         0  unwind_activity.o ABSOLUTE
    ../clib/unwinder.c                       0x00000000   Number         0  unwind_activity.o ABSOLUTE
    ../clib/unwinder.c                       0x00000000   Number         0  unwinder.o ABSOLUTE
    ../clib/wchar.c                          0x00000000   Number         0  flsbuf_fwide.o ABSOLUTE
    ../fplib/d2f.s                           0x00000000   Number         0  d2f.o ABSOLUTE
    ../fplib/dcheck1.s                       0x00000000   Number         0  dcheck1.o ABSOLUTE
    ../fplib/ddiv.s                          0x00000000   Number         0  ddiv.o ABSOLUTE
    ../fplib/dfix.s                          0x00000000   Number         0  dfix.o ABSOLUTE
    ../fplib/dflt.s                          0x00000000   Number         0  dflt_clz.o ABSOLUTE
    ../fplib/dmul.s                          0x00000000   Number         0  dmul.o ABSOLUTE
    ../fplib/dnaninf.s                       0x00000000   Number         0  dnaninf.o ABSOLUTE
    ../fplib/dretinf.s                       0x00000000   Number         0  dretinf.o ABSOLUTE
    ../fplib/f2d.s                           0x00000000   Number         0  f2d.o ABSOLUTE
    ../fplib/faddsub.s                       0x00000000   Number         0  faddsub_clz.o ABSOLUTE
    ../fplib/fcmpi.s                         0x00000000   Number         0  fcmpi.o ABSOLUTE
    ../fplib/fdiv.s                          0x00000000   Number         0  fdiv.o ABSOLUTE
    ../fplib/fflt.s                          0x00000000   Number         0  fflt_clz.o ABSOLUTE
    ../fplib/fleqf.s                         0x00000000   Number         0  fleqf.o ABSOLUTE
    ../fplib/fnaninf.s                       0x00000000   Number         0  fnaninf.o ABSOLUTE
    ../fplib/fpinit.s                        0x00000000   Number         0  fpinit.o ABSOLUTE
    ../fplib/fretinf.s                       0x00000000   Number         0  fretinf.o ABSOLUTE
    ../fplib/retnan.s                        0x00000000   Number         0  retnan.o ABSOLUTE
    ../fplib/scalbn.s                        0x00000000   Number         0  scalbn.o ABSOLUTE
    ../fplib/trapv.s                         0x00000000   Number         0  trapv.o ABSOLUTE
    ../fplib/usenofp.s                       0x00000000   Number         0  usenofp.o ABSOLUTE
    /home/emimon01/smb/work/mbed/emilmont/cmsis/LPC1768/ARM/startup_LPC17xx.s 0x00000000   Number         0  startup_LPC17xx.o ABSOLUTE
    /home/emimon01/smb/work/mbed/emilmont/cmsis/LPC1768/ARM/sys.cpp 0x00000000   Number         0  sys.o ABSOLUTE
    /home/emimon01/smb/work/mbed/emilmont/cmsis/LPC1768/cmsis_nvic.c 0x00000000   Number         0  cmsis_nvic.o ABSOLUTE
    /home/emimon01/smb/work/mbed/emilmont/cmsis/LPC1768/cmsis_nvic.c 0x00000000   Number         0  cmsis_nvic.o ABSOLUTE
    /home/emimon01/smb/work/mbed/emilmont/cmsis/LPC1768/core_cm3.c 0x00000000   Number         0  core_cm3.o ABSOLUTE
    /home/emimon01/smb/work/mbed/emilmont/cmsis/LPC1768/system_LPC17xx.c 0x00000000   Number         0  system_LPC17xx.o ABSOLUTE
    /home/emimon01/smb/work/mbed/emilmont/cmsis/LPC1768/system_LPC17xx.c 0x00000000   Number         0  system_LPC17xx.o ABSOLUTE
    /home/emimon01/smb/work/mbed/emilmont/mbed/Base.cpp 0x00000000   Number         0  Base.o ABSOLUTE
    /home/emimon01/smb/work/mbed/emilmont/mbed/Base.cpp 0x00000000   Number         0  Base.o ABSOLUTE
    /home/emimon01/smb/work/mbed/emilmont/mbed/DigitalOut.cpp 0x00000000   Number         0  DigitalOut.o ABSOLUTE
    /home/emimon01/smb/work/mbed/emilmont/mbed/DigitalOut.cpp 0x00000000   Number         0  DigitalOut.o ABSOLUTE
    /home/emimon01/smb/work/mbed/emilmont/mbed/stdio.cpp 0x00000000   Number         0  stdio.o ABSOLUTE
    /home/emimon01/smb/work/mbed/emilmont/mbed/stdio.cpp 0x00000000   Number         0  stdio.o ABSOLUTE
    /home/emimon01/smb/work/mbed/emilmont/mbed_capi/exit.c 0x00000000   Number         0  exit.o ABSOLUTE
    /home/emimon01/smb/work/mbed/emilmont/mbed_capi/gpio_api.c 0x00000000   Number         0  gpio_api.o ABSOLUTE
    /home/emimon01/smb/work/mbed/emilmont/mbed_capi/gpio_api.c 0x00000000   Number         0  gpio_api.o ABSOLUTE
    /home/emimon01/smb/work/mbed/emilmont/mbed_capi/mbed_interface.c 0x00000000   Number         0  mbed_interface.o ABSOLUTE
    /home/emimon01/smb/work/mbed/emilmont/mbed_capi/mbed_interface.c 0x00000000   Number         0  mbed_interface.o ABSOLUTE
    /home/emimon01/smb/work/mbed/emilmont/mbed_capi/pinmap.c 0x00000000   Number         0  pinmap.o ABSOLUTE
    /home/emimon01/smb/work/mbed/emilmont/mbed_capi/pinmap.c 0x00000000   Number         0  pinmap.o ABSOLUTE
    /home/emimon01/smb/work/mbed/emilmont/mbed_capi/semihost_api.c 0x00000000   Number         0  semihost_api.o ABSOLUTE
    /home/emimon01/smb/work/mbed/emilmont/mbed_capi/serial_api.c 0x00000000   Number         0  serial_api.o ABSOLUTE
    /home/emimon01/smb/work/mbed/emilmont/mbed_capi/serial_api.c 0x00000000   Number         0  serial_api.o ABSOLUTE
    /home/emimon01/smb/work/mbed/emilmont/mbed_capi/timer_api.c 0x00000000   Number         0  timer_api.o ABSOLUTE
    /home/emimon01/smb/work/mbed/emilmont/mbed_capi/timer_api.c 0x00000000   Number         0  timer_api.o ABSOLUTE
    /home/emimon01/smb/work/mbed/emilmont/mbed_capi/us_ticker_api.c 0x00000000   Number         0  us_ticker_api.o ABSOLUTE
    /home/emimon01/smb/work/mbed/emilmont/mbed_capi/us_ticker_api.c 0x00000000   Number         0  us_ticker_api.o ABSOLUTE
    /home/emimon01/smb/work/mbed/emilmont/mbed_capi/wait_api.c 0x00000000   Number         0  wait_api.o ABSOLUTE
    /home/emimon01/smb/work/mbed/emilmont/mbed_capi/wait_api.c 0x00000000   Number         0  wait_api.o ABSOLUTE
    dc.s                                     0x00000000   Number         0  dc.o ABSOLUTE
    main.cpp                                 0x00000000   Number         0  main.o ABSOLUTE
    main.cpp                                 0x00000000   Number         0  main.o ABSOLUTE
    !!!main                                  0x000000c4   Section        8  __main.o(!!!main)
    !!!scatter                               0x000000cc   Section       52  __scatter.o(!!!scatter)
    !!handler_copy                           0x00000100   Section       26  __scatter_copy.o(!!handler_copy)
    !!handler_zi                             0x0000011c   Section       28  __scatter_zi.o(!!handler_zi)
    .ARM.Collect$$_printf_percent$$00000000  0x00000138   Section        0  _printf_percent.o(.ARM.Collect$$_printf_percent$$00000000)
    .ARM.Collect$$_printf_percent$$00000014  0x00000138   Section        6  _printf_s.o(.ARM.Collect$$_printf_percent$$00000014)
    .ARM.Collect$$_printf_percent$$00000017  0x0000013e   Section        4  _printf_percent_end.o(.ARM.Collect$$_printf_percent$$00000017)
    .ARM.Collect$$libinit$$00000000          0x00000142   Section        2  libinit.o(.ARM.Collect$$libinit$$00000000)
    .ARM.Collect$$libinit$$00000002          0x00000144   Section        0  libinit2.o(.ARM.Collect$$libinit$$00000002)
    .ARM.Collect$$libinit$$00000004          0x00000144   Section        0  libinit2.o(.ARM.Collect$$libinit$$00000004)
    .ARM.Collect$$libinit$$00000005          0x00000144   Section        8  libinit2.o(.ARM.Collect$$libinit$$00000005)
    .ARM.Collect$$libinit$$0000000A          0x0000014c   Section        0  libinit2.o(.ARM.Collect$$libinit$$0000000A)
    .ARM.Collect$$libinit$$0000000C          0x0000014c   Section        0  libinit2.o(.ARM.Collect$$libinit$$0000000C)
    .ARM.Collect$$libinit$$0000000E          0x0000014c   Section        0  libinit2.o(.ARM.Collect$$libinit$$0000000E)
    .ARM.Collect$$libinit$$00000011          0x0000014c   Section        0  libinit2.o(.ARM.Collect$$libinit$$00000011)
    .ARM.Collect$$libinit$$00000013          0x0000014c   Section        0  libinit2.o(.ARM.Collect$$libinit$$00000013)
    .ARM.Collect$$libinit$$00000015          0x0000014c   Section        0  libinit2.o(.ARM.Collect$$libinit$$00000015)
    .ARM.Collect$$libinit$$00000017          0x0000014c   Section        0  libinit2.o(.ARM.Collect$$libinit$$00000017)
    .ARM.Collect$$libinit$$00000019          0x0000014c   Section        0  libinit2.o(.ARM.Collect$$libinit$$00000019)
    .ARM.Collect$$libinit$$0000001B          0x0000014c   Section        0  libinit2.o(.ARM.Collect$$libinit$$0000001B)
    .ARM.Collect$$libinit$$0000001D          0x0000014c   Section        0  libinit2.o(.ARM.Collect$$libinit$$0000001D)
    .ARM.Collect$$libinit$$0000001F          0x0000014c   Section        0  libinit2.o(.ARM.Collect$$libinit$$0000001F)
    .ARM.Collect$$libinit$$00000021          0x0000014c   Section        0  libinit2.o(.ARM.Collect$$libinit$$00000021)
    .ARM.Collect$$libinit$$00000023          0x0000014c   Section        0  libinit2.o(.ARM.Collect$$libinit$$00000023)
    .ARM.Collect$$libinit$$00000025          0x0000014c   Section        0  libinit2.o(.ARM.Collect$$libinit$$00000025)
    .ARM.Collect$$libinit$$0000002C          0x0000014c   Section        0  libinit2.o(.ARM.Collect$$libinit$$0000002C)
    .ARM.Collect$$libinit$$0000002E          0x0000014c   Section        0  libinit2.o(.ARM.Collect$$libinit$$0000002E)
    .ARM.Collect$$libinit$$00000030          0x0000014c   Section        0  libinit2.o(.ARM.Collect$$libinit$$00000030)
    .ARM.Collect$$libinit$$00000031          0x0000014c   Section        4  libinit2.o(.ARM.Collect$$libinit$$00000031)
    .ARM.Collect$$libinit$$00000032          0x00000150   Section        0  libinit2.o(.ARM.Collect$$libinit$$00000032)
    .ARM.Collect$$libinit$$00000033          0x00000150   Section        2  libinit2.o(.ARM.Collect$$libinit$$00000033)
    .ARM.Collect$$libshutdown$$00000001      0x00000152   Section        6  libshutdown2.o(.ARM.Collect$$libshutdown$$00000001)
    .ARM.Collect$$rtentry$$00000000          0x00000158   Section        0  __rtentry.o(.ARM.Collect$$rtentry$$00000000)
    .ARM.Collect$$rtentry$$00000002          0x00000158   Section        0  __rtentry2.o(.ARM.Collect$$rtentry$$00000002)
    .ARM.Collect$$rtentry$$00000004          0x00000158   Section        6  __rtentry4.o(.ARM.Collect$$rtentry$$00000004)
    .ARM.Collect$$rtentry$$00000009          0x0000015e   Section        0  __rtentry2.o(.ARM.Collect$$rtentry$$00000009)
    .ARM.Collect$$rtentry$$0000000A          0x0000015e   Section        4  __rtentry2.o(.ARM.Collect$$rtentry$$0000000A)
    .ARM.Collect$$rtentry$$0000000C          0x00000162   Section        0  __rtentry2.o(.ARM.Collect$$rtentry$$0000000C)
    .ARM.Collect$$rtentry$$0000000D          0x00000162   Section        8  __rtentry2.o(.ARM.Collect$$rtentry$$0000000D)
    .emb_text                                0x0000016c   Section        0  maybetermalloc1.o(.emb_text)
    .text                                    0x0000016c   Section        0  main.o(.text)
    __sti___8_main_cpp_myled1                0x000001a3   Thumb Code    90  main.o(.text)
    .text                                    0x0000021c   Section       36  startup_LPC17xx.o(.text)
    .text                                    0x00000240   Section        0  __2sprintf.o(.text)
    .text                                    0x0000026c   Section        0  __printf.o(.text)
    .text                                    0x000002d4   Section        0  init_aeabi.o(.text)
    .text                                    0x000002f8   Section        2  use_no_semi.o(.text)
    .text                                    0x000002fa   Section        0  indicate_semi.o(.text)
    x$fpl$usenofp                            0x000002fa   Section        0  usenofp.o(x$fpl$usenofp)
    .ARM.__at_0x02FC                         0x000002fc   Section        4  startup_LPC17xx.o(.ARM.__at_0x02FC)
    .text                                    0x00000300   Section        0  _printf_str.o(.text)
    .text                                    0x00000354   Section        0  sys_exit.o(.text)
    .text                                    0x00000360   Section        8  rt_ddtor_pointer_addr.o(.text)
    .text                                    0x00000368   Section        0  h1_alloc.o(.text)
    .text                                    0x000003c6   Section        0  h1_free.o(.text)
    .text                                    0x00000414   Section        0  _printf_char_common.o(.text)
    _printf_input_char                       0x00000415   Thumb Code    10  _printf_char_common.o(.text)
    .text                                    0x00000444   Section        0  _sputc.o(.text)
    .text                                    0x0000044e   Section        0  _printf_char.o(.text)
    .text                                    0x0000047c   Section        8  rt_heap_descriptor.o(.text)
    .text                                    0x00000484   Section        0  hguard.o(.text)
    .text                                    0x00000488   Section        0  init_alloc.o(.text)
    .text                                    0x00000512   Section        0  h1_init.o(.text)
    .text                                    0x00000520   Section        0  defsig_exit.o(.text)
    .text                                    0x0000052a   Section        0  h1_extend.o(.text)
    .text                                    0x0000055e   Section        0  defsig_general.o(.text)
    .text                                    0x00000590   Section        0  defsig_rtmem_outer.o(.text)
    .text                                    0x000005a0   Section        0  heapauxa.o(.text)
    .text                                    0x000005f0   Section        0  sys_wrch.o(.text)
    .text                                    0x00000600   Section        0  defsig_rtmem_inner.o(.text)
    i.SystemInit                             0x00000650   Section        0  system_LPC17xx.o(i.SystemInit)
    i._ZN4mbed10DigitalOutC1E7PinNamePKc     0x000006c8   Section        0  DigitalOut.o(i._ZN4mbed10DigitalOutC1E7PinNamePKc)
    i._ZN4mbed10DigitalOutD0Ev               0x00000700   Section        0  DigitalOut.o(i._ZN4mbed10DigitalOutD0Ev)
    i._ZN4mbed10DigitalOutD1Ev               0x0000070e   Section        0  DigitalOut.o(i._ZN4mbed10DigitalOutD1Ev)
    i._ZN4mbed10DigitalOutaSEi               0x00000712   Section        0  main.o(i._ZN4mbed10DigitalOutaSEi)
    i._ZN4mbed4Base5clearEPKcPc              0x0000072c   Section        0  Base.o(i._ZN4mbed4Base5clearEPKcPc)
    i._ZN4mbed4Base9list_objsEPKcPc          0x00000758   Section        0  Base.o(i._ZN4mbed4Base9list_objsEPKcPc)
    i._ZN4mbed4BaseC1EPKc                    0x00000790   Section        0  Base.o(i._ZN4mbed4BaseC1EPKc)
    i._ZN4mbed4BaseD0Ev                      0x000007b4   Section        0  Base.o(i._ZN4mbed4BaseD0Ev)
    i._ZN4mbed4BaseD1Ev                      0x000007c4   Section        0  Base.o(i._ZN4mbed4BaseD1Ev)
    i._ZdaPv                                 0x000007f4   Section        0  array_del.o(i._ZdaPv)
    i._ZdlPv                                 0x000007fc   Section        0  delete.o(i._ZdlPv)
    i.__aeabi_atexit                         0x00000804   Section        0  aeabi_atexit.o(i.__aeabi_atexit)
    i.__cxa_finalize                         0x00000836   Section        0  cxa_finalize.o(i.__cxa_finalize)
    i.__user_setup_stackheap                 0x00000878   Section        0  sys.o(i.__user_setup_stackheap)
    i.exit                                   0x00000888   Section        0  exit.o(i.exit)
    i.gpio_output                            0x0000089c   Section        0  gpio_api.o(i.gpio_output)
    i.gpio_write                             0x000008c8   Section        0  gpio_api.o(i.gpio_write)
    i.mbed_die                               0x000008e0   Section        0  mbed_interface.o(i.mbed_die)
    i.mbed_interface_connected               0x00000954   Section        0  mbed_interface.o(i.mbed_interface_connected)
    i.pin_function                           0x00000964   Section        0  pinmap.o(i.pin_function)
    i.pin_mode                               0x00000998   Section        0  pinmap.o(i.pin_mode)
    i.semihost_exit                          0x000009ec   Section        0  semihost_api.o(i.semihost_exit)
    i.timer_frequency                        0x000009f8   Section        0  timer_api.o(i.timer_frequency)
    i.timer_init                             0x00000a0c   Section        0  timer_api.o(i.timer_init)
    i.timer_read                             0x00000a74   Section        0  timer_api.o(i.timer_read)
    i.timer_start                            0x00000a78   Section        0  timer_api.o(i.timer_start)
    i.us_ticker_read                         0x00000a80   Section        0  us_ticker_api.o(i.us_ticker_read)
    i.wait                                   0x00000ab8   Section        0  wait_api.o(i.wait)
    i.wait_ms                                0x00000ad8   Section        0  wait_api.o(i.wait_ms)
    i.wait_us                                0x00000ae2   Section        0  wait_api.o(i.wait_us)
    x$fpl$dfix                               0x00000af8   Section       94  dfix.o(x$fpl$dfix)
    x$fpl$dmul                               0x00000b58   Section      340  dmul.o(x$fpl$dmul)
    x$fpl$dnaninf                            0x00000cac   Section      156  dnaninf.o(x$fpl$dnaninf)
    x$fpl$dretinf                            0x00000d48   Section       12  dretinf.o(x$fpl$dretinf)
    x$fpl$f2d                                0x00000d54   Section       86  f2d.o(x$fpl$f2d)
    x$fpl$fnaninf                            0x00000daa   Section      140  fnaninf.o(x$fpl$fnaninf)
    .constdata                               0x00000e38   Section       24  Base.o(.constdata)
    .constdata__ZTVN4mbed10DigitalOutE       0x00000e50   Section       24  DigitalOut.o(.constdata__ZTVN4mbed10DigitalOutE)
    .constdata__ZTVN4mbed4BaseE              0x00000e68   Section       24  Base.o(.constdata__ZTVN4mbed4BaseE)
    .conststring                             0x00000e80   Section       14  Base.o(.conststring)
    .conststring                             0x00000e8e   Section        5  Base.o(.conststring)
    .init_array                              0x00000eb4   Section        4  main.o(.init_array)
    .init_array                              0x00000eb8   Section        0  init_aeabi.o(.init_array)
    .data                                    0x100000c8   Section        4  system_LPC17xx.o(.data)
    .data                                    0x100000cc   Section        8  Base.o(.data)
    .data                                    0x100000d4   Section       12  Base.o(.data)
    .data                                    0x100000e0   Section        4  us_ticker_api.o(.data)
    us_ticker_running                        0x100000e0   Data           4  us_ticker_api.o(.data)
    .data                                    0x100000e4   Section        4  heapauxa.o(.data)
    __rt_heap_escrow_base                    0x100000e4   Data           4  heapauxa.o(.data)
    .bss                                     0x100000e8   Section      112  main.o(.bss)
    .bss                                     0x10000158   Section        4  rt_ddtor_pointer_addr.o(.bss)
    __rt_ddtor_pointer_addr_data             0x10000158   Data           4  rt_ddtor_pointer_addr.o(.bss)
    .bss                                     0x1000015c   Section        4  rt_heap_descriptor.o(.bss)
    __rt_heap_descriptor_data                0x1000015c   Data           4  rt_heap_descriptor.o(.bss)

    Global Symbols

    Symbol Name                              Value     Ov Type        Size  Object(Section)

    BuildAttributes$$THM_ISAv4$P$D$K$B$S$PE$A:L22UL41UL21$X:L11$S22US41US21$IEEE1$IW$USESV6$~STKCKD$USESV7$~SHL$OTIME$ROPI$EBA8$UX$STANDARDLIB$REQ8$PRES8$EABIv2 0x00000000   Number         0  anon$$obj.o ABSOLUTE
    __ARM_use_no_argv                        0x00000000   Number         0  main.o ABSOLUTE
    __Vectors                                0x00000000   Data           4  startup_LPC17xx.o(RESET)
    __dso_handle                             0x00000000   Number         0  startup_LPC17xx.o(RESET)
    _printf_flags                            0x00000000   Number         0  printf_stubs.o ABSOLUTE
    _printf_return_value                     0x00000000   Number         0  printf_stubs.o ABSOLUTE
    _printf_sizespec                         0x00000000   Number         0  printf_stubs.o ABSOLUTE
    _printf_widthprec                        0x00000000   Number         0  printf_stubs.o ABSOLUTE
    SHT$$ARM_EXIDX$$Base                      - Undefined Reference
    SHT$$ARM_EXIDX$$Limit                     - Undefined Reference
    __ARM::default_unexpected_handler()       - Undefined Weak Reference
    __ARM_exceptions_buffer_required          - Undefined Weak Reference
    __ARM_exceptions_init                     - Undefined Weak Reference
    __aeabi_unwind_cpp_pr1                    - Undefined Weak Reference
    __aeabi_unwind_cpp_pr2                    - Undefined Weak Reference
    __alloca_initialize                       - Undefined Weak Reference
    __arm_preinit_                            - Undefined Weak Reference
    __cxa_begin_cleanup                       - Undefined Weak Reference
    __cxa_type_match                          - Undefined Weak Reference
    __rt_lib_shutdown                         - Undefined Weak Reference
    __sigvec_lookup                           - Undefined Weak Reference
    __user_heap_extent                        - Undefined Weak Reference
    _atexit_init                              - Undefined Weak Reference
    _clock_init                               - Undefined Weak Reference
    _fp_trap_init                             - Undefined Weak Reference
    _fp_trap_shutdown                         - Undefined Weak Reference
    _get_lc_collate                           - Undefined Weak Reference
    _get_lc_monetary                          - Undefined Weak Reference
    _get_lc_numeric                           - Undefined Weak Reference
    _get_lc_time                              - Undefined Weak Reference
    _getenv_init                              - Undefined Weak Reference
    _handle_redirection                       - Undefined Weak Reference
    _mutex_acquire                            - Undefined Weak Reference
    _mutex_free                               - Undefined Weak Reference
    _mutex_release                            - Undefined Weak Reference
    _printf_mbtowc                            - Undefined Weak Reference
    _printf_post_padding                      - Undefined Weak Reference
    _printf_pre_padding                       - Undefined Weak Reference
    _printf_truncate_signed                   - Undefined Weak Reference
    _printf_truncate_unsigned                 - Undefined Weak Reference
    _rand_init                                - Undefined Weak Reference
    _scanf_longlong                           - Undefined Weak Reference
    _scanf_mbtowc                             - Undefined Weak Reference
    _scanf_real                               - Undefined Weak Reference
    _scanf_string                             - Undefined Weak Reference
    _scanf_wctomb                             - Undefined Weak Reference
    _scanf_wstring                            - Undefined Weak Reference
    _signal_finish                            - Undefined Weak Reference
    _signal_init                              - Undefined Weak Reference
    __main                                   0x000000c5   Thumb Code     8  __main.o(!!!main)
    __scatterload                            0x000000cd   Thumb Code     0  __scatter.o(!!!scatter)
    __scatterload_rt2                        0x000000cd   Thumb Code    44  __scatter.o(!!!scatter)
    __scatterload_rt2_thumb_only             0x000000cd   Thumb Code     0  __scatter.o(!!!scatter)
    __scatterload_null                       0x000000db   Thumb Code     0  __scatter.o(!!!scatter)
    __scatterload_copy                       0x00000101   Thumb Code    26  __scatter_copy.o(!!handler_copy)
    __scatterload_zeroinit                   0x0000011d   Thumb Code    28  __scatter_zi.o(!!handler_zi)
    _printf_percent                          0x00000139   Thumb Code     0  _printf_percent.o(.ARM.Collect$$_printf_percent$$00000000)
    _printf_s                                0x00000139   Thumb Code     0  _printf_s.o(.ARM.Collect$$_printf_percent$$00000014)
    _printf_percent_end                      0x0000013f   Thumb Code     0  _printf_percent_end.o(.ARM.Collect$$_printf_percent$$00000017)
    __rt_lib_init                            0x00000143   Thumb Code     0  libinit.o(.ARM.Collect$$libinit$$00000000)
    __rt_lib_init_fp_1                       0x00000145   Thumb Code     0  libinit2.o(.ARM.Collect$$libinit$$00000002)
    __rt_lib_init_heap_2                     0x00000145   Thumb Code     0  libinit2.o(.ARM.Collect$$libinit$$00000005)
    __rt_lib_init_preinit_1                  0x00000145   Thumb Code     0  libinit2.o(.ARM.Collect$$libinit$$00000004)
    __rt_lib_init_alloca_1                   0x0000014d   Thumb Code     0  libinit2.o(.ARM.Collect$$libinit$$0000002E)
    __rt_lib_init_argv_1                     0x0000014d   Thumb Code     0  libinit2.o(.ARM.Collect$$libinit$$0000002C)
    __rt_lib_init_atexit_1                   0x0000014d   Thumb Code     0  libinit2.o(.ARM.Collect$$libinit$$0000001B)
    __rt_lib_init_clock_1                    0x0000014d   Thumb Code     0  libinit2.o(.ARM.Collect$$libinit$$00000021)
    __rt_lib_init_cpp_2                      0x0000014d   Thumb Code     0  libinit2.o(.ARM.Collect$$libinit$$00000031)
    __rt_lib_init_exceptions_1               0x0000014d   Thumb Code     0  libinit2.o(.ARM.Collect$$libinit$$00000030)
    __rt_lib_init_fp_trap_1                  0x0000014d   Thumb Code     0  libinit2.o(.ARM.Collect$$libinit$$0000001F)
    __rt_lib_init_getenv_1                   0x0000014d   Thumb Code     0  libinit2.o(.ARM.Collect$$libinit$$00000023)
    __rt_lib_init_heap_1                     0x0000014d   Thumb Code     0  libinit2.o(.ARM.Collect$$libinit$$0000000A)
    __rt_lib_init_lc_collate_1               0x0000014d   Thumb Code     0  libinit2.o(.ARM.Collect$$libinit$$00000011)
    __rt_lib_init_lc_ctype_1                 0x0000014d   Thumb Code     0  libinit2.o(.ARM.Collect$$libinit$$00000013)
    __rt_lib_init_lc_monetary_1              0x0000014d   Thumb Code     0  libinit2.o(.ARM.Collect$$libinit$$00000015)
    __rt_lib_init_lc_numeric_1               0x0000014d   Thumb Code     0  libinit2.o(.ARM.Collect$$libinit$$00000017)
    __rt_lib_init_lc_time_1                  0x0000014d   Thumb Code     0  libinit2.o(.ARM.Collect$$libinit$$00000019)
    __rt_lib_init_rand_1                     0x0000014d   Thumb Code     0  libinit2.o(.ARM.Collect$$libinit$$0000000E)
    __rt_lib_init_signal_1                   0x0000014d   Thumb Code     0  libinit2.o(.ARM.Collect$$libinit$$0000001D)
    __rt_lib_init_stdio_1                    0x0000014d   Thumb Code     0  libinit2.o(.ARM.Collect$$libinit$$00000025)
    __rt_lib_init_user_alloc_1               0x0000014d   Thumb Code     0  libinit2.o(.ARM.Collect$$libinit$$0000000C)
    __rt_lib_init_cpp_1                      0x00000151   Thumb Code     0  libinit2.o(.ARM.Collect$$libinit$$00000032)
    __rt_lib_init_return                     0x00000151   Thumb Code     0  libinit2.o(.ARM.Collect$$libinit$$00000033)
    __rt_lib_shutdown_cpp_1                  0x00000153   Thumb Code     0  libshutdown2.o(.ARM.Collect$$libshutdown$$00000001)
    __rt_entry                               0x00000159   Thumb Code     0  __rtentry.o(.ARM.Collect$$rtentry$$00000000)
    __rt_entry_presh_1                       0x00000159   Thumb Code     0  __rtentry2.o(.ARM.Collect$$rtentry$$00000002)
    __rt_entry_sh                            0x00000159   Thumb Code     0  __rtentry4.o(.ARM.Collect$$rtentry$$00000004)
    __rt_entry_li                            0x0000015f   Thumb Code     0  __rtentry2.o(.ARM.Collect$$rtentry$$0000000A)
    __rt_entry_postsh_1                      0x0000015f   Thumb Code     0  __rtentry2.o(.ARM.Collect$$rtentry$$00000009)
    __rt_entry_main                          0x00000163   Thumb Code     0  __rtentry2.o(.ARM.Collect$$rtentry$$0000000D)
    __rt_entry_postli_1                      0x00000163   Thumb Code     0  __rtentry2.o(.ARM.Collect$$rtentry$$0000000C)
    _maybe_terminate_alloc                   0x0000016d   Thumb Code     0  maybetermalloc1.o(.emb_text)
    main                                     0x0000016d   Thumb Code    54  main.o(.text)
    Reset_Handler                            0x0000021d   Thumb Code     8  startup_LPC17xx.o(.text)
    NMI_Handler                              0x00000225   Thumb Code     2  startup_LPC17xx.o(.text)
    HardFault_Handler                        0x00000227   Thumb Code     2  startup_LPC17xx.o(.text)
    MemManage_Handler                        0x00000229   Thumb Code     2  startup_LPC17xx.o(.text)
    BusFault_Handler                         0x0000022b   Thumb Code     2  startup_LPC17xx.o(.text)
    UsageFault_Handler                       0x0000022d   Thumb Code     2  startup_LPC17xx.o(.text)
    SVC_Handler                              0x0000022f   Thumb Code     2  startup_LPC17xx.o(.text)
    DebugMon_Handler                         0x00000231   Thumb Code     2  startup_LPC17xx.o(.text)
    PendSV_Handler                           0x00000233   Thumb Code     2  startup_LPC17xx.o(.text)
    SysTick_Handler                          0x00000235   Thumb Code     2  startup_LPC17xx.o(.text)
    ADC_IRQHandler                           0x00000237   Thumb Code     0  startup_LPC17xx.o(.text)
    BOD_IRQHandler                           0x00000237   Thumb Code     0  startup_LPC17xx.o(.text)
    CAN_IRQHandler                           0x00000237   Thumb Code     0  startup_LPC17xx.o(.text)
    DMA_IRQHandler                           0x00000237   Thumb Code     0  startup_LPC17xx.o(.text)
    EINT0_IRQHandler                         0x00000237   Thumb Code     0  startup_LPC17xx.o(.text)
    EINT1_IRQHandler                         0x00000237   Thumb Code     0  startup_LPC17xx.o(.text)
    EINT2_IRQHandler                         0x00000237   Thumb Code     0  startup_LPC17xx.o(.text)
    EINT3_IRQHandler                         0x00000237   Thumb Code     0  startup_LPC17xx.o(.text)
    ENET_IRQHandler                          0x00000237   Thumb Code     0  startup_LPC17xx.o(.text)
    I2C0_IRQHandler                          0x00000237   Thumb Code     0  startup_LPC17xx.o(.text)
    I2C1_IRQHandler                          0x00000237   Thumb Code     0  startup_LPC17xx.o(.text)
    I2C2_IRQHandler                          0x00000237   Thumb Code     0  startup_LPC17xx.o(.text)
    I2S_IRQHandler                           0x00000237   Thumb Code     0  startup_LPC17xx.o(.text)
    MCPWM_IRQHandler                         0x00000237   Thumb Code     0  startup_LPC17xx.o(.text)
    PLL0_IRQHandler                          0x00000237   Thumb Code     0  startup_LPC17xx.o(.text)
    PLL1_IRQHandler                          0x00000237   Thumb Code     0  startup_LPC17xx.o(.text)
    PWM1_IRQHandler                          0x00000237   Thumb Code     0  startup_LPC17xx.o(.text)
    QEI_IRQHandler                           0x00000237   Thumb Code     0  startup_LPC17xx.o(.text)
    RIT_IRQHandler                           0x00000237   Thumb Code     0  startup_LPC17xx.o(.text)
    RTC_IRQHandler                           0x00000237   Thumb Code     0  startup_LPC17xx.o(.text)
    SPI_IRQHandler                           0x00000237   Thumb Code     0  startup_LPC17xx.o(.text)
    SSP0_IRQHandler                          0x00000237   Thumb Code     0  startup_LPC17xx.o(.text)
    SSP1_IRQHandler                          0x00000237   Thumb Code     0  startup_LPC17xx.o(.text)
    TIMER0_IRQHandler                        0x00000237   Thumb Code     0  startup_LPC17xx.o(.text)
    TIMER1_IRQHandler                        0x00000237   Thumb Code     0  startup_LPC17xx.o(.text)
    TIMER2_IRQHandler                        0x00000237   Thumb Code     0  startup_LPC17xx.o(.text)
    TIMER3_IRQHandler                        0x00000237   Thumb Code     0  startup_LPC17xx.o(.text)
    UART0_IRQHandler                         0x00000237   Thumb Code     0  startup_LPC17xx.o(.text)
    UART1_IRQHandler                         0x00000237   Thumb Code     0  startup_LPC17xx.o(.text)
    UART2_IRQHandler                         0x00000237   Thumb Code     0  startup_LPC17xx.o(.text)
    UART3_IRQHandler                         0x00000237   Thumb Code     0  startup_LPC17xx.o(.text)
    USB_IRQHandler                           0x00000237   Thumb Code     0  startup_LPC17xx.o(.text)
    WDT_IRQHandler                           0x00000237   Thumb Code     0  startup_LPC17xx.o(.text)
    __2sprintf                               0x00000241   Thumb Code    38  __2sprintf.o(.text)
    __printf                                 0x0000026d   Thumb Code   104  __printf.o(.text)
    __cpp_initialize__aeabi_                 0x000002d5   Thumb Code    26  init_aeabi.o(.text)
    __I$use$semihosting                      0x000002f9   Thumb Code     0  use_no_semi.o(.text)
    __use_no_semihosting_swi                 0x000002f9   Thumb Code     2  use_no_semi.o(.text)
    __I$use$fp                               0x000002fa   Number         0  usenofp.o(x$fpl$usenofp)
    __semihosting_library_function           0x000002fb   Thumb Code     0  indicate_semi.o(.text)
    _printf_str                              0x00000301   Thumb Code    82  _printf_str.o(.text)
    _sys_exit                                0x00000355   Thumb Code     8  sys_exit.o(.text)
    __rt_ddtor_pointer_addr                  0x00000361   Thumb Code     8  rt_ddtor_pointer_addr.o(.text)
    malloc                                   0x00000369   Thumb Code    94  h1_alloc.o(.text)
    free                                     0x000003c7   Thumb Code    78  h1_free.o(.text)
    _printf_char_common                      0x0000041f   Thumb Code    32  _printf_char_common.o(.text)
    _sputc                                   0x00000445   Thumb Code    10  _sputc.o(.text)
    _printf_cs_common                        0x0000044f   Thumb Code    20  _printf_char.o(.text)
    _printf_char                             0x00000463   Thumb Code    16  _printf_char.o(.text)
    _printf_string                           0x00000473   Thumb Code     8  _printf_char.o(.text)
    __rt_heap_descriptor                     0x0000047d   Thumb Code     8  rt_heap_descriptor.o(.text)
    __use_no_heap                            0x00000485   Thumb Code     2  hguard.o(.text)
    __heap$guard                             0x00000487   Thumb Code     2  hguard.o(.text)
    _terminate_user_alloc                    0x00000489   Thumb Code     2  init_alloc.o(.text)
    _init_user_alloc                         0x0000048b   Thumb Code     2  init_alloc.o(.text)
    __Heap_Full                              0x0000048d   Thumb Code    34  init_alloc.o(.text)
    __Heap_Broken                            0x000004af   Thumb Code     6  init_alloc.o(.text)
    _init_alloc                              0x000004b5   Thumb Code    94  init_alloc.o(.text)
    __Heap_Initialize                        0x00000513   Thumb Code    10  h1_init.o(.text)
    __Heap_DescSize                          0x0000051d   Thumb Code     4  h1_init.o(.text)
    __sig_exit                               0x00000521   Thumb Code    10  defsig_exit.o(.text)
    __Heap_ProvideMemory                     0x0000052b   Thumb Code    52  h1_extend.o(.text)
    __default_signal_display                 0x0000055f   Thumb Code    50  defsig_general.o(.text)
    __rt_SIGRTMEM                            0x00000591   Thumb Code    14  defsig_rtmem_outer.o(.text)
    __rt_heap_escrow                         0x000005a1   Thumb Code    22  heapauxa.o(.text)
    __rt_heap_expand                         0x000005b7   Thumb Code    52  heapauxa.o(.text)
    _ttywrch                                 0x000005f1   Thumb Code    14  sys_wrch.o(.text)
    __rt_SIGRTMEM_inner                      0x00000601   Thumb Code    22  defsig_rtmem_inner.o(.text)
    SystemInit                               0x00000651   Thumb Code   110  system_LPC17xx.o(i.SystemInit)
    mbed::DigitalOut::DigitalOut(PinName, const char*) 0x000006c9   Thumb Code    50  DigitalOut.o(i._ZN4mbed10DigitalOutC1E7PinNamePKc)
    mbed::DigitalOut::DigitalOut__sub_object(PinName, const char*) 0x000006c9   Thumb Code     0  DigitalOut.o(i._ZN4mbed10DigitalOutC1E7PinNamePKc)
    mbed::DigitalOut::~DigitalOut__deallocating() 0x00000701   Thumb Code    14  DigitalOut.o(i._ZN4mbed10DigitalOutD0Ev)
    mbed::DigitalOut::~DigitalOut()          0x0000070f   Thumb Code     4  DigitalOut.o(i._ZN4mbed10DigitalOutD1Ev)
    mbed::DigitalOut::~DigitalOut__sub_object() 0x0000070f   Thumb Code     0  DigitalOut.o(i._ZN4mbed10DigitalOutD1Ev)
    mbed::DigitalOut::operator =(int)        0x00000713   Thumb Code    24  main.o(i._ZN4mbed10DigitalOutaSEi)
    mbed::Base::clear(const char*, char*)    0x0000072d   Thumb Code    38  Base.o(i._ZN4mbed4Base5clearEPKcPc)
    mbed::Base::list_objs(const char*, char*) 0x00000759   Thumb Code    46  Base.o(i._ZN4mbed4Base9list_objsEPKcPc)
    mbed::Base::Base(const char*)            0x00000791   Thumb Code    26  Base.o(i._ZN4mbed4BaseC1EPKc)
    mbed::Base::Base__sub_object(const char*) 0x00000791   Thumb Code     0  Base.o(i._ZN4mbed4BaseC1EPKc)
    mbed::Base::~Base__deallocating()        0x000007b5   Thumb Code    14  Base.o(i._ZN4mbed4BaseD0Ev)
    mbed::Base::~Base()                      0x000007c5   Thumb Code    38  Base.o(i._ZN4mbed4BaseD1Ev)
    mbed::Base::~Base__sub_object()          0x000007c5   Thumb Code     0  Base.o(i._ZN4mbed4BaseD1Ev)
    operator delete[] (void*)                0x000007f5   Thumb Code     8  array_del.o(i._ZdaPv)
    operator delete (void*)                  0x000007fd   Thumb Code     8  delete.o(i._ZdlPv)
    __aeabi_atexit                           0x00000805   Thumb Code    50  aeabi_atexit.o(i.__aeabi_atexit)
    __cxa_finalize                           0x00000837   Thumb Code    66  cxa_finalize.o(i.__cxa_finalize)
    __user_setup_stackheap                   0x00000879   Thumb Code    10  sys.o(i.__user_setup_stackheap)
    exit                                     0x00000889   Thumb Code    20  exit.o(i.exit)
    gpio_output                              0x0000089d   Thumb Code    44  gpio_api.o(i.gpio_output)
    gpio_write                               0x000008c9   Thumb Code    22  gpio_api.o(i.gpio_write)
    mbed_die                                 0x000008e1   Thumb Code   110  mbed_interface.o(i.mbed_die)
    mbed_interface_connected                 0x00000955   Thumb Code    10  mbed_interface.o(i.mbed_interface_connected)
    pin_function                             0x00000965   Thumb Code    42  pinmap.o(i.pin_function)
    pin_mode                                 0x00000999   Thumb Code    76  pinmap.o(i.pin_mode)
    semihost_exit                            0x000009ed   Thumb Code    12  semihost_api.o(i.semihost_exit)
    timer_frequency                          0x000009f9   Thumb Code    16  timer_api.o(i.timer_frequency)
    timer_init                               0x00000a0d   Thumb Code    92  timer_api.o(i.timer_init)
    timer_read                               0x00000a75   Thumb Code     4  timer_api.o(i.timer_read)
    timer_start                              0x00000a79   Thumb Code     6  timer_api.o(i.timer_start)
    us_ticker_read                           0x00000a81   Thumb Code    44  us_ticker_api.o(i.us_ticker_read)
    wait                                     0x00000ab9   Thumb Code    26  wait_api.o(i.wait)
    wait_ms                                  0x00000ad9   Thumb Code    10  wait_api.o(i.wait_ms)
    wait_us                                  0x00000ae3   Thumb Code    22  wait_api.o(i.wait_us)
    __aeabi_d2iz                             0x00000af9   Thumb Code     0  dfix.o(x$fpl$dfix)
    _dfix                                    0x00000af9   Thumb Code    94  dfix.o(x$fpl$dfix)
    __aeabi_dmul                             0x00000b59   Thumb Code     0  dmul.o(x$fpl$dmul)
    _dmul                                    0x00000b59   Thumb Code   332  dmul.o(x$fpl$dmul)
    __fpl_dnaninf                            0x00000cad   Thumb Code   156  dnaninf.o(x$fpl$dnaninf)
    __fpl_dretinf                            0x00000d49   Thumb Code    12  dretinf.o(x$fpl$dretinf)
    __aeabi_f2d                              0x00000d55   Thumb Code     0  f2d.o(x$fpl$f2d)
    _f2d                                     0x00000d55   Thumb Code    86  f2d.o(x$fpl$f2d)
    __fpl_fnaninf                            0x00000dab   Thumb Code   140  fnaninf.o(x$fpl$fnaninf)
    mbed::Base::_base_funcs                  0x00000e38   Data          24  Base.o(.constdata)
    vtable for mbed::DigitalOut              0x00000e50   Data          24  DigitalOut.o(.constdata__ZTVN4mbed10DigitalOutE)
    vtable for mbed::Base                    0x00000e68   Data          24  Base.o(.constdata__ZTVN4mbed4BaseE)
    Region$$Table$$Base                      0x00000e94   Number         0  anon$$obj.o(Region$$Table)
    Region$$Table$$Limit                     0x00000eb4   Number         0  anon$$obj.o(Region$$Table)
    SHT$$INIT_ARRAY$$Base                    0x00000eb4   Number         0  main.o(.init_array)
    SHT$$INIT_ARRAY$$Limit                   0x00000eb8   Number         0  init_aeabi.o(.init_array)
    SystemCoreClock                          0x100000c8   Data           4  system_LPC17xx.o(.data)
    mbed::Base::_head                        0x100000cc   Data           4  Base.o(.data)
    mbed::Base::_classes                     0x100000d0   Data           4  Base.o(.data)
    mbed::Base::_base_class                  0x100000d4   Data          12  Base.o(.data)
    myled1                                   0x100000e8   Data          28  main.o(.bss)
    myled2                                   0x10000104   Data          28  main.o(.bss)
    myled3                                   0x10000120   Data          28  main.o(.bss)
    myled4                                   0x1000013c   Data          28  main.o(.bss)
    Image$$RW_IRAM1$$ZI$$Limit               0x10000160   Number         0  anon$$obj.o ABSOLUTE



==============================================================================

Memory Map of the image

  Image Entry point : 0x000000c5

  Load Region LR_IROM1 (Base: 0x00000000, Size: 0x00000ed8, Max: 0x00080000, ABSOLUTE)

    Execution Region ER_IROM1 (Base: 0x00000000, Size: 0x00000eb8, Max: 0x00080000, ABSOLUTE)

    Base Addr    Size         Type   Attr      Idx    E Section Name        Object

    0x00000000   0x000000c4   Data   RO          238    RESET               startup_LPC17xx.o
    0x000000c4   0x00000008   Code   RO          715  * !!!main             c_w.l(__main.o)
    0x000000cc   0x00000034   Code   RO         1388    !!!scatter          c_w.l(__scatter.o)
    0x00000100   0x0000001a   Code   RO         1390    !!handler_copy      c_w.l(__scatter_copy.o)
    0x0000011a   0x00000002   PAD
    0x0000011c   0x0000001c   Code   RO         1392    !!handler_zi        c_w.l(__scatter_zi.o)
    0x00000138   0x00000000   Code   RO          683    .ARM.Collect$$_printf_percent$$00000000  c_w.l(_printf_percent.o)
    0x00000138   0x00000006   Code   RO          679    .ARM.Collect$$_printf_percent$$00000014  c_w.l(_printf_s.o)
    0x0000013e   0x00000004   Code   RO         1015    .ARM.Collect$$_printf_percent$$00000017  c_w.l(_printf_percent_end.o)
    0x00000142   0x00000002   Code   RO         1328    .ARM.Collect$$libinit$$00000000  c_w.l(libinit.o)
    0x00000144   0x00000000   Code   RO         1042    .ARM.Collect$$libinit$$00000002  c_w.l(libinit2.o)
    0x00000144   0x00000000   Code   RO         1044    .ARM.Collect$$libinit$$00000004  c_w.l(libinit2.o)
    0x00000144   0x00000008   Code   RO         1045    .ARM.Collect$$libinit$$00000005  c_w.l(libinit2.o)
    0x0000014c   0x00000000   Code   RO         1047    .ARM.Collect$$libinit$$0000000A  c_w.l(libinit2.o)
    0x0000014c   0x00000000   Code   RO         1049    .ARM.Collect$$libinit$$0000000C  c_w.l(libinit2.o)
    0x0000014c   0x00000000   Code   RO         1051    .ARM.Collect$$libinit$$0000000E  c_w.l(libinit2.o)
    0x0000014c   0x00000000   Code   RO         1054    .ARM.Collect$$libinit$$00000011  c_w.l(libinit2.o)
    0x0000014c   0x00000000   Code   RO         1056    .ARM.Collect$$libinit$$00000013  c_w.l(libinit2.o)
    0x0000014c   0x00000000   Code   RO         1058    .ARM.Collect$$libinit$$00000015  c_w.l(libinit2.o)
    0x0000014c   0x00000000   Code   RO         1060    .ARM.Collect$$libinit$$00000017  c_w.l(libinit2.o)
    0x0000014c   0x00000000   Code   RO         1062    .ARM.Collect$$libinit$$00000019  c_w.l(libinit2.o)
    0x0000014c   0x00000000   Code   RO         1064    .ARM.Collect$$libinit$$0000001B  c_w.l(libinit2.o)
    0x0000014c   0x00000000   Code   RO         1066    .ARM.Collect$$libinit$$0000001D  c_w.l(libinit2.o)
    0x0000014c   0x00000000   Code   RO         1068    .ARM.Collect$$libinit$$0000001F  c_w.l(libinit2.o)
    0x0000014c   0x00000000   Code   RO         1070    .ARM.Collect$$libinit$$00000021  c_w.l(libinit2.o)
    0x0000014c   0x00000000   Code   RO         1072    .ARM.Collect$$libinit$$00000023  c_w.l(libinit2.o)
    0x0000014c   0x00000000   Code   RO         1074    .ARM.Collect$$libinit$$00000025  c_w.l(libinit2.o)
    0x0000014c   0x00000000   Code   RO         1078    .ARM.Collect$$libinit$$0000002C  c_w.l(libinit2.o)
    0x0000014c   0x00000000   Code   RO         1080    .ARM.Collect$$libinit$$0000002E  c_w.l(libinit2.o)
    0x0000014c   0x00000000   Code   RO         1082    .ARM.Collect$$libinit$$00000030  c_w.l(libinit2.o)
    0x0000014c   0x00000004   Code   RO         1083    .ARM.Collect$$libinit$$00000031  c_w.l(libinit2.o)
    0x00000150   0x00000000   Code   RO         1084    .ARM.Collect$$libinit$$00000032  c_w.l(libinit2.o)
    0x00000150   0x00000002   Code   RO         1085    .ARM.Collect$$libinit$$00000033  c_w.l(libinit2.o)
    0x00000152   0x00000006   Code   RO         1086    .ARM.Collect$$libshutdown$$00000001  c_w.l(libshutdown2.o)
    0x00000158   0x00000000   Code   RO          922    .ARM.Collect$$rtentry$$00000000  c_w.l(__rtentry.o)
    0x00000158   0x00000000   Code   RO         1166    .ARM.Collect$$rtentry$$00000002  c_w.l(__rtentry2.o)
    0x00000158   0x00000006   Code   RO         1178    .ARM.Collect$$rtentry$$00000004  c_w.l(__rtentry4.o)
    0x0000015e   0x00000000   Code   RO         1168    .ARM.Collect$$rtentry$$00000009  c_w.l(__rtentry2.o)
    0x0000015e   0x00000004   Code   RO         1169    .ARM.Collect$$rtentry$$0000000A  c_w.l(__rtentry2.o)
    0x00000162   0x00000000   Code   RO         1171    .ARM.Collect$$rtentry$$0000000C  c_w.l(__rtentry2.o)
    0x00000162   0x00000008   Code   RO         1172    .ARM.Collect$$rtentry$$0000000D  c_w.l(__rtentry2.o)
    0x0000016a   0x00000002   PAD
    0x0000016c   0x00000000   Code   RO         1292    .emb_text           c_w.l(maybetermalloc1.o)
    0x0000016c   0x000000b0   Code   RO            2    .text               main.o
    0x0000021c   0x00000024   Code   RO          240    .text               startup_LPC17xx.o
    0x00000240   0x0000002c   Code   RO          626    .text               c_w.l(__2sprintf.o)
    0x0000026c   0x00000068   Code   RO          632    .text               c_w.l(__printf.o)
    0x000002d4   0x00000024   Code   RO          720    .text               c_w.l(init_aeabi.o)
    0x000002f8   0x00000002   Code   RO         1160    .text               c_w.l(use_no_semi.o)
    0x000002fa   0x00000000   Code   RO         1164    .text               c_w.l(indicate_semi.o)
    0x000002fa   0x00000000   Code   RO         1156    x$fpl$usenofp       fz_ws.l(usenofp.o)
    0x000002fa   0x00000002   PAD
    0x000002fc   0x00000004   Code   RO          239    .ARM.__at_0x02FC    startup_LPC17xx.o
    0x00000300   0x00000052   Code   RO          634    .text               c_w.l(_printf_str.o)
    0x00000352   0x00000002   PAD
    0x00000354   0x0000000c   Code   RO          920    .text               c_w.l(sys_exit.o)
    0x00000360   0x00000008   Code   RO          933    .text               c_w.l(rt_ddtor_pointer_addr.o)
    0x00000368   0x0000005e   Code   RO          947    .text               c_w.l(h1_alloc.o)
    0x000003c6   0x0000004e   Code   RO          949    .text               c_w.l(h1_free.o)
    0x00000414   0x00000030   Code   RO         1007    .text               c_w.l(_printf_char_common.o)
    0x00000444   0x0000000a   Code   RO         1009    .text               c_w.l(_sputc.o)
    0x0000044e   0x0000002c   Code   RO         1011    .text               c_w.l(_printf_char.o)
    0x0000047a   0x00000002   PAD
    0x0000047c   0x00000008   Code   RO         1182    .text               c_w.l(rt_heap_descriptor.o)
    0x00000484   0x00000004   Code   RO         1187    .text               c_w.l(hguard.o)
    0x00000488   0x0000008a   Code   RO         1189    .text               c_w.l(init_alloc.o)
    0x00000512   0x0000000e   Code   RO         1193    .text               c_w.l(h1_init.o)
    0x00000520   0x0000000a   Code   RO         1234    .text               c_w.l(defsig_exit.o)
    0x0000052a   0x00000034   Code   RO         1294    .text               c_w.l(h1_extend.o)
    0x0000055e   0x00000032   Code   RO         1306    .text               c_w.l(defsig_general.o)
    0x00000590   0x0000000e   Code   RO         1310    .text               c_w.l(defsig_rtmem_outer.o)
    0x0000059e   0x00000002   PAD
    0x000005a0   0x00000050   Code   RO         1314    .text               c_w.l(heapauxa.o)
    0x000005f0   0x0000000e   Code   RO         1345    .text               c_w.l(sys_wrch.o)
    0x000005fe   0x00000002   PAD
    0x00000600   0x00000050   Code   RO         1359    .text               c_w.l(defsig_rtmem_inner.o)
    0x00000650   0x00000078   Code   RO          230    i.SystemInit        system_LPC17xx.o
    0x000006c8   0x00000038   Code   RO          245    i._ZN4mbed10DigitalOutC1E7PinNamePKc  mbed.ar(DigitalOut.o)
    0x00000700   0x0000000e   Code   RO          289    i._ZN4mbed10DigitalOutD0Ev  mbed.ar(DigitalOut.o)
    0x0000070e   0x00000004   Code   RO          262    i._ZN4mbed10DigitalOutD1Ev  mbed.ar(DigitalOut.o)
    0x00000712   0x00000018   Code   RO           20    i._ZN4mbed10DigitalOutaSEi  main.o
    0x0000072a   0x00000002   PAD
    0x0000072c   0x0000002c   Code   RO          310    i._ZN4mbed4Base5clearEPKcPc  mbed.ar(Base.o)
    0x00000758   0x00000038   Code   RO          314    i._ZN4mbed4Base9list_objsEPKcPc  mbed.ar(Base.o)
    0x00000790   0x00000024   Code   RO          315    i._ZN4mbed4BaseC1EPKc  mbed.ar(Base.o)
    0x000007b4   0x0000000e   Code   RO          316    i._ZN4mbed4BaseD0Ev  mbed.ar(Base.o)
    0x000007c2   0x00000002   PAD
    0x000007c4   0x00000030   Code   RO          317    i._ZN4mbed4BaseD1Ev  mbed.ar(Base.o)
    0x000007f4   0x00000008   Code   RO          723    i._ZdaPv            cpprt_w.l(array_del.o)
    0x000007fc   0x00000008   Code   RO          730    i._ZdlPv            cpprt_w.l(delete.o)
    0x00000804   0x00000032   Code   RO          877    i.__aeabi_atexit    cpprt_w.l(aeabi_atexit.o)
    0x00000836   0x00000042   Code   RO         1125    i.__cxa_finalize    cpprt_w.l(cxa_finalize.o)
    0x00000878   0x00000010   Code   RO          235    i.__user_setup_stackheap  sys.o
    0x00000888   0x00000014   Code   RO          566    i.exit              capi.ar(exit.o)
    0x0000089c   0x0000002c   Code   RO          503    i.gpio_output       capi.ar(gpio_api.o)
    0x000008c8   0x00000016   Code   RO          505    i.gpio_write        capi.ar(gpio_api.o)
    0x000008de   0x00000002   PAD
    0x000008e0   0x00000074   Code   RO          601    i.mbed_die          capi.ar(mbed_interface.o)
    0x00000954   0x00000010   Code   RO          602    i.mbed_interface_connected  capi.ar(mbed_interface.o)
    0x00000964   0x00000034   Code   RO          555    i.pin_function      capi.ar(pinmap.o)
    0x00000998   0x00000054   Code   RO          556    i.pin_mode          capi.ar(pinmap.o)
    0x000009ec   0x0000000c   Code   RO          571    i.semihost_exit     capi.ar(semihost_api.o)
    0x000009f8   0x00000014   Code   RO          540    i.timer_frequency   capi.ar(timer_api.o)
    0x00000a0c   0x00000068   Code   RO          541    i.timer_init        capi.ar(timer_api.o)
    0x00000a74   0x00000004   Code   RO          542    i.timer_read        capi.ar(timer_api.o)
    0x00000a78   0x00000006   Code   RO          543    i.timer_start       capi.ar(timer_api.o)
    0x00000a7e   0x00000002   PAD
    0x00000a80   0x00000038   Code   RO          496    i.us_ticker_read    capi.ar(us_ticker_api.o)
    0x00000ab8   0x00000020   Code   RO          389    i.wait              capi.ar(wait_api.o)
    0x00000ad8   0x0000000a   Code   RO          390    i.wait_ms           capi.ar(wait_api.o)
    0x00000ae2   0x00000016   Code   RO          391    i.wait_us           capi.ar(wait_api.o)
    0x00000af8   0x0000005e   Code   RO          886    x$fpl$dfix          fz_ws.l(dfix.o)
    0x00000b56   0x00000002   PAD
    0x00000b58   0x00000154   Code   RO          896    x$fpl$dmul          fz_ws.l(dmul.o)
    0x00000cac   0x0000009c   Code   RO         1146    x$fpl$dnaninf       fz_ws.l(dnaninf.o)
    0x00000d48   0x0000000c   Code   RO         1148    x$fpl$dretinf       fz_ws.l(dretinf.o)
    0x00000d54   0x00000056   Code   RO          898    x$fpl$f2d           fz_ws.l(f2d.o)
    0x00000daa   0x0000008c   Code   RO         1152    x$fpl$fnaninf       fz_ws.l(fnaninf.o)
    0x00000e36   0x00000002   PAD
    0x00000e38   0x00000018   Data   RO          333    .constdata          mbed.ar(Base.o)
    0x00000e50   0x00000018   Data   RO          259    .constdata__ZTVN4mbed10DigitalOutE  mbed.ar(DigitalOut.o)
    0x00000e68   0x00000018   Data   RO          359    .constdata__ZTVN4mbed4BaseE  mbed.ar(Base.o)
    0x00000e80   0x0000000e   Data   RO          335    .conststring        mbed.ar(Base.o)
    0x00000e8e   0x00000005   Data   RO          336    .conststring        mbed.ar(Base.o)
    0x00000e93   0x00000001   PAD
    0x00000e94   0x00000020   Data   RO         1387    Region$$Table       anon$$obj.o
    0x00000eb4   0x00000004   Data   RO            5    .init_array         main.o
    0x00000eb8   0x00000000   Data   RO          718    .init_array         c_w.l(init_aeabi.o)


    Execution Region RW_IRAM1 (Base: 0x100000c8, Size: 0x00000098, Max: 0x00007f38, ABSOLUTE)

    Base Addr    Size         Type   Attr      Idx    E Section Name        Object

    0x100000c8   0x00000004   Data   RW          231    .data               system_LPC17xx.o
    0x100000cc   0x00000008   Data   RW          337    .data               mbed.ar(Base.o)
    0x100000d4   0x0000000c   Data   RW          338    .data               mbed.ar(Base.o)
    0x100000e0   0x00000004   Data   RW          497    .data               capi.ar(us_ticker_api.o)
    0x100000e4   0x00000004   Data   RW         1315    .data               c_w.l(heapauxa.o)
    0x100000e8   0x00000070   Zero   RW            4    .bss                main.o
    0x10000158   0x00000004   Zero   RW          934    .bss                c_w.l(rt_ddtor_pointer_addr.o)
    0x1000015c   0x00000004   Zero   RW         1183    .bss                c_w.l(rt_heap_descriptor.o)


    Execution Region RW_IRAM2 (Base: 0x2007c000, Size: 0x00000000, Max: 0x00004000, ABSOLUTE)

    **** No section assigned to this execution region ****


    Execution Region RW_IRAM3 (Base: 0x20080000, Size: 0x00000000, Max: 0x00004000, ABSOLUTE)

    **** No section assigned to this execution region ****


    Execution Region RW_IRAM4 (Base: 0x40038000, Size: 0x00000000, Max: 0x00000800, ABSOLUTE)

    **** No section assigned to this execution region ****


==============================================================================

Image component sizes


      Code (inc. data)   RO Data    RW Data    ZI Data      Debug   Object Name

       200         32          4          0        112      31268   main.o
        40         12        196          0          0        228   startup_LPC17xx.o
        16          6          0          0          0         68   sys.o
       120         10          0          4          0         68   system_LPC17xx.o

    ----------------------------------------------------------------------
       378         60        232          4        112      31632   Object Totals
         0          0         32          0          0          0   (incl. Generated)
         2          0          0          0          0          0   (incl. Padding)

    ----------------------------------------------------------------------

      Code (inc. data)   RO Data    RW Data    ZI Data      Debug   Library Member Name

        44          6          0          0          0         84   __2sprintf.o
         8          0          0          0          0         68   __main.o
       104          0          0          0          0         84   __printf.o
         0          0          0          0          0          0   __rtentry.o
        12          0          0          0          0          0   __rtentry2.o
         6          0          0          0          0          0   __rtentry4.o
        52          8          0          0          0          0   __scatter.o
        26          0          0          0          0          0   __scatter_copy.o
        28          0          0          0          0          0   __scatter_zi.o
        44          0          0          0          0        108   _printf_char.o
        48          6          0          0          0         96   _printf_char_common.o
         0          0          0          0          0          0   _printf_percent.o
         4          0          0          0          0          0   _printf_percent_end.o
         6          0          0          0          0          0   _printf_s.o
        82          0          0          0          0         80   _printf_str.o
        10          0          0          0          0         68   _sputc.o
        10          0          0          0          0         68   defsig_exit.o
        50          0          0          0          0         88   defsig_general.o
        80         58          0          0          0         76   defsig_rtmem_inner.o
        14          0          0          0          0         80   defsig_rtmem_outer.o
        94          0          0          0          0         80   h1_alloc.o
        52          0          0          0          0         68   h1_extend.o
        78          0          0          0          0         80   h1_free.o
        14          0          0          0          0         84   h1_init.o
        80          6          0          4          0         96   heapauxa.o
         4          0          0          0          0        136   hguard.o
         0          0          0          0          0          0   indicate_semi.o
        36         10          0          0          0         80   init_aeabi.o
       138          0          0          0          0        168   init_alloc.o
         2          0          0          0          0          0   libinit.o
        14          0          0          0          0          0   libinit2.o
         6          0          0          0          0          0   libshutdown2.o
         0          0          0          0          0          0   maybetermalloc1.o
         8          4          0          0          4         68   rt_ddtor_pointer_addr.o
         8          4          0          0          4         68   rt_heap_descriptor.o
        12          4          0          0          0         68   sys_exit.o
        14          0          0          0          0         76   sys_wrch.o
         2          0          0          0          0         68   use_no_semi.o
        20          0          0          0          0         72   exit.o
        66          0          0          0          0        148   gpio_api.o
       132         12          0          0          0        140   mbed_interface.o
       136         18          0          0          0        160   pinmap.o
        12          0          0          0          0         80   semihost_api.o
       134         16          0          0          0        280   timer_api.o
        56         12          0          4          0         88   us_ticker_api.o
        64          6          0          0          0        228   wait_api.o
        50          0          0          0          0         84   aeabi_atexit.o
         8          0          0          0          0         76   array_del.o
        66          0          0          0          0         84   cxa_finalize.o
         8          0          0          0          0         76   delete.o
        94          4          0          0          0         92   dfix.o
       340         12          0          0          0        104   dmul.o
       156          4          0          0          0         92   dnaninf.o
        12          0          0          0          0         68   dretinf.o
        86          4          0          0          0         84   f2d.o
       140          4          0          0          0         84   fnaninf.o
         0          0          0          0          0          0   usenofp.o
       198         36         67         20          0        376   Base.o
        74          6         24          0          0        228   DigitalOut.o

    ----------------------------------------------------------------------
      3066        240         92         28          8       4684   Library Totals
        24          0          1          0          0          0   (incl. Padding)

    ----------------------------------------------------------------------

      Code (inc. data)   RO Data    RW Data    ZI Data      Debug   Library Name

      1190        106          0          4          8       2040   c_w.l
       620         64          0          4          0       1196   capi.ar
       132          0          0          0          0        320   cpprt_w.l
       828         28          0          0          0        524   fz_ws.l
       272         42         91         20          0        604   mbed.ar

    ----------------------------------------------------------------------
      3066        240         92         28          8       4684   Library Totals

    ----------------------------------------------------------------------

==============================================================================


      Code (inc. data)   RO Data    RW Data    ZI Data      Debug   

      3444        300        324         32        120      33556   Grand Totals
      3444        300        324         32        120      33556   ELF Image Totals
      3444        300        324         32          0          0   ROM Totals

==============================================================================

    Total RO  Size (Code + RO Data)                 3768 (   3.68kB)
    Total RW  Size (RW Data + ZI Data)               152 (   0.15kB)
    Total ROM Size (Code + RO Data + RW Data)       3800 (   3.71kB)

==============================================================================

